Archive member included to satisfy reference by file (symbol)

d:/project/coffee/ide/tools/gnu tools arm embedded/xpack-arm-none-eabi-gcc/9.2.1-1.1/bin/../lib/gcc/arm-none-eabi/9.2.1/../../../../arm-none-eabi/lib/thumb/v7e-m/nofp\libg_nano.a(lib_a-exit.o)
                              d:/project/coffee/ide/tools/gnu tools arm embedded/xpack-arm-none-eabi-gcc/9.2.1-1.1/bin/../lib/gcc/arm-none-eabi/9.2.1/../../../../arm-none-eabi/lib/thumb/v7e-m/nofp/crt0.o (exit)
d:/project/coffee/ide/tools/gnu tools arm embedded/xpack-arm-none-eabi-gcc/9.2.1-1.1/bin/../lib/gcc/arm-none-eabi/9.2.1/../../../../arm-none-eabi/lib/thumb/v7e-m/nofp\libg_nano.a(lib_a-impure.o)
                              d:/project/coffee/ide/tools/gnu tools arm embedded/xpack-arm-none-eabi-gcc/9.2.1-1.1/bin/../lib/gcc/arm-none-eabi/9.2.1/../../../../arm-none-eabi/lib/thumb/v7e-m/nofp\libg_nano.a(lib_a-exit.o) (_global_impure_ptr)
d:/project/coffee/ide/tools/gnu tools arm embedded/xpack-arm-none-eabi-gcc/9.2.1-1.1/bin/../lib/gcc/arm-none-eabi/9.2.1/../../../../arm-none-eabi/lib/thumb/v7e-m/nofp\libg_nano.a(lib_a-init.o)
                              d:/project/coffee/ide/tools/gnu tools arm embedded/xpack-arm-none-eabi-gcc/9.2.1-1.1/bin/../lib/gcc/arm-none-eabi/9.2.1/../../../../arm-none-eabi/lib/thumb/v7e-m/nofp/crt0.o (__libc_init_array)
d:/project/coffee/ide/tools/gnu tools arm embedded/xpack-arm-none-eabi-gcc/9.2.1-1.1/bin/../lib/gcc/arm-none-eabi/9.2.1/../../../../arm-none-eabi/lib/thumb/v7e-m/nofp\libg_nano.a(lib_a-memset.o)
                              d:/project/coffee/ide/tools/gnu tools arm embedded/xpack-arm-none-eabi-gcc/9.2.1-1.1/bin/../lib/gcc/arm-none-eabi/9.2.1/../../../../arm-none-eabi/lib/thumb/v7e-m/nofp/crt0.o (memset)
d:/project/coffee/ide/tools/gnu tools arm embedded/xpack-arm-none-eabi-gcc/9.2.1-1.1/bin/../lib/gcc/arm-none-eabi/9.2.1/../../../../arm-none-eabi/lib/thumb/v7e-m/nofp\libg_nano.a(lib_a-printf.o)
                              ./src/main.o (printf)
d:/project/coffee/ide/tools/gnu tools arm embedded/xpack-arm-none-eabi-gcc/9.2.1-1.1/bin/../lib/gcc/arm-none-eabi/9.2.1/../../../../arm-none-eabi/lib/thumb/v7e-m/nofp\libg_nano.a(lib_a-reent.o)
                              ./Firmware/CMSIS/GD/GD32F30x/Source/syscalls.o (errno)
d:/project/coffee/ide/tools/gnu tools arm embedded/xpack-arm-none-eabi-gcc/9.2.1-1.1/bin/../lib/gcc/arm-none-eabi/9.2.1/../../../../arm-none-eabi/lib/thumb/v7e-m/nofp\libg_nano.a(lib_a-findfp.o)
                              d:/project/coffee/ide/tools/gnu tools arm embedded/xpack-arm-none-eabi-gcc/9.2.1-1.1/bin/../lib/gcc/arm-none-eabi/9.2.1/../../../../arm-none-eabi/lib/thumb/v7e-m/nofp\libg_nano.a(lib_a-printf.o) (__sinit)
d:/project/coffee/ide/tools/gnu tools arm embedded/xpack-arm-none-eabi-gcc/9.2.1-1.1/bin/../lib/gcc/arm-none-eabi/9.2.1/../../../../arm-none-eabi/lib/thumb/v7e-m/nofp\libg_nano.a(lib_a-fwalk.o)
                              d:/project/coffee/ide/tools/gnu tools arm embedded/xpack-arm-none-eabi-gcc/9.2.1-1.1/bin/../lib/gcc/arm-none-eabi/9.2.1/../../../../arm-none-eabi/lib/thumb/v7e-m/nofp\libg_nano.a(lib_a-findfp.o) (_fwalk)
d:/project/coffee/ide/tools/gnu tools arm embedded/xpack-arm-none-eabi-gcc/9.2.1-1.1/bin/../lib/gcc/arm-none-eabi/9.2.1/../../../../arm-none-eabi/lib/thumb/v7e-m/nofp\libg_nano.a(lib_a-lock.o)
                              d:/project/coffee/ide/tools/gnu tools arm embedded/xpack-arm-none-eabi-gcc/9.2.1-1.1/bin/../lib/gcc/arm-none-eabi/9.2.1/../../../../arm-none-eabi/lib/thumb/v7e-m/nofp\libg_nano.a(lib_a-findfp.o) (__retarget_lock_init_recursive)
d:/project/coffee/ide/tools/gnu tools arm embedded/xpack-arm-none-eabi-gcc/9.2.1-1.1/bin/../lib/gcc/arm-none-eabi/9.2.1/../../../../arm-none-eabi/lib/thumb/v7e-m/nofp\libg_nano.a(lib_a-nano-freer.o)
                              d:/project/coffee/ide/tools/gnu tools arm embedded/xpack-arm-none-eabi-gcc/9.2.1-1.1/bin/../lib/gcc/arm-none-eabi/9.2.1/../../../../arm-none-eabi/lib/thumb/v7e-m/nofp\libg_nano.a(lib_a-reent.o) (_free_r)
d:/project/coffee/ide/tools/gnu tools arm embedded/xpack-arm-none-eabi-gcc/9.2.1-1.1/bin/../lib/gcc/arm-none-eabi/9.2.1/../../../../arm-none-eabi/lib/thumb/v7e-m/nofp\libg_nano.a(lib_a-nano-mallocr.o)
                              d:/project/coffee/ide/tools/gnu tools arm embedded/xpack-arm-none-eabi-gcc/9.2.1-1.1/bin/../lib/gcc/arm-none-eabi/9.2.1/../../../../arm-none-eabi/lib/thumb/v7e-m/nofp\libg_nano.a(lib_a-findfp.o) (_malloc_r)
d:/project/coffee/ide/tools/gnu tools arm embedded/xpack-arm-none-eabi-gcc/9.2.1-1.1/bin/../lib/gcc/arm-none-eabi/9.2.1/../../../../arm-none-eabi/lib/thumb/v7e-m/nofp\libg_nano.a(lib_a-nano-vfprintf.o)
                              d:/project/coffee/ide/tools/gnu tools arm embedded/xpack-arm-none-eabi-gcc/9.2.1-1.1/bin/../lib/gcc/arm-none-eabi/9.2.1/../../../../arm-none-eabi/lib/thumb/v7e-m/nofp\libg_nano.a(lib_a-printf.o) (_vfprintf_r)
[...]
Memory Configuration

Name             Origin             Length             Attributes
FLASH            0x08000000         0x00040000         xr
RAM              0x20000000         0x0000c000         xrw
*default*        0x00000000         0xffffffff

Linker script and memory map

LOAD d:/project/coffee/ide/tools/gnu tools arm embedded/xpack-arm-none-eabi-gcc/9.2.1-1.1/bin/../lib/gcc/arm-none-eabi/9.2.1/thumb/v7e-m/nofp/crti.o
LOAD d:/project/coffee/ide/tools/gnu tools arm embedded/xpack-arm-none-eabi-gcc/9.2.1-1.1/bin/../lib/gcc/arm-none-eabi/9.2.1/thumb/v7e-m/nofp/crtbegin.o
LOAD d:/project/coffee/ide/tools/gnu tools arm embedded/xpack-arm-none-eabi-gcc/9.2.1-1.1/bin/../lib/gcc/arm-none-eabi/9.2.1/../../../../arm-none-eabi/lib/thumb/v7e-m/nofp/crt0.o
LOAD ./src/gd32f307c_eval.o
LOAD ./src/gd32f30x_it.o
LOAD ./src/main.o
LOAD ./src/systick.o
LOAD ./osal/os_lyh_core.o
LOAD ./gcc_startup/startup_gd32f30x_hd.o
LOAD ./app/acmotor.o
LOAD ./app/adc.o
LOAD ./app/app.o
LOAD ./app/bus.o
LOAD ./app/dcmotor.o
LOAD ./app/display.o
LOAD ./app/extint.o
LOAD ./app/gpio.o
LOAD ./app/heat.o
LOAD ./app/keyboard.o
LOAD ./app/relay.o
LOAD ./app/timer.o
LOAD ./app/usart.o
LOAD ./Firmware/GD32F30x_standard_peripheral/Source/gd32f30x_adc.o
LOAD ./Firmware/GD32F30x_standard_peripheral/Source/gd32f30x_bkp.o
LOAD ./Firmware/GD32F30x_standard_peripheral/Source/gd32f30x_can.o
LOAD ./Firmware/GD32F30x_standard_peripheral/Source/gd32f30x_crc.o
LOAD ./Firmware/GD32F30x_standard_peripheral/Source/gd32f30x_ctc.o
LOAD ./Firmware/GD32F30x_standard_peripheral/Source/gd32f30x_dac.o
LOAD ./Firmware/GD32F30x_standard_peripheral/Source/gd32f30x_dbg.o
LOAD ./Firmware/GD32F30x_standard_peripheral/Source/gd32f30x_dma.o
LOAD ./Firmware/GD32F30x_standard_peripheral/Source/gd32f30x_enet.o
LOAD ./Firmware/GD32F30x_standard_peripheral/Source/gd32f30x_exmc.o
LOAD ./Firmware/GD32F30x_standard_peripheral/Source/gd32f30x_exti.o
LOAD ./Firmware/GD32F30x_standard_peripheral/Source/gd32f30x_fmc.o
LOAD ./Firmware/GD32F30x_standard_peripheral/Source/gd32f30x_fwdgt.o
LOAD ./Firmware/GD32F30x_standard_peripheral/Source/gd32f30x_gpio.o
LOAD ./Firmware/GD32F30x_standard_peripheral/Source/gd32f30x_i2c.o
LOAD ./Firmware/GD32F30x_standard_peripheral/Source/gd32f30x_misc.o
LOAD ./Firmware/GD32F30x_standard_peripheral/Source/gd32f30x_pmu.o
LOAD ./Firmware/GD32F30x_standard_peripheral/Source/gd32f30x_rcu.o
LOAD ./Firmware/GD32F30x_standard_peripheral/Source/gd32f30x_rtc.o
LOAD ./Firmware/GD32F30x_standard_peripheral/Source/gd32f30x_sdio.o
LOAD ./Firmware/GD32F30x_standard_peripheral/Source/gd32f30x_spi.o
LOAD ./Firmware/GD32F30x_standard_peripheral/Source/gd32f30x_timer.o
LOAD ./Firmware/GD32F30x_standard_peripheral/Source/gd32f30x_usart.o
LOAD ./Firmware/GD32F30x_standard_peripheral/Source/gd32f30x_wwdgt.o
LOAD ./Firmware/CMSIS/GD/GD32F30x/Source/syscalls.o
LOAD ./Firmware/CMSIS/GD/GD32F30x/Source/system_gd32f30x.o
START GROUP
LOAD d:/project/coffee/ide/tools/gnu tools arm embedded/xpack-arm-none-eabi-gcc/9.2.1-1.1/bin/../lib/gcc/arm-none-eabi/9.2.1/thumb/v7e-m/nofp\libgcc.a
LOAD d:/project/coffee/ide/tools/gnu tools arm embedded/xpack-arm-none-eabi-gcc/9.2.1-1.1/bin/../lib/gcc/arm-none-eabi/9.2.1/../../../../arm-none-eabi/lib/thumb/v7e-m/nofp\libg_nano.a
LOAD d:/project/coffee/ide/tools/gnu tools arm embedded/xpack-arm-none-eabi-gcc/9.2.1-1.1/bin/../lib/gcc/arm-none-eabi/9.2.1/../../../../arm-none-eabi/lib/thumb/v7e-m/nofp\libc_nano.a
END GROUP
START GROUP
LOAD d:/project/coffee/ide/tools/gnu tools arm embedded/xpack-arm-none-eabi-gcc/9.2.1-1.1/bin/../lib/gcc/arm-none-eabi/9.2.1/thumb/v7e-m/nofp\libgcc.a
LOAD d:/project/coffee/ide/tools/gnu tools arm embedded/xpack-arm-none-eabi-gcc/9.2.1-1.1/bin/../lib/gcc/arm-none-eabi/9.2.1/../../../../arm-none-eabi/lib/thumb/v7e-m/nofp\libc_nano.a
LOAD d:/project/coffee/ide/tools/gnu tools arm embedded/xpack-arm-none-eabi-gcc/9.2.1-1.1/bin/../lib/gcc/arm-none-eabi/9.2.1/../../../../arm-none-eabi/lib/thumb/v7e-m/nofp\libnosys.a
END GROUP
START GROUP
LOAD d:/project/coffee/ide/tools/gnu tools arm embedded/xpack-arm-none-eabi-gcc/9.2.1-1.1/bin/../lib/gcc/arm-none-eabi/9.2.1/thumb/v7e-m/nofp\libgcc.a
LOAD d:/project/coffee/ide/tools/gnu tools arm embedded/xpack-arm-none-eabi-gcc/9.2.1-1.1/bin/../lib/gcc/arm-none-eabi/9.2.1/../../../../arm-none-eabi/lib/thumb/v7e-m/nofp\libc_nano.a
LOAD d:/project/coffee/ide/tools/gnu tools arm embedded/xpack-arm-none-eabi-gcc/9.2.1-1.1/bin/../lib/gcc/arm-none-eabi/9.2.1/../../../../arm-none-eabi/lib/thumb/v7e-m/nofp\libnosys.a
END GROUP
LOAD d:/project/coffee/ide/tools/gnu tools arm embedded/xpack-arm-none-eabi-gcc/9.2.1-1.1/bin/../lib/gcc/arm-none-eabi/9.2.1/thumb/v7e-m/nofp/crtend.o
LOAD d:/project/coffee/ide/tools/gnu tools arm embedded/xpack-arm-none-eabi-gcc/9.2.1-1.1/bin/../lib/gcc/arm-none-eabi/9.2.1/thumb/v7e-m/nofp/crtn.o
                0x00000800                __stack_size = DEFINED (__stack_size)?__stack_size:0x800
                0x00000400                __heap_size = DEFINED (__heap_size)?__heap_size:0x400

.vectors        0x08000000      0x130
                0x08000000                . = ALIGN (0x4)
 *(.vectors)
 .vectors       0x08000000      0x130 ./gcc_startup/startup_gd32f30x_hd.o
                0x08000000                __gVectors
                0x08000130                . = ALIGN (0x4)
                0x08000130                __Vectors_End = .
                0x08000130                __Vectors_Size = (__Vectors_End - __gVectors)

.text           0x08000130     0x9250
                0x08000130                . = ALIGN (0x4)
 *(.text)
 .text          0x08000130       0xa0 d:/project/coffee/ide/tools/gnu tools arm embedded/xpack-arm-none-eabi-gcc/9.2.1-1.1/bin/../lib/gcc/arm-none-eabi/9.2.1/../../../../arm-none-eabi/lib/thumb/v7e-m/nofp\libg_nano.a(lib_a-memchr.o)
                0x08000130                memchr
 *(.text*)
 .text.__do_global_dtors_aux
                0x080001d0       0x24 d:/project/coffee/ide/tools/gnu tools arm embedded/xpack-arm-none-eabi-gcc/9.2.1-1.1/bin/../lib/gcc/arm-none-eabi/9.2.1/thumb/v7e-m/nofp/crtbegin.o
 .text.frame_dummy
                0x080001f4       0x1c d:/project/coffee/ide/tools/gnu tools arm embedded/xpack-arm-none-eabi-gcc/9.2.1-1.1/bin/../lib/gcc/arm-none-eabi/9.2.1/thumb/v7e-m/nofp/crtbegin.o
 .text.NMI_Handler
                0x08000210        0xc ./src/gd32f30x_it.o
                0x08000210                NMI_Handler
 .text.HardFault_Handler
                0x0800021c        0x6 ./src/gd32f30x_it.o
                0x0800021c                HardFault_Handler
 .text.MemManage_Handler
                0x08000222        0x6 ./src/gd32f30x_it.o
                0x08000222                MemManage_Handler
 .text.BusFault_Handler
                0x08000228        0x6 ./src/gd32f30x_it.o
                0x08000228                BusFault_Handler
 .text.UsageFault_Handler
                0x0800022e        0x6 ./src/gd32f30x_it.o
                0x0800022e                UsageFault_Handler
 .text.SVC_Handler
                0x08000234        0xc ./src/gd32f30x_it.o
                0x08000234                SVC_Handler
 .text.DebugMon_Handler
                0x08000240        0xc ./src/gd32f30x_it.o
                0x08000240                DebugMon_Handler
 .text.PendSV_Handler
                0x0800024c        0xc ./src/gd32f30x_it.o
                0x0800024c                PendSV_Handler
 .text.SysTick_Handler
                0x08000258       0x1c ./src/gd32f30x_it.o
                0x08000258                SysTick_Handler
 .text.USART1_IRQHandler
                0x08000274       0x54 ./src/gd32f30x_it.o
                0x08000274                USART1_IRQHandler
 .text.EXTI0_IRQHandler
                0x080002c8       0x1a ./src/gd32f30x_it.o
                0x080002c8                EXTI0_IRQHandler
 .text.EXTI5_9_IRQHandler
                0x080002e2       0x3c ./src/gd32f30x_it.o
                0x080002e2                EXTI5_9_IRQHandler
 .text.TIMER1_IRQHandler
                0x0800031e       0x4e ./src/gd32f30x_it.o
                0x0800031e                TIMER1_IRQHandler
 .text.TIMER2_IRQHandler
                0x0800036c       0x24 ./src/gd32f30x_it.o
                0x0800036c                TIMER2_IRQHandler
 .text.TIMER3_IRQHandler
                0x08000390       0x50 ./src/gd32f30x_it.o
                0x08000390                TIMER3_IRQHandler
 .text.TIMER4_IRQHandler
                0x080003e0       0x34 ./src/gd32f30x_it.o
                0x080003e0                TIMER4_IRQHandler
 .text.TIMER5_IRQHandler
                0x08000414       0xa8 ./src/gd32f30x_it.o
                0x08000414                TIMER5_IRQHandler
 .text.TIMER6_IRQHandler
                0x080004bc       0x40 ./src/gd32f30x_it.o
                0x080004bc                TIMER6_IRQHandler
 .text.main     0x080004fc      0x118 ./src/main.o
                0x080004fc                main
 .text.__io_putchar
                0x08000614       0x24 ./src/main.o
                0x08000614                __io_putchar
 .text.gd_watchdog_init
                0x08000638       0x1e ./src/main.o
                0x08000638                gd_watchdog_init
 *fill*         0x08000656        0x2 
 .text.NVIC_SetPriority
                0x08000658       0x54 ./src/systick.o
 .text.SysTick_Config
                0x080006ac       0x44 ./src/systick.o
 .text.systick_config
                0x080006f0       0x34 ./src/systick.o
                0x080006f0                systick_config
 .text.delay_1ms
                0x08000724       0x3c ./src/systick.o
                0x08000724                delay_1ms
 .text.systick_get
                0x08000760       0x14 ./src/systick.o
                0x08000760                systick_get
 .text.osal_SysTicks
                0x08000774       0xf0 ./osal/os_lyh_core.o
                0x08000774                osal_SysTicks
 .text.osal_start_system
                0x08000864      0x128 ./osal/os_lyh_core.o
                0x08000864                osal_start_system
 .text.osal_lyh_core_init
                0x0800098c       0xf0 ./osal/os_lyh_core.o
                0x0800098c                osal_lyh_core_init
 .text.osal_create_task
                0x08000a7c       0x84 ./osal/os_lyh_core.o
                0x08000a7c                osal_create_task
 .text.osal_lyh_restore_task
                0x08000b00       0x34 ./osal/os_lyh_core.o
                0x08000b00                osal_lyh_restore_task
 .text.osal_lyh_delay_task
                0x08000b34       0x54 ./osal/os_lyh_core.o
                0x08000b34                osal_lyh_delay_task
 .text.osal_lyh_over_timer
                0x08000b88      0x110 ./osal/os_lyh_core.o
                0x08000b88                osal_lyh_over_timer
 .text.osal_lyh_kill_over_timer
                0x08000c98       0x88 ./osal/os_lyh_core.o
                0x08000c98                osal_lyh_kill_over_timer
 .text.Reset_Handler
                0x08000d20       0x48 ./gcc_startup/startup_gd32f30x_hd.o
                0x08000d20                Reset_Handler
 .text.Default_Handler
                0x08000d68        0x2 ./gcc_startup/startup_gd32f30x_hd.o
                0x08000d68                RTC_Alarm_IRQHandler
                0x08000d68                EXTI2_IRQHandler
                0x08000d68                LVD_IRQHandler
                0x08000d68                TIMER0_BRK_IRQHandler
                0x08000d68                ADC0_1_IRQHandler
                0x08000d68                TIMER0_UP_IRQHandler
                0x08000d68                SDIO_IRQHandler
                0x08000d68                EXTI3_IRQHandler
                0x08000d68                DMA0_Channel6_IRQHandler
                0x08000d68                I2C0_EV_IRQHandler
                0x08000d68                SPI1_IRQHandler
                0x08000d68                DMA0_Channel0_IRQHandler
                0x08000d68                TAMPER_IRQHandler
                0x08000d68                DMA1_Channel0_IRQHandler
                0x08000d68                DMA0_Channel3_IRQHandler
                0x08000d68                I2C0_ER_IRQHandler
                0x08000d68                RTC_IRQHandler
                0x08000d68                TIMER7_UP_IRQHandler
                0x08000d68                DMA0_Channel2_IRQHandler
                0x08000d68                USART0_IRQHandler
                0x08000d68                TIMER7_TRG_CMT_IRQHandler
                0x08000d68                TIMER0_TRG_CMT_IRQHandler
                0x08000d68                I2C1_EV_IRQHandler
                0x08000d68                UART4_IRQHandler
                0x08000d68                EXTI10_15_IRQHandler
                0x08000d68                DMA1_Channel1_IRQHandler
                0x08000d68                Default_Handler
                0x08000d68                TIMER7_Channel_IRQHandler
                0x08000d68                WWDGT_IRQHandler
                0x08000d68                EXMC_IRQHandler
                0x08000d68                ADC2_IRQHandler
                0x08000d68                SPI2_IRQHandler
                0x08000d68                USBD_WKUP_IRQHandler
                0x08000d68                RCU_CTC_IRQHandler
                0x08000d68                TIMER7_BRK_IRQHandler
                0x08000d68                EXTI4_IRQHandler
                0x08000d68                USBD_HP_CAN0_TX_IRQHandler
                0x08000d68                CAN0_RX1_IRQHandler
                0x08000d68                DMA0_Channel5_IRQHandler
                0x08000d68                DMA0_Channel1_IRQHandler
                0x08000d68                TIMER0_Channel_IRQHandler
                0x08000d68                EXTI1_IRQHandler
                0x08000d68                SPI0_IRQHandler
                0x08000d68                DMA1_Channel3_4_IRQHandler
                0x08000d68                USART2_IRQHandler
                0x08000d68                CAN0_EWMC_IRQHandler
                0x08000d68                DMA1_Channel2_IRQHandler
                0x08000d68                USBD_LP_CAN0_RX0_IRQHandler
                0x08000d68                UART3_IRQHandler
                0x08000d68                I2C1_ER_IRQHandler
                0x08000d68                FMC_IRQHandler
                0x08000d68                DMA0_Channel4_IRQHandler
 *fill*         0x08000d6a        0x2 
 .text.ac_motor_gpio_init
                0x08000d6c       0x90 ./app/acmotor.o
 .text.ac_motor_zero_cross_exti_init
                0x08000dfc       0x36 ./app/acmotor.o
 .text.ac_motor_feedback_timer_init
                0x08000e32       0x96 ./app/acmotor.o
 .text.ac_motor_phase_timer_init
                0x08000ec8       0xe4 ./app/acmotor.o
 .text.ac_heat_turnoff
                0x08000fac       0x38 ./app/acmotor.o
                0x08000fac                ac_heat_turnoff
 .text.ac_pumb_turnoff
                0x08000fe4       0x38 ./app/acmotor.o
                0x08000fe4                ac_pumb_turnoff
 .text.ac_grind_turnoff
                0x0800101c       0x38 ./app/acmotor.o
                0x0800101c                ac_grind_turnoff
 .text.ac_angle_to_delay_us
                0x08001054       0x3c ./app/acmotor.o
 .text.ac_motor_set_phase_delay
                0x08001090       0x38 ./app/acmotor.o
 .text.gd_acmotor_Init
                0x080010c8       0xc0 ./app/acmotor.o
                0x080010c8                gd_acmotor_Init
 .text.ac_heat_start
                0x08001188       0x34 ./app/acmotor.o
                0x08001188                ac_heat_start
 .text.ac_pumb_start
                0x080011bc       0x54 ./app/acmotor.o
                0x080011bc                ac_pumb_start
 .text.ac_grind_start
                0x08001210       0xa0 ./app/acmotor.o
                0x08001210                ac_grind_start
 .text.ac_grind_stop
                0x080012b0       0x3c ./app/acmotor.o
                0x080012b0                ac_grind_stop
 .text.ac_pumb_stop
                0x080012ec       0x28 ./app/acmotor.o
                0x080012ec                ac_pumb_stop
 .text.ac_heat_stop
                0x08001314       0x28 ./app/acmotor.o
                0x08001314                ac_heat_stop
 .text.ac_motor_zeroCross_irqHandler
                0x0800133c       0xa0 ./app/acmotor.o
                0x0800133c                ac_motor_zeroCross_irqHandler
 .text.ac_grind_fb_irqHandler
                0x080013dc       0x90 ./app/acmotor.o
                0x080013dc                ac_grind_fb_irqHandler
 .text.rcu_config
                0x0800146c       0x36 ./app/adc.o
                0x0800146c                rcu_config
 *fill*         0x080014a2        0x2 
 .text.gpio_config
                0x080014a4       0x34 ./app/adc.o
                0x080014a4                gpio_config
 .text.dma_config
                0x080014d8       0x68 ./app/adc.o
                0x080014d8                dma_config
 .text.adc_config
                0x08001540       0xf4 ./app/adc.o
                0x08001540                adc_config
 .text.gd_adc_Init
                0x08001634       0x18 ./app/adc.o
                0x08001634                gd_adc_Init
 .text.gd_adc_get
                0x0800164c       0x90 ./app/adc.o
                0x0800164c                gd_adc_get
 .text.gd_adc_trigger
                0x080016dc       0x3c ./app/adc.o
                0x080016dc                gd_adc_trigger
 .text.app_virtual_croszero_cbfunc
                0x08001718       0x3c ./app/app.o
                0x08001718                app_virtual_croszero_cbfunc
 .text.app_buzon_cbfunc
                0x08001754       0x34 ./app/app.o
                0x08001754                app_buzon_cbfunc
 .text.app_buzoff_cbfunc
                0x08001788       0x1c ./app/app.o
                0x08001788                app_buzoff_cbfunc
 .text.app_buzzer_on
                0x080017a4       0x44 ./app/app.o
                0x080017a4                app_buzzer_on
 .text.app_resource_init
                0x080017e8       0x50 ./app/app.o
                0x080017e8                app_resource_init
 .text.app_resource_free
                0x08001838       0x58 ./app/app.o
                0x08001838                app_resource_free
 .text.app_task_nextstep
                0x08001890       0x4c ./app/app.o
                0x08001890                app_task_nextstep
 .text.app_task_nextsubstep
                0x080018dc       0x2c ./app/app.o
                0x080018dc                app_task_nextsubstep
 .text.app_water_ready
                0x08001908       0x20 ./app/app.o
                0x08001908                app_water_ready
 .text.app_pallet_ready
                0x08001928       0x20 ./app/app.o
                0x08001928                app_pallet_ready
 .text.app_motor_ready
                0x08001948       0x24 ./app/app.o
                0x08001948                app_motor_ready
 .text.app_turn_heat_off
                0x0800196c       0x30 ./app/app.o
                0x0800196c                app_turn_heat_off
 .text.app_turn_heat_on
                0x0800199c       0x44 ./app/app.o
                0x0800199c                app_turn_heat_on
 .text.app_temperature_state
                0x080019e0       0x1c ./app/app.o
                0x080019e0                app_temperature_state
 .text.app_relay_set
                0x080019fc       0x28 ./app/app.o
                0x080019fc                app_relay_set
 .text.app_step_state
                0x08001a24       0x28 ./app/app.o
                0x08001a24                app_step_state
 .text.app_led_heat_cbfunc
                0x08001a4c       0x90 ./app/app.o
                0x08001a4c                app_led_heat_cbfunc
 .text.app_led_show_init
                0x08001adc       0x30 ./app/app.o
                0x08001adc                app_led_show_init
 .text.app_led_start_cbfunc
                0x08001b0c       0x20 ./app/app.o
                0x08001b0c                app_led_start_cbfunc
 .text.app_led_start_init
                0x08001b2c       0x20 ./app/app.o
                0x08001b2c                app_led_start_init
 .text.app_led_espresso_cbfunc
                0x08001b4c       0x40 ./app/app.o
                0x08001b4c                app_led_espresso_cbfunc
 .text.app_led_espresso_init
                0x08001b8c       0x40 ./app/app.o
                0x08001b8c                app_led_espresso_init
 .text.app_led_americano_cbfunc
                0x08001bcc       0x40 ./app/app.o
                0x08001bcc                app_led_americano_cbfunc
 .text.app_led_americano_init
                0x08001c0c       0x40 ./app/app.o
                0x08001c0c                app_led_americano_init
 .text.app_led_hotwater_cbfunc
                0x08001c4c       0x20 ./app/app.o
                0x08001c4c                app_led_hotwater_cbfunc
 .text.app_led_hotwater_init
                0x08001c6c       0x20 ./app/app.o
                0x08001c6c                app_led_hotwater_init
 .text.app_led_steam_cbfunc
                0x08001c8c       0x20 ./app/app.o
                0x08001c8c                app_led_steam_cbfunc
 .text.app_led_steam_init
                0x08001cac       0x20 ./app/app.o
                0x08001cac                app_led_steam_init
 .text.app_led_aqua_cbfunc
                0x08001ccc       0x20 ./app/app.o
                0x08001ccc                app_led_aqua_cbfunc
 .text.app_led_aqua_init
                0x08001cec       0x20 ./app/app.o
                0x08001cec                app_led_aqua_init
 .text.app_led_calc_cbfunc
                0x08001d0c       0x20 ./app/app.o
                0x08001d0c                app_led_calc_cbfunc
 .text.app_led_calc_init
                0x08001d2c       0x20 ./app/app.o
                0x08001d2c                app_led_calc_init
 .text.app_leds_all_fun
                0x08001d4c       0x72 ./app/app.o
                0x08001d4c                app_leds_all_fun
 .text.app_leds_all_ind
                0x08001dbe       0x58 ./app/app.o
                0x08001dbe                app_leds_all_ind
 .text.app_led_oneloop
                0x08001e16       0x26 ./app/app.o
                0x08001e16                app_led_oneloop
 .text.app_led_finish_step
                0x08001e3c       0x22 ./app/app.o
                0x08001e3c                app_led_finish_step
 *fill*         0x08001e5e        0x2 
 .text.app_onoff_key_deal
                0x08001e60       0x44 ./app/app.o
                0x08001e60                app_onoff_key_deal
 .text.app_start_key_deal
                0x08001ea4       0xcc ./app/app.o
                0x08001ea4                app_start_key_deal
 .text.app_hotwater_key_deal
                0x08001f70       0x40 ./app/app.o
                0x08001f70                app_hotwater_key_deal
 .text.app_espresso_key_deal
                0x08001fb0       0x88 ./app/app.o
                0x08001fb0                app_espresso_key_deal
 .text.app_steam_key_deal
                0x08002038       0x40 ./app/app.o
                0x08002038                app_steam_key_deal
 .text.app_ame_key_deal
                0x08002078       0x88 ./app/app.o
                0x08002078                app_ame_key_deal
 .text.app_coffee_key_deal
                0x08002100       0x90 ./app/app.o
                0x08002100                app_coffee_key_deal
 .text.app_water_key_deal
                0x08002190       0xac ./app/app.o
                0x08002190                app_water_key_deal
 .text.app_calc_key_deal
                0x0800223c       0x40 ./app/app.o
                0x0800223c                app_calc_key_deal
 .text.app_aqua_key_deal
                0x0800227c       0x40 ./app/app.o
                0x0800227c                app_aqua_key_deal
 .text.app_pad_key_deal
                0x080022bc       0x18 ./app/app.o
                0x080022bc                app_pad_key_deal
 .text.app_key_handler
                0x080022d4      0x16e ./app/app.o
                0x080022d4                app_key_handler
 *fill*         0x08002442        0x2 
 .text.app_init_handler
                0x08002444       0x54 ./app/app.o
                0x08002444                app_init_handler
 .text.app_idle_handler
                0x08002498       0x34 ./app/app.o
                0x08002498                app_idle_handler
 .text.app_startup_handler
                0x080024cc      0x37c ./app/app.o
                0x080024cc                app_startup_handler
 .text.app_normal_handler
                0x08002848      0x1b4 ./app/app.o
                0x08002848                app_normal_handler
 .text.app_espresso_handler
                0x080029fc      0x450 ./app/app.o
                0x080029fc                app_espresso_handler
 .text.app_american_handler
                0x08002e4c      0x6a8 ./app/app.o
                0x08002e4c                app_american_handler
 .text.app_hotwater_handler
                0x080034f4      0x130 ./app/app.o
                0x080034f4                app_hotwater_handler
 .text.app_steam_handler
                0x08003624       0x38 ./app/app.o
                0x08003624                app_steam_handler
 .text.app_aqua_handler
                0x0800365c       0x38 ./app/app.o
                0x0800365c                app_aqua_handler
 .text.app_calc_handler
                0x08003694       0x38 ./app/app.o
                0x08003694                app_calc_handler
 .text.app_setup_handler
                0x080036cc      0x180 ./app/app.o
                0x080036cc                app_setup_handler
 .text.app_running_onoff_grind_handler
                0x0800384c      0x1b4 ./app/app.o
                0x0800384c                app_running_onoff_grind_handler
 .text.app_running_onoff_go_water_handler
                0x08003a00      0x1b4 ./app/app.o
                0x08003a00                app_running_onoff_go_water_handler
 .text.app_running_onoff_pre_brew_handler
                0x08003bb4      0x154 ./app/app.o
                0x08003bb4                app_running_onoff_pre_brew_handler
 .text.app_running_onoff_brew_handler
                0x08003d08      0x124 ./app/app.o
                0x08003d08                app_running_onoff_brew_handler
 .text.app_running_onoff_drop_beans_handler
                0x08003e2c      0x150 ./app/app.o
                0x08003e2c                app_running_onoff_drop_beans_handler
 .text.app_running_onoff_rst_handler
                0x08003f7c       0xe8 ./app/app.o
                0x08003f7c                app_running_onoff_rst_handler
 .text.app_running_onoff_flush_handler
                0x08004064      0x248 ./app/app.o
                0x08004064                app_running_onoff_flush_handler
 .text.app_running_onoff_handler
                0x080042ac      0x198 ./app/app.o
                0x080042ac                app_running_onoff_handler
 .text.init_app_task
                0x08004444       0x34 ./app/app.o
                0x08004444                init_app_task
 .text.app_task_handler
                0x08004478       0x98 ./app/app.o
                0x08004478                app_task_handler
 .text.app_event_handler
                0x08004510       0x3c ./app/app.o
                0x08004510                app_event_handler
 .text.gd_addbg_out
                0x0800454c       0x5c ./app/bus.o
                0x0800454c                gd_addbg_out
 .text.init_bus_task
                0x080045a8       0x28 ./app/bus.o
                0x080045a8                init_bus_task
 .text.bus_task_handler
                0x080045d0       0x50 ./app/bus.o
                0x080045d0                bus_task_handler
 .text.bus_event_handler
                0x08004620       0x2c ./app/bus.o
                0x08004620                bus_event_handler
 .text.dc_motor_SetPins
                0x0800464c       0x68 ./app/dcmotor.o
 .text.dc_motor_Stop
                0x080046b4       0x24 ./app/dcmotor.o
                0x080046b4                dc_motor_Stop
 .text.dc_motor_Start
                0x080046d8       0x50 ./app/dcmotor.o
                0x080046d8                dc_motor_Start
 .text.dc_motor_GetState
                0x08004728       0x14 ./app/dcmotor.o
                0x08004728                dc_motor_GetState
 .text.dc_motor_ClearFault
                0x0800473c       0x20 ./app/dcmotor.o
                0x0800473c                dc_motor_ClearFault
 .text.dc_motor_reach_irqHandler
                0x0800475c       0x20 ./app/dcmotor.o
                0x0800475c                dc_motor_reach_irqHandler
 .text.gd_dcmotor_Init
                0x0800477c       0x64 ./app/dcmotor.o
                0x0800477c                gd_dcmotor_Init
 .text.display_init
                0x080047e0       0x18 ./app/display.o
                0x080047e0                display_init
 .text.display_led
                0x080047f8       0x64 ./app/display.o
                0x080047f8                display_led
 .text.display_get_led
                0x0800485c       0x2c ./app/display.o
                0x0800485c                display_get_led
 .text.gd_exti_Init
                0x08004888       0x56 ./app/extint.o
                0x08004888                gd_exti_Init
 *fill*         0x080048de        0x2 
 .text.gd_remap_Init
                0x080048e0       0x28 ./app/gpio.o
                0x080048e0                gd_remap_Init
 .text.gd_gpio_Init
                0x08004908      0x1d0 ./app/gpio.o
                0x08004908                gd_gpio_Init
 .text.heat_task_nextstep
                0x08004ad8       0x2c ./app/heat.o
                0x08004ad8                heat_task_nextstep
 .text.heat_temp_deal
                0x08004b04       0x42 ./app/heat.o
                0x08004b04                heat_temp_deal
 .text.heat_get_temp
                0x08004b46       0x3e ./app/heat.o
                0x08004b46                heat_get_temp
 .text.init_heat_task
                0x08004b84       0x28 ./app/heat.o
                0x08004b84                init_heat_task
 .text.heat_task_handler
                0x08004bac       0x4c ./app/heat.o
                0x08004bac                heat_task_handler
 .text.heat_event_handler
                0x08004bf8       0x5c ./app/heat.o
                0x08004bf8                heat_event_handler
 .text.ini_keys_value
                0x08004c54       0xdc ./app/keyboard.o
                0x08004c54                ini_keys_value
 .text.key_switch_debouncer
                0x08004d30      0x238 ./app/keyboard.o
                0x08004d30                key_switch_debouncer
 .text.key_scan_process
                0x08004f68      0x18c ./app/keyboard.o
                0x08004f68                key_scan_process
 .text.init_key_task
                0x080050f4       0x28 ./app/keyboard.o
                0x080050f4                init_key_task
 .text.key_task_handler
                0x0800511c       0x48 ./app/keyboard.o
                0x0800511c                key_task_handler
 .text.key_event_handler
                0x08005164       0x2c ./app/keyboard.o
                0x08005164                key_event_handler
 .text.key_prohibit_mask
                0x08005190       0x40 ./app/keyboard.o
                0x08005190                key_prohibit_mask
 .text.key_prohibit_setup
                0x080051d0       0x40 ./app/keyboard.o
                0x080051d0                key_prohibit_setup
 .text.Relay2_ON
                0x08005210       0x14 ./app/relay.o
                0x08005210                Relay2_ON
 .text.Relay2_OFF
                0x08005224       0x14 ./app/relay.o
                0x08005224                Relay2_OFF
 .text.Relay2_GPIO_INIT
                0x08005238       0x1c ./app/relay.o
 .text.gd_realy_init
                0x08005254        0xc ./app/relay.o
                0x08005254                gd_realy_init
 .text.gpio_buz_config
                0x08005260       0x24 ./app/timer.o
                0x08005260                gpio_buz_config
 .text.timer0_pwm_config
                0x08005284       0x9c ./app/timer.o
                0x08005284                timer0_pwm_config
 .text.timer0_init
                0x08005320       0x10 ./app/timer.o
                0x08005320                timer0_init
 .text.gd_timer_Init
                0x08005330        0xc ./app/timer.o
                0x08005330                gd_timer_Init
 .text.gd_timer_buz
                0x0800533c       0x2c ./app/timer.o
                0x0800533c                gd_timer_buz
 .text.gd_uart_counter_init
                0x08005368       0x34 ./app/usart.o
                0x08005368                gd_uart_counter_init
 .text.gd_uart_com_init
                0x0800539c      0x118 ./app/usart.o
                0x0800539c                gd_uart_com_init
 .text.gd_usart0_dma_config
                0x080054b4       0xc4 ./app/usart.o
                0x080054b4                gd_usart0_dma_config
 .text.gd_usart_Init
                0x08005578       0x38 ./app/usart.o
                0x08005578                gd_usart_Init
 .text.gd_usart1_upload
                0x080055b0       0x5c ./app/usart.o
                0x080055b0                gd_usart1_upload
 .text.gd_usart1_rx_decode
                0x0800560c       0x4c ./app/usart.o
                0x0800560c                gd_usart1_rx_decode
 .text.gd_usart1_download
                0x08005658       0x5c ./app/usart.o
                0x08005658                gd_usart1_download
 .text.gd_usart0_rx_decode
                0x080056b4       0xf4 ./app/usart.o
                0x080056b4                gd_usart0_rx_decode
 .text.gd_usart0_upload
                0x080057a8      0x10c ./app/usart.o
                0x080057a8                gd_usart0_upload
 .text.gd_usart0_download
                0x080058b4       0xa4 ./app/usart.o
                0x080058b4                gd_usart0_download
 .text.gd_combus_cbfunc
                0x08005958       0x14 ./app/usart.o
                0x08005958                gd_combus_cbfunc
 .text.adc_enable
                0x0800596c       0x30 ./Firmware/GD32F30x_standard_peripheral/Source/gd32f30x_adc.o
                0x0800596c                adc_enable
 .text.adc_calibration_enable
                0x0800599c       0x54 ./Firmware/GD32F30x_standard_peripheral/Source/gd32f30x_adc.o
                0x0800599c                adc_calibration_enable
 .text.adc_dma_mode_enable
                0x080059f0       0x22 ./Firmware/GD32F30x_standard_peripheral/Source/gd32f30x_adc.o
                0x080059f0                adc_dma_mode_enable
 *fill*         0x08005a12        0x2 
 .text.adc_mode_config
                0x08005a14       0x30 ./Firmware/GD32F30x_standard_peripheral/Source/gd32f30x_adc.o
                0x08005a14                adc_mode_config
 .text.adc_special_function_config
                0x08005a44       0xbc ./Firmware/GD32F30x_standard_peripheral/Source/gd32f30x_adc.o
                0x08005a44                adc_special_function_config
 .text.adc_data_alignment_config
                0x08005b00       0x3c ./Firmware/GD32F30x_standard_peripheral/Source/gd32f30x_adc.o
                0x08005b00                adc_data_alignment_config
 .text.adc_channel_length_config
                0x08005b3c       0x78 ./Firmware/GD32F30x_standard_peripheral/Source/gd32f30x_adc.o
                0x08005b3c                adc_channel_length_config
 .text.adc_regular_channel_config
                0x08005bb4      0x178 ./Firmware/GD32F30x_standard_peripheral/Source/gd32f30x_adc.o
                0x08005bb4                adc_regular_channel_config
 .text.adc_external_trigger_config
                0x08005d2c       0x8a ./Firmware/GD32F30x_standard_peripheral/Source/gd32f30x_adc.o
                0x08005d2c                adc_external_trigger_config
 .text.adc_external_trigger_source_config
                0x08005db6       0x6c ./Firmware/GD32F30x_standard_peripheral/Source/gd32f30x_adc.o
                0x08005db6                adc_external_trigger_source_config
 .text.adc_software_trigger_enable
                0x08005e22       0x4a ./Firmware/GD32F30x_standard_peripheral/Source/gd32f30x_adc.o
                0x08005e22                adc_software_trigger_enable
 .text.dma_deinit
                0x08005e6c       0xcc ./Firmware/GD32F30x_standard_peripheral/Source/gd32f30x_dma.o
                0x08005e6c                dma_deinit
 .text.dma_init
                0x08005f38      0x1f6 ./Firmware/GD32F30x_standard_peripheral/Source/gd32f30x_dma.o
                0x08005f38                dma_init
 .text.dma_circulation_enable
                0x0800612e       0x54 ./Firmware/GD32F30x_standard_peripheral/Source/gd32f30x_dma.o
                0x0800612e                dma_circulation_enable
 .text.dma_circulation_disable
                0x08006182       0x54 ./Firmware/GD32F30x_standard_peripheral/Source/gd32f30x_dma.o
                0x08006182                dma_circulation_disable
 .text.dma_memory_to_memory_disable
                0x080061d6       0x54 ./Firmware/GD32F30x_standard_peripheral/Source/gd32f30x_dma.o
                0x080061d6                dma_memory_to_memory_disable
 .text.dma_channel_enable
                0x0800622a       0x54 ./Firmware/GD32F30x_standard_peripheral/Source/gd32f30x_dma.o
                0x0800622a                dma_channel_enable
 .text.dma_channel_disable
                0x0800627e       0x54 ./Firmware/GD32F30x_standard_peripheral/Source/gd32f30x_dma.o
                0x0800627e                dma_channel_disable
 .text.dma_transfer_number_config
                0x080062d2       0x42 ./Firmware/GD32F30x_standard_peripheral/Source/gd32f30x_dma.o
                0x080062d2                dma_transfer_number_config
 .text.dma_transfer_number_get
                0x08006314       0x3a ./Firmware/GD32F30x_standard_peripheral/Source/gd32f30x_dma.o
                0x08006314                dma_transfer_number_get
 .text.dma_flag_get
                0x0800634e       0x38 ./Firmware/GD32F30x_standard_peripheral/Source/gd32f30x_dma.o
                0x0800634e                dma_flag_get
 .text.dma_flag_clear
                0x08006386       0x30 ./Firmware/GD32F30x_standard_peripheral/Source/gd32f30x_dma.o
                0x08006386                dma_flag_clear
 *fill*         0x080063b6        0x2 
 .text.dma_periph_and_channel_check
                0x080063b8       0x34 ./Firmware/GD32F30x_standard_peripheral/Source/gd32f30x_dma.o
 .text.exti_init
                0x080063ec       0xf4 ./Firmware/GD32F30x_standard_peripheral/Source/gd32f30x_exti.o
                0x080063ec                exti_init
 .text.exti_interrupt_flag_get
                0x080064e0       0x28 ./Firmware/GD32F30x_standard_peripheral/Source/gd32f30x_exti.o
                0x080064e0                exti_interrupt_flag_get
 .text.exti_interrupt_flag_clear
                0x08006508       0x1c ./Firmware/GD32F30x_standard_peripheral/Source/gd32f30x_exti.o
                0x08006508                exti_interrupt_flag_clear
 .text.fwdgt_write_enable
                0x08006524       0x18 ./Firmware/GD32F30x_standard_peripheral/Source/gd32f30x_fwdgt.o
                0x08006524                fwdgt_write_enable
 .text.fwdgt_write_disable
                0x0800653c       0x18 ./Firmware/GD32F30x_standard_peripheral/Source/gd32f30x_fwdgt.o
                0x0800653c                fwdgt_write_disable
 .text.fwdgt_enable
                0x08006554       0x18 ./Firmware/GD32F30x_standard_peripheral/Source/gd32f30x_fwdgt.o
                0x08006554                fwdgt_enable
 .text.fwdgt_counter_reload
                0x0800656c       0x18 ./Firmware/GD32F30x_standard_peripheral/Source/gd32f30x_fwdgt.o
                0x0800656c                fwdgt_counter_reload
 .text.fwdgt_config
                0x08006584       0xa8 ./Firmware/GD32F30x_standard_peripheral/Source/gd32f30x_fwdgt.o
                0x08006584                fwdgt_config
 .text.gpio_init
                0x0800662c      0x168 ./Firmware/GD32F30x_standard_peripheral/Source/gd32f30x_gpio.o
                0x0800662c                gpio_init
 .text.gpio_bit_set
                0x08006794       0x1e ./Firmware/GD32F30x_standard_peripheral/Source/gd32f30x_gpio.o
                0x08006794                gpio_bit_set
 .text.gpio_bit_reset
                0x080067b2       0x1e ./Firmware/GD32F30x_standard_peripheral/Source/gd32f30x_gpio.o
                0x080067b2                gpio_bit_reset
 .text.gpio_bit_write
                0x080067d0       0x34 ./Firmware/GD32F30x_standard_peripheral/Source/gd32f30x_gpio.o
                0x080067d0                gpio_bit_write
 .text.gpio_input_bit_get
                0x08006804       0x28 ./Firmware/GD32F30x_standard_peripheral/Source/gd32f30x_gpio.o
                0x08006804                gpio_input_bit_get
 .text.gpio_output_bit_get
                0x0800682c       0x28 ./Firmware/GD32F30x_standard_peripheral/Source/gd32f30x_gpio.o
                0x0800682c                gpio_output_bit_get
 .text.gpio_pin_remap_config
                0x08006854       0xe4 ./Firmware/GD32F30x_standard_peripheral/Source/gd32f30x_gpio.o
                0x08006854                gpio_pin_remap_config
 .text.gpio_exti_source_select
                0x08006938       0xf0 ./Firmware/GD32F30x_standard_peripheral/Source/gd32f30x_gpio.o
                0x08006938                gpio_exti_source_select
 .text.nvic_priority_group_set
                0x08006a28       0x24 ./Firmware/GD32F30x_standard_peripheral/Source/gd32f30x_misc.o
                0x08006a28                nvic_priority_group_set
 .text.nvic_irq_enable
                0x08006a4c      0x110 ./Firmware/GD32F30x_standard_peripheral/Source/gd32f30x_misc.o
                0x08006a4c                nvic_irq_enable
 .text.rcu_periph_clock_enable
                0x08006b5c       0x44 ./Firmware/GD32F30x_standard_peripheral/Source/gd32f30x_rcu.o
                0x08006b5c                rcu_periph_clock_enable
 .text.rcu_periph_reset_enable
                0x08006ba0       0x44 ./Firmware/GD32F30x_standard_peripheral/Source/gd32f30x_rcu.o
                0x08006ba0                rcu_periph_reset_enable
 .text.rcu_periph_reset_disable
                0x08006be4       0x48 ./Firmware/GD32F30x_standard_peripheral/Source/gd32f30x_rcu.o
                0x08006be4                rcu_periph_reset_disable
 .text.rcu_adc_clock_config
                0x08006c2c       0xc4 ./Firmware/GD32F30x_standard_peripheral/Source/gd32f30x_rcu.o
                0x08006c2c                rcu_adc_clock_config
 .text.rcu_clock_freq_get
                0x08006cf0      0x1e4 ./Firmware/GD32F30x_standard_peripheral/Source/gd32f30x_rcu.o
                0x08006cf0                rcu_clock_freq_get
 .text.timer_deinit
                0x08006ed4      0x130 ./Firmware/GD32F30x_standard_peripheral/Source/gd32f30x_timer.o
                0x08006ed4                timer_deinit
 .text.timer_struct_para_init
                0x08007004       0x38 ./Firmware/GD32F30x_standard_peripheral/Source/gd32f30x_timer.o
                0x08007004                timer_struct_para_init
 .text.timer_init
                0x0800703c       0xf8 ./Firmware/GD32F30x_standard_peripheral/Source/gd32f30x_timer.o
                0x0800703c                timer_init
 .text.timer_enable
                0x08007134       0x1e ./Firmware/GD32F30x_standard_peripheral/Source/gd32f30x_timer.o
                0x08007134                timer_enable
 .text.timer_disable
                0x08007152       0x1e ./Firmware/GD32F30x_standard_peripheral/Source/gd32f30x_timer.o
                0x08007152                timer_disable
 .text.timer_auto_reload_shadow_enable
                0x08007170       0x1e ./Firmware/GD32F30x_standard_peripheral/Source/gd32f30x_timer.o
                0x08007170                timer_auto_reload_shadow_enable
 .text.timer_update_event_enable
                0x0800718e       0x1e ./Firmware/GD32F30x_standard_peripheral/Source/gd32f30x_timer.o
                0x0800718e                timer_update_event_enable
 .text.timer_autoreload_value_config
                0x080071ac       0x20 ./Firmware/GD32F30x_standard_peripheral/Source/gd32f30x_timer.o
                0x080071ac                timer_autoreload_value_config
 .text.timer_counter_value_config
                0x080071cc       0x20 ./Firmware/GD32F30x_standard_peripheral/Source/gd32f30x_timer.o
                0x080071cc                timer_counter_value_config
 .text.timer_single_pulse_mode_config
                0x080071ec       0x3a ./Firmware/GD32F30x_standard_peripheral/Source/gd32f30x_timer.o
                0x080071ec                timer_single_pulse_mode_config
 .text.timer_interrupt_enable
                0x08007226       0x26 ./Firmware/GD32F30x_standard_peripheral/Source/gd32f30x_timer.o
                0x08007226                timer_interrupt_enable
 .text.timer_interrupt_flag_get
                0x0800724c       0x3a ./Firmware/GD32F30x_standard_peripheral/Source/gd32f30x_timer.o
                0x0800724c                timer_interrupt_flag_get
 .text.timer_interrupt_flag_clear
                0x08007286       0x20 ./Firmware/GD32F30x_standard_peripheral/Source/gd32f30x_timer.o
                0x08007286                timer_interrupt_flag_clear
 .text.timer_primary_output_config
                0x080072a6       0x3e ./Firmware/GD32F30x_standard_peripheral/Source/gd32f30x_timer.o
                0x080072a6                timer_primary_output_config
 .text.timer_channel_output_config
                0x080072e4      0x3dc ./Firmware/GD32F30x_standard_peripheral/Source/gd32f30x_timer.o
                0x080072e4                timer_channel_output_config
 .text.timer_channel_output_mode_config
                0x080076c0       0xc4 ./Firmware/GD32F30x_standard_peripheral/Source/gd32f30x_timer.o
                0x080076c0                timer_channel_output_mode_config
 .text.timer_channel_output_pulse_value_config
                0x08007784       0x68 ./Firmware/GD32F30x_standard_peripheral/Source/gd32f30x_timer.o
                0x08007784                timer_channel_output_pulse_value_config
 .text.timer_channel_output_shadow_config
                0x080077ec       0xc4 ./Firmware/GD32F30x_standard_peripheral/Source/gd32f30x_timer.o
                0x080077ec                timer_channel_output_shadow_config
 .text.timer_channel_input_struct_para_init
                0x080078b0       0x2a ./Firmware/GD32F30x_standard_peripheral/Source/gd32f30x_timer.o
                0x080078b0                timer_channel_input_struct_para_init
 *fill*         0x080078da        0x2 
 .text.timer_input_capture_config
                0x080078dc      0x27c ./Firmware/GD32F30x_standard_peripheral/Source/gd32f30x_timer.o
                0x080078dc                timer_input_capture_config
 .text.timer_channel_input_capture_prescaler_config
                0x08007b58       0xc4 ./Firmware/GD32F30x_standard_peripheral/Source/gd32f30x_timer.o
                0x08007b58                timer_channel_input_capture_prescaler_config
 .text.timer_channel_capture_value_register_read
                0x08007c1c       0x64 ./Firmware/GD32F30x_standard_peripheral/Source/gd32f30x_timer.o
                0x08007c1c                timer_channel_capture_value_register_read
 .text.usart_deinit
                0x08007c80       0xc4 ./Firmware/GD32F30x_standard_peripheral/Source/gd32f30x_usart.o
                0x08007c80                usart_deinit
 .text.usart_baudrate_set
                0x08007d44       0xe0 ./Firmware/GD32F30x_standard_peripheral/Source/gd32f30x_usart.o
                0x08007d44                usart_baudrate_set
 .text.usart_enable
                0x08007e24       0x22 ./Firmware/GD32F30x_standard_peripheral/Source/gd32f30x_usart.o
                0x08007e24                usart_enable
 .text.usart_transmit_config
                0x08007e46       0x38 ./Firmware/GD32F30x_standard_peripheral/Source/gd32f30x_usart.o
                0x08007e46                usart_transmit_config
 .text.usart_receive_config
                0x08007e7e       0x38 ./Firmware/GD32F30x_standard_peripheral/Source/gd32f30x_usart.o
                0x08007e7e                usart_receive_config
 .text.usart_data_transmit
                0x08007eb6       0x22 ./Firmware/GD32F30x_standard_peripheral/Source/gd32f30x_usart.o
                0x08007eb6                usart_data_transmit
 .text.usart_data_receive
                0x08007ed8       0x20 ./Firmware/GD32F30x_standard_peripheral/Source/gd32f30x_usart.o
                0x08007ed8                usart_data_receive
 .text.usart_dma_receive_config
                0x08007ef8       0x3a ./Firmware/GD32F30x_standard_peripheral/Source/gd32f30x_usart.o
                0x08007ef8                usart_dma_receive_config
 .text.usart_dma_transmit_config
                0x08007f32       0x3a ./Firmware/GD32F30x_standard_peripheral/Source/gd32f30x_usart.o
                0x08007f32                usart_dma_transmit_config
 .text.usart_flag_get
                0x08007f6c       0x3c ./Firmware/GD32F30x_standard_peripheral/Source/gd32f30x_usart.o
                0x08007f6c                usart_flag_get
 .text.usart_interrupt_enable
                0x08007fa8       0x40 ./Firmware/GD32F30x_standard_peripheral/Source/gd32f30x_usart.o
                0x08007fa8                usart_interrupt_enable
 .text.usart_interrupt_flag_get
                0x08007fe8       0x68 ./Firmware/GD32F30x_standard_peripheral/Source/gd32f30x_usart.o
                0x08007fe8                usart_interrupt_flag_get
 .text._sbrk    0x08008050       0x58 ./Firmware/CMSIS/GD/GD32F30x/Source/syscalls.o
                0x08008050                _sbrk
 .text._write   0x080080a8       0x3a ./Firmware/CMSIS/GD/GD32F30x/Source/syscalls.o
                0x080080a8                _write
 .text._close   0x080080e2       0x16 ./Firmware/CMSIS/GD/GD32F30x/Source/syscalls.o
                0x080080e2                _close
 .text._fstat   0x080080f8       0x1e ./Firmware/CMSIS/GD/GD32F30x/Source/syscalls.o
                0x080080f8                _fstat
 .text._isatty  0x08008116       0x14 ./Firmware/CMSIS/GD/GD32F30x/Source/syscalls.o
                0x08008116                _isatty
 .text._lseek   0x0800812a       0x18 ./Firmware/CMSIS/GD/GD32F30x/Source/syscalls.o
                0x0800812a                _lseek
 .text._read    0x08008142       0x3a ./Firmware/CMSIS/GD/GD32F30x/Source/syscalls.o
                0x08008142                _read
 .text._soft_delay_
                0x0800817c       0x32 ./Firmware/CMSIS/GD/GD32F30x/Source/system_gd32f30x.o
 *fill*         0x080081ae        0x2 
 .text.SystemInit
                0x080081b0      0x154 ./Firmware/CMSIS/GD/GD32F30x/Source/system_gd32f30x.o
                0x080081b0                SystemInit
 .text.system_clock_config
                0x08008304        0xc ./Firmware/CMSIS/GD/GD32F30x/Source/system_gd32f30x.o
 .text.system_clock_120m_hxtal
                0x08008310      0x14c ./Firmware/CMSIS/GD/GD32F30x/Source/system_gd32f30x.o
 .text.gd32f30x_firmware_version_get
                0x0800845c       0x10 ./Firmware/CMSIS/GD/GD32F30x/Source/system_gd32f30x.o
                0x0800845c                gd32f30x_firmware_version_get
 .text.__libc_init_array
                0x0800846c       0x48 d:/project/coffee/ide/tools/gnu tools arm embedded/xpack-arm-none-eabi-gcc/9.2.1-1.1/bin/../lib/gcc/arm-none-eabi/9.2.1/../../../../arm-none-eabi/lib/thumb/v7e-m/nofp\libg_nano.a(lib_a-init.o)
                0x0800846c                __libc_init_array
 .text.memset   0x080084b4       0x10 d:/project/coffee/ide/tools/gnu tools arm embedded/xpack-arm-none-eabi-gcc/9.2.1-1.1/bin/../lib/gcc/arm-none-eabi/9.2.1/../../../../arm-none-eabi/lib/thumb/v7e-m/nofp\libg_nano.a(lib_a-memset.o)
                0x080084b4                memset
 .text.printf   0x080084c4       0x30 d:/project/coffee/ide/tools/gnu tools arm embedded/xpack-arm-none-eabi-gcc/9.2.1-1.1/bin/../lib/gcc/arm-none-eabi/9.2.1/../../../../arm-none-eabi/lib/thumb/v7e-m/nofp\libg_nano.a(lib_a-printf.o)
                0x080084c4                iprintf
                0x080084c4                printf
 .text.std      0x080084f4       0x48 d:/project/coffee/ide/tools/gnu tools arm embedded/xpack-arm-none-eabi-gcc/9.2.1-1.1/bin/../lib/gcc/arm-none-eabi/9.2.1/../../../../arm-none-eabi/lib/thumb/v7e-m/nofp\libg_nano.a(lib_a-findfp.o)
 .text._cleanup_r
                0x0800853c        0xc d:/project/coffee/ide/tools/gnu tools arm embedded/xpack-arm-none-eabi-gcc/9.2.1-1.1/bin/../lib/gcc/arm-none-eabi/9.2.1/../../../../arm-none-eabi/lib/thumb/v7e-m/nofp\libg_nano.a(lib_a-findfp.o)
                0x0800853c                _cleanup_r
 .text.__sfmoreglue
                0x08008548       0x2c d:/project/coffee/ide/tools/gnu tools arm embedded/xpack-arm-none-eabi-gcc/9.2.1-1.1/bin/../lib/gcc/arm-none-eabi/9.2.1/../../../../arm-none-eabi/lib/thumb/v7e-m/nofp\libg_nano.a(lib_a-findfp.o)
                0x08008548                __sfmoreglue
 .text.__sfp_lock_acquire
                0x08008574        0xc d:/project/coffee/ide/tools/gnu tools arm embedded/xpack-arm-none-eabi-gcc/9.2.1-1.1/bin/../lib/gcc/arm-none-eabi/9.2.1/../../../../arm-none-eabi/lib/thumb/v7e-m/nofp\libg_nano.a(lib_a-findfp.o)
                0x08008574                __sfp_lock_acquire
 .text.__sfp_lock_release
                0x08008580        0xc d:/project/coffee/ide/tools/gnu tools arm embedded/xpack-arm-none-eabi-gcc/9.2.1-1.1/bin/../lib/gcc/arm-none-eabi/9.2.1/../../../../arm-none-eabi/lib/thumb/v7e-m/nofp\libg_nano.a(lib_a-findfp.o)
                0x08008580                __sfp_lock_release
 .text.__sinit_lock_acquire
                0x0800858c        0xc d:/project/coffee/ide/tools/gnu tools arm embedded/xpack-arm-none-eabi-gcc/9.2.1-1.1/bin/../lib/gcc/arm-none-eabi/9.2.1/../../../../arm-none-eabi/lib/thumb/v7e-m/nofp\libg_nano.a(lib_a-findfp.o)
                0x0800858c                __sinit_lock_acquire
 .text.__sinit_lock_release
                0x08008598        0xc d:/project/coffee/ide/tools/gnu tools arm embedded/xpack-arm-none-eabi-gcc/9.2.1-1.1/bin/../lib/gcc/arm-none-eabi/9.2.1/../../../../arm-none-eabi/lib/thumb/v7e-m/nofp\libg_nano.a(lib_a-findfp.o)
                0x08008598                __sinit_lock_release
 .text.__sinit  0x080085a4       0x70 d:/project/coffee/ide/tools/gnu tools arm embedded/xpack-arm-none-eabi-gcc/9.2.1-1.1/bin/../lib/gcc/arm-none-eabi/9.2.1/../../../../arm-none-eabi/lib/thumb/v7e-m/nofp\libg_nano.a(lib_a-findfp.o)
                0x080085a4                __sinit
 .text.__sfp    0x08008614       0x8c d:/project/coffee/ide/tools/gnu tools arm embedded/xpack-arm-none-eabi-gcc/9.2.1-1.1/bin/../lib/gcc/arm-none-eabi/9.2.1/../../../../arm-none-eabi/lib/thumb/v7e-m/nofp\libg_nano.a(lib_a-findfp.o)
                0x08008614                __sfp
 .text._fwalk_reent
                0x080086a0       0x3e d:/project/coffee/ide/tools/gnu tools arm embedded/xpack-arm-none-eabi-gcc/9.2.1-1.1/bin/../lib/gcc/arm-none-eabi/9.2.1/../../../../arm-none-eabi/lib/thumb/v7e-m/nofp\libg_nano.a(lib_a-fwalk.o)
                0x080086a0                _fwalk_reent
 .text.__retarget_lock_init_recursive
                0x080086de        0x2 d:/project/coffee/ide/tools/gnu tools arm embedded/xpack-arm-none-eabi-gcc/9.2.1-1.1/bin/../lib/gcc/arm-none-eabi/9.2.1/../../../../arm-none-eabi/lib/thumb/v7e-m/nofp\libg_nano.a(lib_a-lock.o)
                0x080086de                __retarget_lock_init_recursive
 .text.__retarget_lock_acquire_recursive
                0x080086e0        0x2 d:/project/coffee/ide/tools/gnu tools arm embedded/xpack-arm-none-eabi-gcc/9.2.1-1.1/bin/../lib/gcc/arm-none-eabi/9.2.1/../../../../arm-none-eabi/lib/thumb/v7e-m/nofp\libg_nano.a(lib_a-lock.o)
                0x080086e0                __retarget_lock_acquire_recursive
 .text.__retarget_lock_release_recursive
                0x080086e2        0x2 d:/project/coffee/ide/tools/gnu tools arm embedded/xpack-arm-none-eabi-gcc/9.2.1-1.1/bin/../lib/gcc/arm-none-eabi/9.2.1/../../../../arm-none-eabi/lib/thumb/v7e-m/nofp\libg_nano.a(lib_a-lock.o)
                0x080086e2                __retarget_lock_release_recursive
 .text._free_r  0x080086e4       0x9c d:/project/coffee/ide/tools/gnu tools arm embedded/xpack-arm-none-eabi-gcc/9.2.1-1.1/bin/../lib/gcc/arm-none-eabi/9.2.1/../../../../arm-none-eabi/lib/thumb/v7e-m/nofp\libg_nano.a(lib_a-nano-freer.o)
                0x080086e4                _free_r
 .text._malloc_r
                0x08008780       0xb4 d:/project/coffee/ide/tools/gnu tools arm embedded/xpack-arm-none-eabi-gcc/9.2.1-1.1/bin/../lib/gcc/arm-none-eabi/9.2.1/../../../../arm-none-eabi/lib/thumb/v7e-m/nofp\libg_nano.a(lib_a-nano-mallocr.o)
                0x08008780                _malloc_r
 .text.__sfputc_r
                0x08008834       0x2a d:/project/coffee/ide/tools/gnu tools arm embedded/xpack-arm-none-eabi-gcc/9.2.1-1.1/bin/../lib/gcc/arm-none-eabi/9.2.1/../../../../arm-none-eabi/lib/thumb/v7e-m/nofp\libg_nano.a(lib_a-nano-vfprintf.o)
 .text.__sfputs_r
                0x0800885e       0x24 d:/project/coffee/ide/tools/gnu tools arm embedded/xpack-arm-none-eabi-gcc/9.2.1-1.1/bin/../lib/gcc/arm-none-eabi/9.2.1/../../../../arm-none-eabi/lib/thumb/v7e-m/nofp\libg_nano.a(lib_a-nano-vfprintf.o)
                0x0800885e                __sfputs_r
 *fill*         0x08008882        0x2 
 .text._vfprintf_r
                0x08008884      0x260 d:/project/coffee/ide/tools/gnu tools arm embedded/xpack-arm-none-eabi-gcc/9.2.1-1.1/bin/../lib/gcc/arm-none-eabi/9.2.1/../../../../arm-none-eabi/lib/thumb/v7e-m/nofp\libg_nano.a(lib_a-nano-vfprintf.o)
                0x08008884                _vfprintf_r
                0x08008884                _vfiprintf_r
 .text._printf_common
                0x08008ae4       0xda d:/project/coffee/ide/tools/gnu tools arm embedded/xpack-arm-none-eabi-gcc/9.2.1-1.1/bin/../lib/gcc/arm-none-eabi/9.2.1/../../../../arm-none-eabi/lib/thumb/v7e-m/nofp\libg_nano.a(lib_a-nano-vfprintf_i.o)
                0x08008ae4                _printf_common
 *fill*         0x08008bbe        0x2 
 .text._printf_i
                0x08008bc0      0x24c d:/project/coffee/ide/tools/gnu tools arm embedded/xpack-arm-none-eabi-gcc/9.2.1-1.1/bin/../lib/gcc/arm-none-eabi/9.2.1/../../../../arm-none-eabi/lib/thumb/v7e-m/nofp\libg_nano.a(lib_a-nano-vfprintf_i.o)
                0x08008bc0                _printf_i
 .text._sbrk_r  0x08008e0c       0x20 d:/project/coffee/ide/tools/gnu tools arm embedded/xpack-arm-none-eabi-gcc/9.2.1-1.1/bin/../lib/gcc/arm-none-eabi/9.2.1/../../../../arm-none-eabi/lib/thumb/v7e-m/nofp\libg_nano.a(lib_a-sbrkr.o)
                0x08008e0c                _sbrk_r
 .text.__sread  0x08008e2c       0x22 d:/project/coffee/ide/tools/gnu tools arm embedded/xpack-arm-none-eabi-gcc/9.2.1-1.1/bin/../lib/gcc/arm-none-eabi/9.2.1/../../../../arm-none-eabi/lib/thumb/v7e-m/nofp\libg_nano.a(lib_a-stdio.o)
                0x08008e2c                __sread
 .text.__swrite
                0x08008e4e       0x38 d:/project/coffee/ide/tools/gnu tools arm embedded/xpack-arm-none-eabi-gcc/9.2.1-1.1/bin/../lib/gcc/arm-none-eabi/9.2.1/../../../../arm-none-eabi/lib/thumb/v7e-m/nofp\libg_nano.a(lib_a-stdio.o)
                0x08008e4e                __swrite
 .text.__sseek  0x08008e86       0x24 d:/project/coffee/ide/tools/gnu tools arm embedded/xpack-arm-none-eabi-gcc/9.2.1-1.1/bin/../lib/gcc/arm-none-eabi/9.2.1/../../../../arm-none-eabi/lib/thumb/v7e-m/nofp\libg_nano.a(lib_a-stdio.o)
                0x08008e86                __sseek
 .text.__sclose
                0x08008eaa        0x8 d:/project/coffee/ide/tools/gnu tools arm embedded/xpack-arm-none-eabi-gcc/9.2.1-1.1/bin/../lib/gcc/arm-none-eabi/9.2.1/../../../../arm-none-eabi/lib/thumb/v7e-m/nofp\libg_nano.a(lib_a-stdio.o)
                0x08008eaa                __sclose
 *fill*         0x08008eb2        0x2 
 .text.__swbuf_r
                0x08008eb4       0xa4 d:/project/coffee/ide/tools/gnu tools arm embedded/xpack-arm-none-eabi-gcc/9.2.1-1.1/bin/../lib/gcc/arm-none-eabi/9.2.1/../../../../arm-none-eabi/lib/thumb/v7e-m/nofp\libg_nano.a(lib_a-wbuf.o)
                0x08008eb4                __swbuf_r
 .text._write_r
                0x08008f58       0x24 d:/project/coffee/ide/tools/gnu tools arm embedded/xpack-arm-none-eabi-gcc/9.2.1-1.1/bin/../lib/gcc/arm-none-eabi/9.2.1/../../../../arm-none-eabi/lib/thumb/v7e-m/nofp\libg_nano.a(lib_a-writer.o)
                0x08008f58                _write_r
 .text.__swsetup_r
                0x08008f7c       0xdc d:/project/coffee/ide/tools/gnu tools arm embedded/xpack-arm-none-eabi-gcc/9.2.1-1.1/bin/../lib/gcc/arm-none-eabi/9.2.1/../../../../arm-none-eabi/lib/thumb/v7e-m/nofp\libg_nano.a(lib_a-wsetup.o)
                0x08008f7c                __swsetup_r
 .text._close_r
                0x08009058       0x20 d:/project/coffee/ide/tools/gnu tools arm embedded/xpack-arm-none-eabi-gcc/9.2.1-1.1/bin/../lib/gcc/arm-none-eabi/9.2.1/../../../../arm-none-eabi/lib/thumb/v7e-m/nofp\libg_nano.a(lib_a-closer.o)
                0x08009058                _close_r
 .text.__sflush_r
                0x08009078      0x10c d:/project/coffee/ide/tools/gnu tools arm embedded/xpack-arm-none-eabi-gcc/9.2.1-1.1/bin/../lib/gcc/arm-none-eabi/9.2.1/../../../../arm-none-eabi/lib/thumb/v7e-m/nofp\libg_nano.a(lib_a-fflush.o)
                0x08009078                __sflush_r
 .text._fflush_r
                0x08009184       0x78 d:/project/coffee/ide/tools/gnu tools arm embedded/xpack-arm-none-eabi-gcc/9.2.1-1.1/bin/../lib/gcc/arm-none-eabi/9.2.1/../../../../arm-none-eabi/lib/thumb/v7e-m/nofp\libg_nano.a(lib_a-fflush.o)
                0x08009184                _fflush_r
 .text._lseek_r
                0x080091fc       0x24 d:/project/coffee/ide/tools/gnu tools arm embedded/xpack-arm-none-eabi-gcc/9.2.1-1.1/bin/../lib/gcc/arm-none-eabi/9.2.1/../../../../arm-none-eabi/lib/thumb/v7e-m/nofp\libg_nano.a(lib_a-lseekr.o)
                0x080091fc                _lseek_r
 .text.__swhatbuf_r
                0x08009220       0x48 d:/project/coffee/ide/tools/gnu tools arm embedded/xpack-arm-none-eabi-gcc/9.2.1-1.1/bin/../lib/gcc/arm-none-eabi/9.2.1/../../../../arm-none-eabi/lib/thumb/v7e-m/nofp\libg_nano.a(lib_a-makebuf.o)
                0x08009220                __swhatbuf_r
 .text.__smakebuf_r
                0x08009268       0x80 d:/project/coffee/ide/tools/gnu tools arm embedded/xpack-arm-none-eabi-gcc/9.2.1-1.1/bin/../lib/gcc/arm-none-eabi/9.2.1/../../../../arm-none-eabi/lib/thumb/v7e-m/nofp\libg_nano.a(lib_a-makebuf.o)
                0x08009268                __smakebuf_r
 .text.__malloc_lock
                0x080092e8        0xc d:/project/coffee/ide/tools/gnu tools arm embedded/xpack-arm-none-eabi-gcc/9.2.1-1.1/bin/../lib/gcc/arm-none-eabi/9.2.1/../../../../arm-none-eabi/lib/thumb/v7e-m/nofp\libg_nano.a(lib_a-mlock.o)
                0x080092e8                __malloc_lock
 .text.__malloc_unlock
                0x080092f4        0xc d:/project/coffee/ide/tools/gnu tools arm embedded/xpack-arm-none-eabi-gcc/9.2.1-1.1/bin/../lib/gcc/arm-none-eabi/9.2.1/../../../../arm-none-eabi/lib/thumb/v7e-m/nofp\libg_nano.a(lib_a-mlock.o)
                0x080092f4                __malloc_unlock
 .text._read_r  0x08009300       0x24 d:/project/coffee/ide/tools/gnu tools arm embedded/xpack-arm-none-eabi-gcc/9.2.1-1.1/bin/../lib/gcc/arm-none-eabi/9.2.1/../../../../arm-none-eabi/lib/thumb/v7e-m/nofp\libg_nano.a(lib_a-readr.o)
                0x08009300                _read_r
 .text._fstat_r
                0x08009324       0x24 d:/project/coffee/ide/tools/gnu tools arm embedded/xpack-arm-none-eabi-gcc/9.2.1-1.1/bin/../lib/gcc/arm-none-eabi/9.2.1/../../../../arm-none-eabi/lib/thumb/v7e-m/nofp\libg_nano.a(lib_a-fstatr.o)
                0x08009324                _fstat_r
 .text._isatty_r
                0x08009348       0x20 d:/project/coffee/ide/tools/gnu tools arm embedded/xpack-arm-none-eabi-gcc/9.2.1-1.1/bin/../lib/gcc/arm-none-eabi/9.2.1/../../../../arm-none-eabi/lib/thumb/v7e-m/nofp\libg_nano.a(lib_a-isattyr.o)
                0x08009348                _isatty_r
 *(.glue_7)
 .glue_7        0x08009368        0x0 linker stubs
 *(.glue_7t)
 .glue_7t       0x08009368        0x0 linker stubs
 *(.eh_frame)
 .eh_frame      0x08009368        0x0 d:/project/coffee/ide/tools/gnu tools arm embedded/xpack-arm-none-eabi-gcc/9.2.1-1.1/bin/../lib/gcc/arm-none-eabi/9.2.1/thumb/v7e-m/nofp/crtbegin.o
 *(.init)
 .init          0x08009368        0x4 d:/project/coffee/ide/tools/gnu tools arm embedded/xpack-arm-none-eabi-gcc/9.2.1-1.1/bin/../lib/gcc/arm-none-eabi/9.2.1/thumb/v7e-m/nofp/crti.o
                0x08009368                _init
 .init          0x0800936c        0x8 d:/project/coffee/ide/tools/gnu tools arm embedded/xpack-arm-none-eabi-gcc/9.2.1-1.1/bin/../lib/gcc/arm-none-eabi/9.2.1/thumb/v7e-m/nofp/crtn.o
 *(.fini)
 .fini          0x08009374        0x4 d:/project/coffee/ide/tools/gnu tools arm embedded/xpack-arm-none-eabi-gcc/9.2.1-1.1/bin/../lib/gcc/arm-none-eabi/9.2.1/thumb/v7e-m/nofp/crti.o
                0x08009374                _fini
 .fini          0x08009378        0x8 d:/project/coffee/ide/tools/gnu tools arm embedded/xpack-arm-none-eabi-gcc/9.2.1-1.1/bin/../lib/gcc/arm-none-eabi/9.2.1/thumb/v7e-m/nofp/crtn.o
                0x08009380                . = ALIGN (0x4)
                0x08009380                _etext = .

.vfp11_veneer   0x08009380        0x0
 .vfp11_veneer  0x08009380        0x0 linker stubs

.v4_bx          0x08009380        0x0
 .v4_bx         0x08009380        0x0 linker stubs

.iplt           0x08009380        0x0
 .iplt          0x08009380        0x0 d:/project/coffee/ide/tools/gnu tools arm embedded/xpack-arm-none-eabi-gcc/9.2.1-1.1/bin/../lib/gcc/arm-none-eabi/9.2.1/thumb/v7e-m/nofp/crtbegin.o

.rodata         0x08009380      0x154
                0x08009380                . = ALIGN (0x4)
 *(.rodata)
 .rodata        0x08009380       0x70 ./src/main.o
 .rodata        0x080093f0       0x13 ./app/bus.o
 *fill*         0x08009403        0x1 
 .rodata        0x08009404       0x20 ./app/usart.o
 .rodata        0x08009424       0x18 ./Firmware/GD32F30x_standard_peripheral/Source/gd32f30x_rcu.o
 *(.rodata*)
 .rodata._global_impure_ptr
                0x0800943c        0x4 d:/project/coffee/ide/tools/gnu tools arm embedded/xpack-arm-none-eabi-gcc/9.2.1-1.1/bin/../lib/gcc/arm-none-eabi/9.2.1/../../../../arm-none-eabi/lib/thumb/v7e-m/nofp\libg_nano.a(lib_a-impure.o)
                0x0800943c                _global_impure_ptr
 .rodata.__sf_fake_stderr
                0x08009440       0x20 d:/project/coffee/ide/tools/gnu tools arm embedded/xpack-arm-none-eabi-gcc/9.2.1-1.1/bin/../lib/gcc/arm-none-eabi/9.2.1/../../../../arm-none-eabi/lib/thumb/v7e-m/nofp\libg_nano.a(lib_a-findfp.o)
                0x08009440                __sf_fake_stderr
 .rodata.__sf_fake_stdin
                0x08009460       0x20 d:/project/coffee/ide/tools/gnu tools arm embedded/xpack-arm-none-eabi-gcc/9.2.1-1.1/bin/../lib/gcc/arm-none-eabi/9.2.1/../../../../arm-none-eabi/lib/thumb/v7e-m/nofp\libg_nano.a(lib_a-findfp.o)
                0x08009460                __sf_fake_stdin
 .rodata.__sf_fake_stdout
                0x08009480       0x20 d:/project/coffee/ide/tools/gnu tools arm embedded/xpack-arm-none-eabi-gcc/9.2.1-1.1/bin/../lib/gcc/arm-none-eabi/9.2.1/../../../../arm-none-eabi/lib/thumb/v7e-m/nofp\libg_nano.a(lib_a-findfp.o)
                0x08009480                __sf_fake_stdout
 .rodata._vfprintf_r.str1.1
                0x080094a0       0x11 d:/project/coffee/ide/tools/gnu tools arm embedded/xpack-arm-none-eabi-gcc/9.2.1-1.1/bin/../lib/gcc/arm-none-eabi/9.2.1/../../../../arm-none-eabi/lib/thumb/v7e-m/nofp\libg_nano.a(lib_a-nano-vfprintf.o)
 .rodata._printf_i.str1.1
                0x080094b1       0x22 d:/project/coffee/ide/tools/gnu tools arm embedded/xpack-arm-none-eabi-gcc/9.2.1-1.1/bin/../lib/gcc/arm-none-eabi/9.2.1/../../../../arm-none-eabi/lib/thumb/v7e-m/nofp\libg_nano.a(lib_a-nano-vfprintf_i.o)
                0x080094d4                . = ALIGN (0x4)
 *fill*         0x080094d3        0x1 

.rel.dyn        0x080094d4        0x0
 .rel.iplt      0x080094d4        0x0 d:/project/coffee/ide/tools/gnu tools arm embedded/xpack-arm-none-eabi-gcc/9.2.1-1.1/bin/../lib/gcc/arm-none-eabi/9.2.1/thumb/v7e-m/nofp/crtbegin.o

.ARM.extab
 *(.ARM.extab* .gnu.linkonce.armextab.*)

.ARM            0x080094d4        0x0
                0x080094d4                __exidx_start = .
 *(.ARM.exidx*)
                0x080094d4                __exidx_end = .

.ARM.attributes
                0x080094d4       0x2a
 *(.ARM.attributes)
 .ARM.attributes
                0x080094d4       0x1e d:/project/coffee/ide/tools/gnu tools arm embedded/xpack-arm-none-eabi-gcc/9.2.1-1.1/bin/../lib/gcc/arm-none-eabi/9.2.1/thumb/v7e-m/nofp/crti.o
 .ARM.attributes
                0x080094f2       0x2e d:/project/coffee/ide/tools/gnu tools arm embedded/xpack-arm-none-eabi-gcc/9.2.1-1.1/bin/../lib/gcc/arm-none-eabi/9.2.1/thumb/v7e-m/nofp/crtbegin.o
 .ARM.attributes
                0x08009520       0x2e ./src/gd32f30x_it.o
 .ARM.attributes
                0x0800954e       0x2e ./src/main.o
 .ARM.attributes
                0x0800957c       0x2e ./src/systick.o
 .ARM.attributes
                0x080095aa       0x2e ./osal/os_lyh_core.o
 .ARM.attributes
                0x080095d8       0x21 ./gcc_startup/startup_gd32f30x_hd.o
 .ARM.attributes
                0x080095f9       0x2e ./app/acmotor.o
 .ARM.attributes
                0x08009627       0x2e ./app/adc.o
 .ARM.attributes
                0x08009655       0x2e ./app/app.o
 .ARM.attributes
                0x08009683       0x2e ./app/bus.o
 .ARM.attributes
                0x080096b1       0x2e ./app/dcmotor.o
 .ARM.attributes
                0x080096df       0x2e ./app/display.o
 .ARM.attributes
                0x0800970d       0x2e ./app/extint.o
 .ARM.attributes
                0x0800973b       0x2e ./app/gpio.o
 .ARM.attributes
                0x08009769       0x2e ./app/heat.o
 .ARM.attributes
                0x08009797       0x2e ./app/keyboard.o
 .ARM.attributes
                0x080097c5       0x2e ./app/relay.o
 .ARM.attributes
                0x080097f3       0x2e ./app/timer.o
 .ARM.attributes
                0x08009821       0x2e ./app/usart.o
 .ARM.attributes
                0x0800984f       0x2e ./Firmware/GD32F30x_standard_peripheral/Source/gd32f30x_adc.o
 .ARM.attributes
                0x0800987d       0x2e ./Firmware/GD32F30x_standard_peripheral/Source/gd32f30x_dma.o
 .ARM.attributes
                0x080098ab       0x2e ./Firmware/GD32F30x_standard_peripheral/Source/gd32f30x_exti.o
 .ARM.attributes
                0x080098d9       0x2e ./Firmware/GD32F30x_standard_peripheral/Source/gd32f30x_fwdgt.o
 .ARM.attributes
                0x08009907       0x2e ./Firmware/GD32F30x_standard_peripheral/Source/gd32f30x_gpio.o
 .ARM.attributes
                0x08009935       0x2e ./Firmware/GD32F30x_standard_peripheral/Source/gd32f30x_misc.o
 .ARM.attributes
                0x08009963       0x2e ./Firmware/GD32F30x_standard_peripheral/Source/gd32f30x_rcu.o
 .ARM.attributes
                0x08009991       0x2e ./Firmware/GD32F30x_standard_peripheral/Source/gd32f30x_timer.o
 .ARM.attributes
                0x080099bf       0x2e ./Firmware/GD32F30x_standard_peripheral/Source/gd32f30x_usart.o
 .ARM.attributes
                0x080099ed       0x2e ./Firmware/CMSIS/GD/GD32F30x/Source/syscalls.o
 .ARM.attributes
                0x08009a1b       0x2e ./Firmware/CMSIS/GD/GD32F30x/Source/system_gd32f30x.o
 .ARM.attributes
                0x08009a49       0x2e d:/project/coffee/ide/tools/gnu tools arm embedded/xpack-arm-none-eabi-gcc/9.2.1-1.1/bin/../lib/gcc/arm-none-eabi/9.2.1/../../../../arm-none-eabi/lib/thumb/v7e-m/nofp\libg_nano.a(lib_a-impure.o)
 .ARM.attributes
                0x08009a77       0x2e d:/project/coffee/ide/tools/gnu tools arm embedded/xpack-arm-none-eabi-gcc/9.2.1-1.1/bin/../lib/gcc/arm-none-eabi/9.2.1/../../../../arm-none-eabi/lib/thumb/v7e-m/nofp\libg_nano.a(lib_a-init.o)
 .ARM.attributes
                0x08009aa5       0x2e d:/project/coffee/ide/tools/gnu tools arm embedded/xpack-arm-none-eabi-gcc/9.2.1-1.1/bin/../lib/gcc/arm-none-eabi/9.2.1/../../../../arm-none-eabi/lib/thumb/v7e-m/nofp\libg_nano.a(lib_a-memset.o)
 .ARM.attributes
                0x08009ad3       0x2e d:/project/coffee/ide/tools/gnu tools arm embedded/xpack-arm-none-eabi-gcc/9.2.1-1.1/bin/../lib/gcc/arm-none-eabi/9.2.1/../../../../arm-none-eabi/lib/thumb/v7e-m/nofp\libg_nano.a(lib_a-printf.o)
 .ARM.attributes
                0x08009b01       0x2e d:/project/coffee/ide/tools/gnu tools arm embedded/xpack-arm-none-eabi-gcc/9.2.1-1.1/bin/../lib/gcc/arm-none-eabi/9.2.1/../../../../arm-none-eabi/lib/thumb/v7e-m/nofp\libg_nano.a(lib_a-reent.o)
 .ARM.attributes
                0x08009b2f       0x2e d:/project/coffee/ide/tools/gnu tools arm embedded/xpack-arm-none-eabi-gcc/9.2.1-1.1/bin/../lib/gcc/arm-none-eabi/9.2.1/../../../../arm-none-eabi/lib/thumb/v7e-m/nofp\libg_nano.a(lib_a-findfp.o)
 .ARM.attributes
                0x08009b5d       0x2e d:/project/coffee/ide/tools/gnu tools arm embedded/xpack-arm-none-eabi-gcc/9.2.1-1.1/bin/../lib/gcc/arm-none-eabi/9.2.1/../../../../arm-none-eabi/lib/thumb/v7e-m/nofp\libg_nano.a(lib_a-fwalk.o)
 .ARM.attributes
                0x08009b8b       0x2e d:/project/coffee/ide/tools/gnu tools arm embedded/xpack-arm-none-eabi-gcc/9.2.1-1.1/bin/../lib/gcc/arm-none-eabi/9.2.1/../../../../arm-none-eabi/lib/thumb/v7e-m/nofp\libg_nano.a(lib_a-lock.o)
 .ARM.attributes
                0x08009bb9       0x2e d:/project/coffee/ide/tools/gnu tools arm embedded/xpack-arm-none-eabi-gcc/9.2.1-1.1/bin/../lib/gcc/arm-none-eabi/9.2.1/../../../../arm-none-eabi/lib/thumb/v7e-m/nofp\libg_nano.a(lib_a-nano-freer.o)
 .ARM.attributes
                0x08009be7       0x2e d:/project/coffee/ide/tools/gnu tools arm embedded/xpack-arm-none-eabi-gcc/9.2.1-1.1/bin/../lib/gcc/arm-none-eabi/9.2.1/../../../../arm-none-eabi/lib/thumb/v7e-m/nofp\libg_nano.a(lib_a-nano-mallocr.o)
 .ARM.attributes
                0x08009c15       0x2e d:/project/coffee/ide/tools/gnu tools arm embedded/xpack-arm-none-eabi-gcc/9.2.1-1.1/bin/../lib/gcc/arm-none-eabi/9.2.1/../../../../arm-none-eabi/lib/thumb/v7e-m/nofp\libg_nano.a(lib_a-nano-vfprintf.o)
 .ARM.attributes
                0x08009c43       0x2e d:/project/coffee/ide/tools/gnu tools arm embedded/xpack-arm-none-eabi-gcc/9.2.1-1.1/bin/../lib/gcc/arm-none-eabi/9.2.1/../../../../arm-none-eabi/lib/thumb/v7e-m/nofp\libg_nano.a(lib_a-nano-vfprintf_i.o)
 .ARM.attributes
                0x08009c71       0x2e d:/project/coffee/ide/tools/gnu tools arm embedded/xpack-arm-none-eabi-gcc/9.2.1-1.1/bin/../lib/gcc/arm-none-eabi/9.2.1/../../../../arm-none-eabi/lib/thumb/v7e-m/nofp\libg_nano.a(lib_a-sbrkr.o)
 .ARM.attributes
                0x08009c9f       0x2e d:/project/coffee/ide/tools/gnu tools arm embedded/xpack-arm-none-eabi-gcc/9.2.1-1.1/bin/../lib/gcc/arm-none-eabi/9.2.1/../../../../arm-none-eabi/lib/thumb/v7e-m/nofp\libg_nano.a(lib_a-stdio.o)
 .ARM.attributes
                0x08009ccd       0x2e d:/project/coffee/ide/tools/gnu tools arm embedded/xpack-arm-none-eabi-gcc/9.2.1-1.1/bin/../lib/gcc/arm-none-eabi/9.2.1/../../../../arm-none-eabi/lib/thumb/v7e-m/nofp\libg_nano.a(lib_a-wbuf.o)
 .ARM.attributes
                0x08009cfb       0x2e d:/project/coffee/ide/tools/gnu tools arm embedded/xpack-arm-none-eabi-gcc/9.2.1-1.1/bin/../lib/gcc/arm-none-eabi/9.2.1/../../../../arm-none-eabi/lib/thumb/v7e-m/nofp\libg_nano.a(lib_a-writer.o)
 .ARM.attributes
                0x08009d29       0x2e d:/project/coffee/ide/tools/gnu tools arm embedded/xpack-arm-none-eabi-gcc/9.2.1-1.1/bin/../lib/gcc/arm-none-eabi/9.2.1/../../../../arm-none-eabi/lib/thumb/v7e-m/nofp\libg_nano.a(lib_a-wsetup.o)
 .ARM.attributes
                0x08009d57       0x2e d:/project/coffee/ide/tools/gnu tools arm embedded/xpack-arm-none-eabi-gcc/9.2.1-1.1/bin/../lib/gcc/arm-none-eabi/9.2.1/../../../../arm-none-eabi/lib/thumb/v7e-m/nofp\libg_nano.a(lib_a-closer.o)
 .ARM.attributes
                0x08009d85       0x2e d:/project/coffee/ide/tools/gnu tools arm embedded/xpack-arm-none-eabi-gcc/9.2.1-1.1/bin/../lib/gcc/arm-none-eabi/9.2.1/../../../../arm-none-eabi/lib/thumb/v7e-m/nofp\libg_nano.a(lib_a-fflush.o)
 .ARM.attributes
                0x08009db3       0x2e d:/project/coffee/ide/tools/gnu tools arm embedded/xpack-arm-none-eabi-gcc/9.2.1-1.1/bin/../lib/gcc/arm-none-eabi/9.2.1/../../../../arm-none-eabi/lib/thumb/v7e-m/nofp\libg_nano.a(lib_a-lseekr.o)
 .ARM.attributes
                0x08009de1       0x2e d:/project/coffee/ide/tools/gnu tools arm embedded/xpack-arm-none-eabi-gcc/9.2.1-1.1/bin/../lib/gcc/arm-none-eabi/9.2.1/../../../../arm-none-eabi/lib/thumb/v7e-m/nofp\libg_nano.a(lib_a-makebuf.o)
 .ARM.attributes
                0x08009e0f       0x1c d:/project/coffee/ide/tools/gnu tools arm embedded/xpack-arm-none-eabi-gcc/9.2.1-1.1/bin/../lib/gcc/arm-none-eabi/9.2.1/../../../../arm-none-eabi/lib/thumb/v7e-m/nofp\libg_nano.a(lib_a-memchr.o)
 .ARM.attributes
                0x08009e2b       0x2e d:/project/coffee/ide/tools/gnu tools arm embedded/xpack-arm-none-eabi-gcc/9.2.1-1.1/bin/../lib/gcc/arm-none-eabi/9.2.1/../../../../arm-none-eabi/lib/thumb/v7e-m/nofp\libg_nano.a(lib_a-mlock.o)
 .ARM.attributes
                0x08009e59       0x2e d:/project/coffee/ide/tools/gnu tools arm embedded/xpack-arm-none-eabi-gcc/9.2.1-1.1/bin/../lib/gcc/arm-none-eabi/9.2.1/../../../../arm-none-eabi/lib/thumb/v7e-m/nofp\libg_nano.a(lib_a-readr.o)
 .ARM.attributes
                0x08009e87       0x2e d:/project/coffee/ide/tools/gnu tools arm embedded/xpack-arm-none-eabi-gcc/9.2.1-1.1/bin/../lib/gcc/arm-none-eabi/9.2.1/../../../../arm-none-eabi/lib/thumb/v7e-m/nofp\libg_nano.a(lib_a-fstatr.o)
 .ARM.attributes
                0x08009eb5       0x2e d:/project/coffee/ide/tools/gnu tools arm embedded/xpack-arm-none-eabi-gcc/9.2.1-1.1/bin/../lib/gcc/arm-none-eabi/9.2.1/../../../../arm-none-eabi/lib/thumb/v7e-m/nofp\libg_nano.a(lib_a-isattyr.o)
 .ARM.attributes
                0x08009ee3       0x1e d:/project/coffee/ide/tools/gnu tools arm embedded/xpack-arm-none-eabi-gcc/9.2.1-1.1/bin/../lib/gcc/arm-none-eabi/9.2.1/thumb/v7e-m/nofp/crtn.o

.preinit_array  0x080094d4        0x0
                0x080094d4                PROVIDE (__preinit_array_start = .)
 *(.preinit_array*)
                0x080094d4                PROVIDE (__preinit_array_end = .)

.init_array     0x080094d4        0x4
                0x080094d4                PROVIDE (__init_array_start = .)
 *(SORT_BY_NAME(.init_array.*))
 *(.init_array*)
 .init_array    0x080094d4        0x4 d:/project/coffee/ide/tools/gnu tools arm embedded/xpack-arm-none-eabi-gcc/9.2.1-1.1/bin/../lib/gcc/arm-none-eabi/9.2.1/thumb/v7e-m/nofp/crtbegin.o
                0x080094d8                PROVIDE (__init_array_end = .)

.fini_array     0x080094d8        0x4
                [!provide]                PROVIDE (__fini_array_start = .)
 *(.fini_array*)
 .fini_array    0x080094d8        0x4 d:/project/coffee/ide/tools/gnu tools arm embedded/xpack-arm-none-eabi-gcc/9.2.1-1.1/bin/../lib/gcc/arm-none-eabi/9.2.1/thumb/v7e-m/nofp/crtbegin.o
 *(SORT_BY_NAME(.fini_array.*))
                [!provide]                PROVIDE (__fini_array_end = .)
                0x080094dc                _sidata = LOADADDR (.data)

.data           0x20000000       0x6c load address 0x080094dc
                0x20000000                . = ALIGN (0x4)
                0x20000000                _sdata = .
 *(.data)
 *(.data*)
 .data.curbrk.6120
                0x20000000        0x4 ./Firmware/CMSIS/GD/GD32F30x/Source/syscalls.o
 .data.SystemCoreClock
                0x20000004        0x4 ./Firmware/CMSIS/GD/GD32F30x/Source/system_gd32f30x.o
                0x20000004                SystemCoreClock
 .data._impure_ptr
                0x20000008        0x4 d:/project/coffee/ide/tools/gnu tools arm embedded/xpack-arm-none-eabi-gcc/9.2.1-1.1/bin/../lib/gcc/arm-none-eabi/9.2.1/../../../../arm-none-eabi/lib/thumb/v7e-m/nofp\libg_nano.a(lib_a-impure.o)
                0x20000008                _impure_ptr
 .data.impure_data
                0x2000000c       0x60 d:/project/coffee/ide/tools/gnu tools arm embedded/xpack-arm-none-eabi-gcc/9.2.1-1.1/bin/../lib/gcc/arm-none-eabi/9.2.1/../../../../arm-none-eabi/lib/thumb/v7e-m/nofp\libg_nano.a(lib_a-impure.o)
                0x2000006c                . = ALIGN (0x4)
                0x2000006c                _edata = .

.igot.plt       0x2000006c        0x0 load address 0x08009548
 .igot.plt      0x2000006c        0x0 d:/project/coffee/ide/tools/gnu tools arm embedded/xpack-arm-none-eabi-gcc/9.2.1-1.1/bin/../lib/gcc/arm-none-eabi/9.2.1/thumb/v7e-m/nofp/crtbegin.o
                0x2000006c                . = ALIGN (0x4)

.bss            0x2000006c      0x318 load address 0x08009548
                0x2000006c                . = ALIGN (0x4)
                0x2000006c                _sbss = .
                0x2000006c                __bss_start__ = _sbss
 *(.bss)
 *(.bss*)
 .bss.completed.8911
                0x2000006c        0x1 d:/project/coffee/ide/tools/gnu tools arm embedded/xpack-arm-none-eabi-gcc/9.2.1-1.1/bin/../lib/gcc/arm-none-eabi/9.2.1/thumb/v7e-m/nofp/crtbegin.o
 *fill*         0x2000006d        0x3 
 .bss.object.8916
                0x20000070       0x18 d:/project/coffee/ide/tools/gnu tools arm embedded/xpack-arm-none-eabi-gcc/9.2.1-1.1/bin/../lib/gcc/arm-none-eabi/9.2.1/thumb/v7e-m/nofp/crtbegin.o
 .bss.delay     0x20000088        0x4 ./src/systick.o
 .bss.target_phase_delay_us
                0x2000008c        0x2 ./app/acmotor.o
                0x2000008c                target_phase_delay_us
 .bss.current_phase_delay_us
                0x2000008e        0x2 ./app/acmotor.o
                0x2000008e                current_phase_delay_us
 .bss.target_speed_rpm
                0x20000090        0x2 ./app/acmotor.o
                0x20000090                target_speed_rpm
 .bss.current_speed_rpm
                0x20000092        0x2 ./app/acmotor.o
                0x20000092                current_speed_rpm
 .bss.last_zero_cross_tick_ms
                0x20000094        0x4 ./app/acmotor.o
                0x20000094                last_zero_cross_tick_ms
 .bss.last_feedback_tick_ms
                0x20000098        0x4 ./app/acmotor.o
                0x20000098                last_feedback_tick_ms
 .bss.last_capture_value
                0x2000009c        0x4 ./app/acmotor.o
                0x2000009c                last_capture_value
 .bss.current_period_us
                0x200000a0        0x4 ./app/acmotor.o
                0x200000a0                current_period_us
 .bss.sta.8839  0x200000a4        0x1 ./app/app.o
 .bss.sta.8856  0x200000a5        0x1 ./app/app.o
 .bss.sta.8873  0x200000a6        0x1 ./app/app.o
 .bss.sta.8888  0x200000a7        0x1 ./app/app.o
 .bss.sta.8901  0x200000a8        0x1 ./app/app.o
 .bss.sta.8915  0x200000a9        0x1 ./app/app.o
 .bss.sta.8926  0x200000aa        0x1 ./app/app.o
 .bss.motor_state
                0x200000ab        0x1 ./app/dcmotor.o
 .bss.chksum.7746
                0x200000ac        0x1 ./app/usart.o
 .bss.stateFlow.7749
                0x200000ad        0x1 ./app/usart.o
 .bss.len.7747  0x200000ae        0x1 ./app/usart.o
 .bss.size.7748
                0x200000af        0x1 ./app/usart.o
 .bss.__malloc_free_list
                0x200000b0        0x4 d:/project/coffee/ide/tools/gnu tools arm embedded/xpack-arm-none-eabi-gcc/9.2.1-1.1/bin/../lib/gcc/arm-none-eabi/9.2.1/../../../../arm-none-eabi/lib/thumb/v7e-m/nofp\libg_nano.a(lib_a-nano-mallocr.o)
                0x200000b0                __malloc_free_list
 .bss.__malloc_sbrk_start
                0x200000b4        0x4 d:/project/coffee/ide/tools/gnu tools arm embedded/xpack-arm-none-eabi-gcc/9.2.1-1.1/bin/../lib/gcc/arm-none-eabi/9.2.1/../../../../arm-none-eabi/lib/thumb/v7e-m/nofp\libg_nano.a(lib_a-nano-mallocr.o)
                0x200000b4                __malloc_sbrk_start
 *(COMMON)
 COMMON         0x200000b8        0x4 ./src/systick.o
                0x200000b8                uwTick
 COMMON         0x200000bc      0x150 ./osal/os_lyh_core.o
                0x200000bc                overTimeStruct
                0x200001bc                tasksPendMask
                0x200001c0                tasksArr
                0x200001d0                thisPt
                0x200001d4                eventMap
                0x200001e4                taskDelayCounter
                0x200001f4                PreTicks
                0x200001f8                thisTask
                0x200001fc                taskseventArr
 COMMON         0x2000020c        0x6 ./app/acmotor.o
                0x2000020c                pumb_motor_duty
                0x2000020d                pumb_motor_state
                0x2000020e                grind_motor_state
                0x2000020f                motor_error
                0x20000210                pumb_motor_mode
                0x20000211                heat_motor_state
 *fill*         0x20000212        0x2 
 COMMON         0x20000214        0xe ./app/adc.o
                0x20000214                adc_value
                0x20000220                ac_max_value
 *fill*         0x20000222        0x2 
 COMMON         0x20000224       0x12 ./app/app.o
                0x20000224                app_task_step
                0x20000225                Buzzer_times
                0x20000226                app_id
                0x20000228                run_max_time
                0x2000022a                Leds_loop_run
                0x2000022c                drop_beans_time
                0x2000022e                turn_off_flag
                0x2000022f                CERRNT_STATE
                0x20000230                manual_setup
                0x20000233                flush_flag
                0x20000234                cup_loop
                0x20000235                app_task_substep
 COMMON         0x20000236        0x3 ./app/bus.o
                0x20000236                bus_dbg_period
                0x20000237                bus_id
                0x20000238                bus_task_step
 *fill*         0x20000239        0x3 
 COMMON         0x2000023c        0x4 ./app/display.o
                0x2000023c                virtul_led
 COMMON         0x20000240        0x5 ./app/heat.o
                0x20000240                heat_task_step
                0x20000242                target_temp
                0x20000244                heat_id
 *fill*         0x20000245        0x3 
 COMMON         0x20000248       0x6a ./app/keyboard.o
                0x20000248                keyboard_task_step
                0x20000249                keyboard_id
                0x2000024c                keyinfo
                0x200002b0                keyTouch_in
 *fill*         0x200002b2        0x2 
 COMMON         0x200002b4       0xbe ./app/usart.o
                0x200002b4                com2rx_counter
                0x200002b8                com2rx_buffer
                0x200002f8                com2rx_r_counter
                0x200002fc                com2rx_frame
                0x2000033c                com1rx_frame
                0x2000034c                com1tx_buffer
                0x2000035c                com1rx_counter
                0x20000360                com1rx_buffer
                0x20000370                com2rx_w_counter
 *fill*         0x20000372        0x2 
 COMMON         0x20000374        0x4 d:/project/coffee/ide/tools/gnu tools arm embedded/xpack-arm-none-eabi-gcc/9.2.1-1.1/bin/../lib/gcc/arm-none-eabi/9.2.1/../../../../arm-none-eabi/lib/thumb/v7e-m/nofp\libg_nano.a(lib_a-reent.o)
                0x20000374                errno
 COMMON         0x20000378        0x9 d:/project/coffee/ide/tools/gnu tools arm embedded/xpack-arm-none-eabi-gcc/9.2.1-1.1/bin/../lib/gcc/arm-none-eabi/9.2.1/../../../../arm-none-eabi/lib/thumb/v7e-m/nofp\libg_nano.a(lib_a-lock.o)
                0x20000378                __lock___atexit_recursive_mutex
                0x20000379                __lock___arc4random_mutex
                0x2000037a                __lock___env_recursive_mutex
                0x2000037b                __lock___sinit_recursive_mutex
                0x2000037c                __lock___malloc_recursive_mutex
                0x2000037d                __lock___at_quick_exit_mutex
                0x2000037e                __lock___dd_hash_mutex
                0x2000037f                __lock___tz_mutex
                0x20000380                __lock___sfp_recursive_mutex
                0x20000384                . = ALIGN (0x4)
 *fill*         0x20000381        0x3 
                0x20000384                _ebss = .
                0x20000384                __bss_end__ = _ebss

.heap_stack     0x20000384      0xc04 load address 0x08009548
                0x20000388                . = ALIGN (0x8)
 *fill*         0x20000384        0x4 
                [!provide]                PROVIDE (end = _ebss)
                0x20000384                PROVIDE (_end = _ebss)
                0x20000788                . = (. + __heap_size)
 *fill*         0x20000388      0x400 
                0x20000788                PROVIDE (_heap_end = .)
                0x20000f88                . = (. + __stack_size)
 *fill*         0x20000788      0x800 
                0x20000f88                PROVIDE (_sp = .)
                0x20000f88                . = ALIGN (0x8)
START GROUP
LOAD d:/project/coffee/ide/tools/gnu tools arm embedded/xpack-arm-none-eabi-gcc/9.2.1-1.1/bin/../lib/gcc/arm-none-eabi/9.2.1/thumb/v7e-m/nofp\libgcc.a
LOAD d:/project/coffee/ide/tools/gnu tools arm embedded/xpack-arm-none-eabi-gcc/9.2.1-1.1/bin/../lib/gcc/arm-none-eabi/9.2.1/../../../../arm-none-eabi/lib/thumb/v7e-m/nofp\libc.a
LOAD d:/project/coffee/ide/tools/gnu tools arm embedded/xpack-arm-none-eabi-gcc/9.2.1-1.1/bin/../lib/gcc/arm-none-eabi/9.2.1/../../../../arm-none-eabi/lib/thumb/v7e-m/nofp\libm.a
LOAD d:/project/coffee/ide/tools/gnu tools arm embedded/xpack-arm-none-eabi-gcc/9.2.1-1.1/bin/../lib/gcc/arm-none-eabi/9.2.1/../../../../arm-none-eabi/lib/thumb/v7e-m/nofp\libnosys.a
END GROUP
OUTPUT(source.elf elf32-littlearm)

.debug_info     0x00000000    0x1237c
 .debug_info    0x00000000      0x6ae ./src/gd32f30x_it.o
 .debug_info    0x000006ae      0xd69 ./src/main.o
 .debug_info    0x00001417      0x6bb ./src/systick.o
 .debug_info    0x00001ad2      0xde8 ./osal/os_lyh_core.o
 .debug_info    0x000028ba       0x22 ./gcc_startup/startup_gd32f30x_hd.o
 .debug_info    0x000028dc     0x153a ./app/acmotor.o
 .debug_info    0x00003e16      0x42f ./app/adc.o
 .debug_info    0x00004245     0x1ae0 ./app/app.o
 .debug_info    0x00005d25      0xc00 ./app/bus.o
 .debug_info    0x00006925      0xd42 ./app/dcmotor.o
 .debug_info    0x00007667      0x30c ./app/display.o
 .debug_info    0x00007973      0x4a6 ./app/extint.o
 .debug_info    0x00007e19      0x24c ./app/gpio.o
 .debug_info    0x00008065      0xe21 ./app/heat.o
 .debug_info    0x00008e86      0xd55 ./app/keyboard.o
 .debug_info    0x00009bdb      0x239 ./app/relay.o
 .debug_info    0x00009e14      0x67d ./app/timer.o
 .debug_info    0x0000a491      0xaf2 ./app/usart.o
 .debug_info    0x0000af83      0xa82 ./Firmware/GD32F30x_standard_peripheral/Source/gd32f30x_adc.o
 .debug_info    0x0000ba05     0x1216 ./Firmware/GD32F30x_standard_peripheral/Source/gd32f30x_dma.o
 .debug_info    0x0000cc1b      0x3c2 ./Firmware/GD32F30x_standard_peripheral/Source/gd32f30x_exti.o
 .debug_info    0x0000cfdd      0x299 ./Firmware/GD32F30x_standard_peripheral/Source/gd32f30x_fwdgt.o
 .debug_info    0x0000d276      0x686 ./Firmware/GD32F30x_standard_peripheral/Source/gd32f30x_gpio.o
 .debug_info    0x0000d8fc      0x74e ./Firmware/GD32F30x_standard_peripheral/Source/gd32f30x_misc.o
 .debug_info    0x0000e04a      0xd93 ./Firmware/GD32F30x_standard_peripheral/Source/gd32f30x_rcu.o
 .debug_info    0x0000eddd     0x142b ./Firmware/GD32F30x_standard_peripheral/Source/gd32f30x_timer.o
 .debug_info    0x00010208      0xded ./Firmware/GD32F30x_standard_peripheral/Source/gd32f30x_usart.o
 .debug_info    0x00010ff5     0x10ce ./Firmware/CMSIS/GD/GD32F30x/Source/syscalls.o
 .debug_info    0x000120c3      0x2b9 ./Firmware/CMSIS/GD/GD32F30x/Source/system_gd32f30x.o

.debug_abbrev   0x00000000     0x3924
 .debug_abbrev  0x00000000      0x17c ./src/gd32f30x_it.o
 .debug_abbrev  0x0000017c      0x268 ./src/main.o
 .debug_abbrev  0x000003e4      0x1ef ./src/systick.o
 .debug_abbrev  0x000005d3      0x2e6 ./osal/os_lyh_core.o
 .debug_abbrev  0x000008b9       0x12 ./gcc_startup/startup_gd32f30x_hd.o
 .debug_abbrev  0x000008cb      0x3d4 ./app/acmotor.o
 .debug_abbrev  0x00000c9f      0x171 ./app/adc.o
 .debug_abbrev  0x00000e10      0x406 ./app/app.o
 .debug_abbrev  0x00001216      0x2b1 ./app/bus.o
 .debug_abbrev  0x000014c7      0x2b8 ./app/dcmotor.o
 .debug_abbrev  0x0000177f      0x1a5 ./app/display.o
 .debug_abbrev  0x00001924       0xe2 ./app/extint.o
 .debug_abbrev  0x00001a06       0xa8 ./app/gpio.o
 .debug_abbrev  0x00001aae      0x2c4 ./app/heat.o
 .debug_abbrev  0x00001d72      0x315 ./app/keyboard.o
 .debug_abbrev  0x00002087       0xf6 ./app/relay.o
 .debug_abbrev  0x0000217d      0x18e ./app/timer.o
 .debug_abbrev  0x0000230b      0x267 ./app/usart.o
 .debug_abbrev  0x00002572      0x190 ./Firmware/GD32F30x_standard_peripheral/Source/gd32f30x_adc.o
 .debug_abbrev  0x00002702      0x32e ./Firmware/GD32F30x_standard_peripheral/Source/gd32f30x_dma.o
 .debug_abbrev  0x00002a30      0x127 ./Firmware/GD32F30x_standard_peripheral/Source/gd32f30x_exti.o
 .debug_abbrev  0x00002b57       0xf7 ./Firmware/GD32F30x_standard_peripheral/Source/gd32f30x_fwdgt.o
 .debug_abbrev  0x00002c4e      0x1ee ./Firmware/GD32F30x_standard_peripheral/Source/gd32f30x_gpio.o
 .debug_abbrev  0x00002e3c      0x19f ./Firmware/GD32F30x_standard_peripheral/Source/gd32f30x_misc.o
 .debug_abbrev  0x00002fdb      0x1c0 ./Firmware/GD32F30x_standard_peripheral/Source/gd32f30x_rcu.o
 .debug_abbrev  0x0000319b      0x1b0 ./Firmware/GD32F30x_standard_peripheral/Source/gd32f30x_timer.o
 .debug_abbrev  0x0000334b      0x1a3 ./Firmware/GD32F30x_standard_peripheral/Source/gd32f30x_usart.o
 .debug_abbrev  0x000034ee      0x29c ./Firmware/CMSIS/GD/GD32F30x/Source/syscalls.o
 .debug_abbrev  0x0000378a      0x19a ./Firmware/CMSIS/GD/GD32F30x/Source/system_gd32f30x.o

.debug_aranges  0x00000000     0x1230