Archive member included to satisfy reference by file (symbol)

d:/project/coffee/ide/tools/gnu tools arm embedded/xpack-arm-none-eabi-gcc/9.2.1-1.1/bin/../lib/gcc/arm-none-eabi/9.2.1/../../../../arm-none-eabi/lib/thumb/v7e-m/nofp\libg_nano.a(lib_a-exit.o)
                              d:/project/coffee/ide/tools/gnu tools arm embedded/xpack-arm-none-eabi-gcc/9.2.1-1.1/bin/../lib/gcc/arm-none-eabi/9.2.1/../../../../arm-none-eabi/lib/thumb/v7e-m/nofp/crt0.o (exit)
d:/project/coffee/ide/tools/gnu tools arm embedded/xpack-arm-none-eabi-gcc/9.2.1-1.1/bin/../lib/gcc/arm-none-eabi/9.2.1/../../../../arm-none-eabi/lib/thumb/v7e-m/nofp\libg_nano.a(lib_a-impure.o)
                              d:/project/coffee/ide/tools/gnu tools arm embedded/xpack-arm-none-eabi-gcc/9.2.1-1.1/bin/../lib/gcc/arm-none-eabi/9.2.1/../../../../arm-none-eabi/lib/thumb/v7e-m/nofp\libg_nano.a(lib_a-exit.o) (_global_impure_ptr)
d:/project/coffee/ide/tools/gnu tools arm embedded/xpack-arm-none-eabi-gcc/9.2.1-1.1/bin/../lib/gcc/arm-none-eabi/9.2.1/../../../../arm-none-eabi/lib/thumb/v7e-m/nofp\libg_nano.a(lib_a-init.o)
                              d:/project/coffee/ide/tools/gnu tools arm embedded/xpack-arm-none-eabi-gcc/9.2.1-1.1/bin/../lib/gcc/arm-none-eabi/9.2.1/../../../../arm-none-eabi/lib/thumb/v7e-m/nofp/crt0.o (__libc_init_array)
d:/project/coffee/ide/tools/gnu tools arm embedded/xpack-arm-none-eabi-gcc/9.2.1-1.1/bin/../lib/gcc/arm-none-eabi/9.2.1/../../../../arm-none-eabi/lib/thumb/v7e-m/nofp\libg_nano.a(lib_a-memset.o)
                              d:/project/coffee/ide/tools/gnu tools arm embedded/xpack-arm-none-eabi-gcc/9.2.1-1.1/bin/../lib/gcc/arm-none-eabi/9.2.1/../../../../arm-none-eabi/lib/thumb/v7e-m/nofp/crt0.o (memset)
d:/project/coffee/ide/tools/gnu tools arm embedded/xpack-arm-none-eabi-gcc/9.2.1-1.1/bin/../lib/gcc/arm-none-eabi/9.2.1/../../../../arm-none-eabi/lib/thumb/v7e-m/nofp\libg_nano.a(lib_a-printf.o)
                              ./src/main.o (printf)
d:/project/coffee/ide/tools/gnu tools arm embedded/xpack-arm-none-eabi-gcc/9.2.1-1.1/bin/../lib/gcc/arm-none-eabi/9.2.1/../../../../arm-none-eabi/lib/thumb/v7e-m/nofp\libg_nano.a(lib_a-reent.o)
                              ./Firmware/CMSIS/GD/GD32F30x/Source/syscalls.o (errno)
d:/project/coffee/ide/tools/gnu tools arm embedded/xpack-arm-none-eabi-gcc/9.2.1-1.1/bin/../lib/gcc/arm-none-eabi/9.2.1/../../../../arm-none-eabi/lib/thumb/v7e-m/nofp\libg_nano.a(lib_a-findfp.o)
                              d:/project/coffee/ide/tools/gnu tools arm embedded/xpack-arm-none-eabi-gcc/9.2.1-1.1/bin/../lib/gcc/arm-none-eabi/9.2.1/../../../../arm-none-eabi/lib/thumb/v7e-m/nofp\libg_nano.a(lib_a-printf.o) (__sinit)
d:/project/coffee/ide/tools/gnu tools arm embedded/xpack-arm-none-eabi-gcc/9.2.1-1.1/bin/../lib/gcc/arm-none-eabi/9.2.1/../../../../arm-none-eabi/lib/thumb/v7e-m/nofp\libg_nano.a(lib_a-fwalk.o)
                              d:/project/coffee/ide/tools/gnu tools arm embedded/xpack-arm-none-eabi-gcc/9.2.1-1.1/bin/../lib/gcc/arm-none-eabi/9.2.1/../../../../arm-none-eabi/lib/thumb/v7e-m/nofp\libg_nano.a(lib_a-findfp.o) (_fwalk)
d:/project/coffee/ide/tools/gnu tools arm embedded/xpack-arm-none-eabi-gcc/9.2.1-1.1/bin/../lib/gcc/arm-none-eabi/9.2.1/../../../../arm-none-eabi/lib/thumb/v7e-m/nofp\libg_nano.a(lib_a-lock.o)
                              d:/project/coffee/ide/tools/gnu tools arm embedded/xpack-arm-none-eabi-gcc/9.2.1-1.1/bin/../lib/gcc/arm-none-eabi/9.2.1/../../../../arm-none-eabi/lib/thumb/v7e-m/nofp\libg_nano.a(lib_a-findfp.o) (__retarget_lock_init_recursive)
d:/project/coffee/ide/tools/gnu tools arm embedded/xpack-arm-none-eabi-gcc/9.2.1-1.1/bin/../lib/gcc/arm-none-eabi/9.2.1/../../../../arm-none-eabi/lib/thumb/v7e-m/nofp\libg_nano.a(lib_a-nano-freer.o)
                              d:/project/coffee/ide/tools/gnu tools arm embedded/xpack-arm-none-eabi-gcc/9.2.1-1.1/bin/../lib/gcc/arm-none-eabi/9.2.1/../../../../arm-none-eabi/lib/thumb/v7e-m/nofp\libg_nano.a(lib_a-reent.o) (_free_r)
d:/project/coffee/ide/tools/gnu tools arm embedded/xpack-arm-none-eabi-gcc/9.2.1-1.1/bin/../lib/gcc/arm-none-eabi/9.2.1/../../../../arm-none-eabi/lib/thumb/v7e-m/nofp\libg_nano.a(lib_a-nano-mallocr.o)
                              d:/project/coffee/ide/tools/gnu tools arm embedded/xpack-arm-none-eabi-gcc/9.2.1-1.1/bin/../lib/gcc/arm-none-eabi/9.2.1/../../../../arm-none-eabi/lib/thumb/v7e-m/nofp\libg_nano.a(lib_a-findfp.o) (_malloc_r)
d:/project/coffee/ide/tools/gnu tools arm embedded/xpack-arm-none-eabi-gcc/9.2.1-1.1/bin/../lib/gcc/arm-none-eabi/9.2.1/../../../../arm-none-eabi/lib/thumb/v7e-m/nofp\libg_nano.a(lib_a-nano-vfprintf.o)
                              d:/project/coffee/ide/tools/gnu tools arm embedded/xpack-arm-none-eabi-gcc/9.2.1-1.1/bin/../lib/gcc/arm-none-eabi/9.2.1/../../../../arm-none-eabi/lib/thumb/v7e-m/nofp\libg_nano.a(lib_a-printf.o) (_vfprintf_r)
[...]
Memory Configuration

Name             Origin             Length             Attributes
FLASH            0x08000000         0x00040000         xr
RAM              0x20000000         0x0000c000         xrw
*default*        0x00000000         0xffffffff

Linker script and memory map

LOAD d:/project/coffee/ide/tools/gnu tools arm embedded/xpack-arm-none-eabi-gcc/9.2.1-1.1/bin/../lib/gcc/arm-none-eabi/9.2.1/thumb/v7e-m/nofp/crti.o
LOAD d:/project/coffee/ide/tools/gnu tools arm embedded/xpack-arm-none-eabi-gcc/9.2.1-1.1/bin/../lib/gcc/arm-none-eabi/9.2.1/thumb/v7e-m/nofp/crtbegin.o
LOAD d:/project/coffee/ide/tools/gnu tools arm embedded/xpack-arm-none-eabi-gcc/9.2.1-1.1/bin/../lib/gcc/arm-none-eabi/9.2.1/../../../../arm-none-eabi/lib/thumb/v7e-m/nofp/crt0.o
LOAD ./src/gd32f307c_eval.o
LOAD ./src/gd32f30x_it.o
LOAD ./src/main.o
LOAD ./src/systick.o
LOAD ./osal/os_lyh_core.o
LOAD ./gcc_startup/startup_gd32f30x_hd.o
LOAD ./app/acmotor.o
LOAD ./app/adc.o
LOAD ./app/app.o
LOAD ./app/bus.o
LOAD ./app/dcmotor.o
LOAD ./app/display.o
LOAD ./app/extint.o
LOAD ./app/gpio.o
LOAD ./app/heat.o
LOAD ./app/keyboard.o
LOAD ./app/timer.o
LOAD ./app/usart.o
LOAD ./Firmware/GD32F30x_standard_peripheral/Source/gd32f30x_adc.o
LOAD ./Firmware/GD32F30x_standard_peripheral/Source/gd32f30x_bkp.o
LOAD ./Firmware/GD32F30x_standard_peripheral/Source/gd32f30x_can.o
LOAD ./Firmware/GD32F30x_standard_peripheral/Source/gd32f30x_crc.o
LOAD ./Firmware/GD32F30x_standard_peripheral/Source/gd32f30x_ctc.o
LOAD ./Firmware/GD32F30x_standard_peripheral/Source/gd32f30x_dac.o
LOAD ./Firmware/GD32F30x_standard_peripheral/Source/gd32f30x_dbg.o
LOAD ./Firmware/GD32F30x_standard_peripheral/Source/gd32f30x_dma.o
LOAD ./Firmware/GD32F30x_standard_peripheral/Source/gd32f30x_enet.o
LOAD ./Firmware/GD32F30x_standard_peripheral/Source/gd32f30x_exmc.o
LOAD ./Firmware/GD32F30x_standard_peripheral/Source/gd32f30x_exti.o
LOAD ./Firmware/GD32F30x_standard_peripheral/Source/gd32f30x_fmc.o
LOAD ./Firmware/GD32F30x_standard_peripheral/Source/gd32f30x_fwdgt.o
LOAD ./Firmware/GD32F30x_standard_peripheral/Source/gd32f30x_gpio.o
LOAD ./Firmware/GD32F30x_standard_peripheral/Source/gd32f30x_i2c.o
LOAD ./Firmware/GD32F30x_standard_peripheral/Source/gd32f30x_misc.o
LOAD ./Firmware/GD32F30x_standard_peripheral/Source/gd32f30x_pmu.o
LOAD ./Firmware/GD32F30x_standard_peripheral/Source/gd32f30x_rcu.o
LOAD ./Firmware/GD32F30x_standard_peripheral/Source/gd32f30x_rtc.o
LOAD ./Firmware/GD32F30x_standard_peripheral/Source/gd32f30x_sdio.o
LOAD ./Firmware/GD32F30x_standard_peripheral/Source/gd32f30x_spi.o
LOAD ./Firmware/GD32F30x_standard_peripheral/Source/gd32f30x_timer.o
LOAD ./Firmware/GD32F30x_standard_peripheral/Source/gd32f30x_usart.o
LOAD ./Firmware/GD32F30x_standard_peripheral/Source/gd32f30x_wwdgt.o
LOAD ./Firmware/CMSIS/GD/GD32F30x/Source/syscalls.o
LOAD ./Firmware/CMSIS/GD/GD32F30x/Source/system_gd32f30x.o
START GROUP
LOAD d:/project/coffee/ide/tools/gnu tools arm embedded/xpack-arm-none-eabi-gcc/9.2.1-1.1/bin/../lib/gcc/arm-none-eabi/9.2.1/thumb/v7e-m/nofp\libgcc.a
LOAD d:/project/coffee/ide/tools/gnu tools arm embedded/xpack-arm-none-eabi-gcc/9.2.1-1.1/bin/../lib/gcc/arm-none-eabi/9.2.1/../../../../arm-none-eabi/lib/thumb/v7e-m/nofp\libg_nano.a
LOAD d:/project/coffee/ide/tools/gnu tools arm embedded/xpack-arm-none-eabi-gcc/9.2.1-1.1/bin/../lib/gcc/arm-none-eabi/9.2.1/../../../../arm-none-eabi/lib/thumb/v7e-m/nofp\libc_nano.a
END GROUP
START GROUP
LOAD d:/project/coffee/ide/tools/gnu tools arm embedded/xpack-arm-none-eabi-gcc/9.2.1-1.1/bin/../lib/gcc/arm-none-eabi/9.2.1/thumb/v7e-m/nofp\libgcc.a
LOAD d:/project/coffee/ide/tools/gnu tools arm embedded/xpack-arm-none-eabi-gcc/9.2.1-1.1/bin/../lib/gcc/arm-none-eabi/9.2.1/../../../../arm-none-eabi/lib/thumb/v7e-m/nofp\libc_nano.a
LOAD d:/project/coffee/ide/tools/gnu tools arm embedded/xpack-arm-none-eabi-gcc/9.2.1-1.1/bin/../lib/gcc/arm-none-eabi/9.2.1/../../../../arm-none-eabi/lib/thumb/v7e-m/nofp\libnosys.a
END GROUP
START GROUP
LOAD d:/project/coffee/ide/tools/gnu tools arm embedded/xpack-arm-none-eabi-gcc/9.2.1-1.1/bin/../lib/gcc/arm-none-eabi/9.2.1/thumb/v7e-m/nofp\libgcc.a
LOAD d:/project/coffee/ide/tools/gnu tools arm embedded/xpack-arm-none-eabi-gcc/9.2.1-1.1/bin/../lib/gcc/arm-none-eabi/9.2.1/../../../../arm-none-eabi/lib/thumb/v7e-m/nofp\libc_nano.a
LOAD d:/project/coffee/ide/tools/gnu tools arm embedded/xpack-arm-none-eabi-gcc/9.2.1-1.1/bin/../lib/gcc/arm-none-eabi/9.2.1/../../../../arm-none-eabi/lib/thumb/v7e-m/nofp\libnosys.a
END GROUP
LOAD d:/project/coffee/ide/tools/gnu tools arm embedded/xpack-arm-none-eabi-gcc/9.2.1-1.1/bin/../lib/gcc/arm-none-eabi/9.2.1/thumb/v7e-m/nofp/crtend.o
LOAD d:/project/coffee/ide/tools/gnu tools arm embedded/xpack-arm-none-eabi-gcc/9.2.1-1.1/bin/../lib/gcc/arm-none-eabi/9.2.1/thumb/v7e-m/nofp/crtn.o
                0x00000800                __stack_size = DEFINED (__stack_size)?__stack_size:0x800
                0x00000400                __heap_size = DEFINED (__heap_size)?__heap_size:0x400

.vectors        0x08000000      0x130
                0x08000000                . = ALIGN (0x4)
 *(.vectors)
 .vectors       0x08000000      0x130 ./gcc_startup/startup_gd32f30x_hd.o
                0x08000000                __gVectors
                0x08000130                . = ALIGN (0x4)
                0x08000130                __Vectors_End = .
                0x08000130                __Vectors_Size = (__Vectors_End - __gVectors)

.text           0x08000130     0x90e4
                0x08000130                . = ALIGN (0x4)
 *(.text)
 .text          0x08000130       0xa0 d:/project/coffee/ide/tools/gnu tools arm embedded/xpack-arm-none-eabi-gcc/9.2.1-1.1/bin/../lib/gcc/arm-none-eabi/9.2.1/../../../../arm-none-eabi/lib/thumb/v7e-m/nofp\libg_nano.a(lib_a-memchr.o)
                0x08000130                memchr
 *(.text*)
 .text.__do_global_dtors_aux
                0x080001d0       0x24 d:/project/coffee/ide/tools/gnu tools arm embedded/xpack-arm-none-eabi-gcc/9.2.1-1.1/bin/../lib/gcc/arm-none-eabi/9.2.1/thumb/v7e-m/nofp/crtbegin.o
 .text.frame_dummy
                0x080001f4       0x1c d:/project/coffee/ide/tools/gnu tools arm embedded/xpack-arm-none-eabi-gcc/9.2.1-1.1/bin/../lib/gcc/arm-none-eabi/9.2.1/thumb/v7e-m/nofp/crtbegin.o
 .text.NMI_Handler
                0x08000210        0xc ./src/gd32f30x_it.o
                0x08000210                NMI_Handler
 .text.HardFault_Handler
                0x0800021c        0x6 ./src/gd32f30x_it.o
                0x0800021c                HardFault_Handler
 .text.MemManage_Handler
                0x08000222        0x6 ./src/gd32f30x_it.o
                0x08000222                MemManage_Handler
 .text.BusFault_Handler
                0x08000228        0x6 ./src/gd32f30x_it.o
                0x08000228                BusFault_Handler
 .text.UsageFault_Handler
                0x0800022e        0x6 ./src/gd32f30x_it.o
                0x0800022e                UsageFault_Handler
 .text.SVC_Handler
                0x08000234        0xc ./src/gd32f30x_it.o
                0x08000234                SVC_Handler
 .text.DebugMon_Handler
                0x08000240        0xc ./src/gd32f30x_it.o
                0x08000240                DebugMon_Handler
 .text.PendSV_Handler
                0x0800024c        0xc ./src/gd32f30x_it.o
                0x0800024c                PendSV_Handler
 .text.SysTick_Handler
                0x08000258       0x1c ./src/gd32f30x_it.o
                0x08000258                SysTick_Handler
 .text.USART1_IRQHandler
                0x08000274       0x54 ./src/gd32f30x_it.o
                0x08000274                USART1_IRQHandler
 .text.EXTI0_IRQHandler
                0x080002c8       0x1a ./src/gd32f30x_it.o
                0x080002c8                EXTI0_IRQHandler
 .text.EXTI5_9_IRQHandler
                0x080002e2       0x3c ./src/gd32f30x_it.o
                0x080002e2                EXTI5_9_IRQHandler
 .text.TIMER1_IRQHandler
                0x0800031e       0x4e ./src/gd32f30x_it.o
                0x0800031e                TIMER1_IRQHandler
 .text.TIMER2_IRQHandler
                0x0800036c       0x24 ./src/gd32f30x_it.o
                0x0800036c                TIMER2_IRQHandler
 .text.TIMER3_IRQHandler
                0x08000390       0x50 ./src/gd32f30x_it.o
                0x08000390                TIMER3_IRQHandler
 .text.TIMER4_IRQHandler
                0x080003e0       0x34 ./src/gd32f30x_it.o
                0x080003e0                TIMER4_IRQHandler
 .text.TIMER5_IRQHandler
                0x08000414       0xa8 ./src/gd32f30x_it.o
                0x08000414                TIMER5_IRQHandler
 .text.TIMER6_IRQHandler
                0x080004bc       0x40 ./src/gd32f30x_it.o
                0x080004bc                TIMER6_IRQHandler
 .text.main     0x080004fc      0x114 ./src/main.o
                0x080004fc                main
 .text.__io_putchar
                0x08000610       0x24 ./src/main.o
                0x08000610                __io_putchar
 .text.gd_watchdog_init
                0x08000634       0x1e ./src/main.o
                0x08000634                gd_watchdog_init
 *fill*         0x08000652        0x2 
 .text.NVIC_SetPriority
                0x08000654       0x54 ./src/systick.o
 .text.SysTick_Config
                0x080006a8       0x44 ./src/systick.o
 .text.systick_config
                0x080006ec       0x34 ./src/systick.o
                0x080006ec                systick_config
 .text.delay_1ms
                0x08000720       0x3c ./src/systick.o
                0x08000720                delay_1ms
 .text.systick_get
                0x0800075c       0x14 ./src/systick.o
                0x0800075c                systick_get
 .text.osal_SysTicks
                0x08000770       0xf0 ./osal/os_lyh_core.o
                0x08000770                osal_SysTicks
 .text.osal_start_system
                0x08000860      0x128 ./osal/os_lyh_core.o
                0x08000860                osal_start_system
 .text.osal_lyh_core_init
                0x08000988       0xf0 ./osal/os_lyh_core.o
                0x08000988                osal_lyh_core_init
 .text.osal_create_task
                0x08000a78       0x84 ./osal/os_lyh_core.o
                0x08000a78                osal_create_task
 .text.osal_lyh_restore_task
                0x08000afc       0x34 ./osal/os_lyh_core.o
                0x08000afc                osal_lyh_restore_task
 .text.osal_lyh_delay_task
                0x08000b30       0x54 ./osal/os_lyh_core.o
                0x08000b30                osal_lyh_delay_task
 .text.osal_lyh_over_timer
                0x08000b84      0x110 ./osal/os_lyh_core.o
                0x08000b84                osal_lyh_over_timer
 .text.osal_lyh_kill_over_timer
                0x08000c94       0x88 ./osal/os_lyh_core.o
                0x08000c94                osal_lyh_kill_over_timer
 .text.Reset_Handler
                0x08000d1c       0x48 ./gcc_startup/startup_gd32f30x_hd.o
                0x08000d1c                Reset_Handler
 .text.Default_Handler
                0x08000d64        0x2 ./gcc_startup/startup_gd32f30x_hd.o
                0x08000d64                RTC_Alarm_IRQHandler
                0x08000d64                EXTI2_IRQHandler
                0x08000d64                LVD_IRQHandler
                0x08000d64                TIMER0_BRK_IRQHandler
                0x08000d64                ADC0_1_IRQHandler
                0x08000d64                TIMER0_UP_IRQHandler
                0x08000d64                SDIO_IRQHandler
                0x08000d64                EXTI3_IRQHandler
                0x08000d64                DMA0_Channel6_IRQHandler
                0x08000d64                I2C0_EV_IRQHandler
                0x08000d64                SPI1_IRQHandler
                0x08000d64                DMA0_Channel0_IRQHandler
                0x08000d64                TAMPER_IRQHandler
                0x08000d64                DMA1_Channel0_IRQHandler
                0x08000d64                DMA0_Channel3_IRQHandler
                0x08000d64                I2C0_ER_IRQHandler
                0x08000d64                RTC_IRQHandler
                0x08000d64                TIMER7_UP_IRQHandler
                0x08000d64                DMA0_Channel2_IRQHandler
                0x08000d64                USART0_IRQHandler
                0x08000d64                TIMER7_TRG_CMT_IRQHandler
                0x08000d64                TIMER0_TRG_CMT_IRQHandler
                0x08000d64                I2C1_EV_IRQHandler
                0x08000d64                UART4_IRQHandler
                0x08000d64                EXTI10_15_IRQHandler
                0x08000d64                DMA1_Channel1_IRQHandler
                0x08000d64                Default_Handler
                0x08000d64                TIMER7_Channel_IRQHandler
                0x08000d64                WWDGT_IRQHandler
                0x08000d64                EXMC_IRQHandler
                0x08000d64                ADC2_IRQHandler
                0x08000d64                SPI2_IRQHandler
                0x08000d64                USBD_WKUP_IRQHandler
                0x08000d64                RCU_CTC_IRQHandler
                0x08000d64                TIMER7_BRK_IRQHandler
                0x08000d64                EXTI4_IRQHandler
                0x08000d64                USBD_HP_CAN0_TX_IRQHandler
                0x08000d64                CAN0_RX1_IRQHandler
                0x08000d64                DMA0_Channel5_IRQHandler
                0x08000d64                DMA0_Channel1_IRQHandler
                0x08000d64                TIMER0_Channel_IRQHandler
                0x08000d64                EXTI1_IRQHandler
                0x08000d64                SPI0_IRQHandler
                0x08000d64                DMA1_Channel3_4_IRQHandler
                0x08000d64                USART2_IRQHandler
                0x08000d64                CAN0_EWMC_IRQHandler
                0x08000d64                DMA1_Channel2_IRQHandler
                0x08000d64                USBD_LP_CAN0_RX0_IRQHandler
                0x08000d64                UART3_IRQHandler
                0x08000d64                I2C1_ER_IRQHandler
                0x08000d64                FMC_IRQHandler
                0x08000d64                DMA0_Channel4_IRQHandler
 *fill*         0x08000d66        0x2 
 .text.ac_motor_gpio_init
                0x08000d68       0x90 ./app/acmotor.o
 .text.ac_motor_zero_cross_exti_init
                0x08000df8       0x36 ./app/acmotor.o
 .text.ac_motor_feedback_timer_init
                0x08000e2e       0x96 ./app/acmotor.o
 .text.ac_motor_phase_timer_init
                0x08000ec4       0xe4 ./app/acmotor.o
 .text.ac_heat_turnoff
                0x08000fa8       0x38 ./app/acmotor.o
                0x08000fa8                ac_heat_turnoff
 .text.ac_pumb_turnoff
                0x08000fe0       0x38 ./app/acmotor.o
                0x08000fe0                ac_pumb_turnoff
 .text.ac_grind_turnoff
                0x08001018       0x38 ./app/acmotor.o
                0x08001018                ac_grind_turnoff
 .text.ac_angle_to_delay_us
                0x08001050       0x3c ./app/acmotor.o
 .text.ac_motor_set_phase_delay
                0x0800108c       0x38 ./app/acmotor.o
 .text.gd_acmotor_Init
                0x080010c4       0xc0 ./app/acmotor.o
                0x080010c4                gd_acmotor_Init
 .text.ac_heat_start
                0x08001184       0x34 ./app/acmotor.o
                0x08001184                ac_heat_start
 .text.ac_pumb_start
                0x080011b8       0x54 ./app/acmotor.o
                0x080011b8                ac_pumb_start
 .text.ac_grind_start
                0x0800120c       0xa0 ./app/acmotor.o
                0x0800120c                ac_grind_start
 .text.ac_grind_stop
                0x080012ac       0x3c ./app/acmotor.o
                0x080012ac                ac_grind_stop
 .text.ac_pumb_stop
                0x080012e8       0x28 ./app/acmotor.o
                0x080012e8                ac_pumb_stop
 .text.ac_heat_stop
                0x08001310       0x28 ./app/acmotor.o
                0x08001310                ac_heat_stop
 .text.ac_motor_zeroCross_irqHandler
                0x08001338       0xa0 ./app/acmotor.o
                0x08001338                ac_motor_zeroCross_irqHandler
 .text.ac_grind_fb_irqHandler
                0x080013d8       0x90 ./app/acmotor.o
                0x080013d8                ac_grind_fb_irqHandler
 .text.rcu_config
                0x08001468       0x36 ./app/adc.o
                0x08001468                rcu_config
 *fill*         0x0800149e        0x2 
 .text.gpio_config
                0x080014a0       0x34 ./app/adc.o
                0x080014a0                gpio_config
 .text.dma_config
                0x080014d4       0x68 ./app/adc.o
                0x080014d4                dma_config
 .text.adc_config
                0x0800153c       0xf4 ./app/adc.o
                0x0800153c                adc_config
 .text.gd_adc_Init
                0x08001630       0x18 ./app/adc.o
                0x08001630                gd_adc_Init
 .text.gd_adc_get
                0x08001648       0x90 ./app/adc.o
                0x08001648                gd_adc_get
 .text.gd_adc_trigger
                0x080016d8       0x3c ./app/adc.o
                0x080016d8                gd_adc_trigger
 .text.app_virtual_croszero_cbfunc
                0x08001714       0x3c ./app/app.o
                0x08001714                app_virtual_croszero_cbfunc
 .text.app_buzon_cbfunc
                0x08001750       0x34 ./app/app.o
                0x08001750                app_buzon_cbfunc
 .text.app_buzoff_cbfunc
                0x08001784       0x1c ./app/app.o
                0x08001784                app_buzoff_cbfunc
 .text.app_buzzer_on
                0x080017a0       0x44 ./app/app.o
                0x080017a0                app_buzzer_on
 .text.app_resource_init
                0x080017e4       0x50 ./app/app.o
                0x080017e4                app_resource_init
 .text.app_resource_free
                0x08001834       0x58 ./app/app.o
                0x08001834                app_resource_free
 .text.app_task_nextstep
                0x0800188c       0x4c ./app/app.o
                0x0800188c                app_task_nextstep
 .text.app_task_nextsubstep
                0x080018d8       0x2c ./app/app.o
                0x080018d8                app_task_nextsubstep
 .text.app_water_ready
                0x08001904       0x20 ./app/app.o
                0x08001904                app_water_ready
 .text.app_pallet_ready
                0x08001924       0x20 ./app/app.o
                0x08001924                app_pallet_ready
 .text.app_motor_ready
                0x08001944       0x24 ./app/app.o
                0x08001944                app_motor_ready
 .text.app_turn_heat_off
                0x08001968       0x30 ./app/app.o
                0x08001968                app_turn_heat_off
 .text.app_turn_heat_on
                0x08001998       0x44 ./app/app.o
                0x08001998                app_turn_heat_on
 .text.app_temperature_state
                0x080019dc       0x1c ./app/app.o
                0x080019dc                app_temperature_state
 .text.app_step_state
                0x080019f8       0x28 ./app/app.o
                0x080019f8                app_step_state
 .text.app_led_heat_cbfunc
                0x08001a20       0x90 ./app/app.o
                0x08001a20                app_led_heat_cbfunc
 .text.app_led_show_init
                0x08001ab0       0x30 ./app/app.o
                0x08001ab0                app_led_show_init
 .text.app_led_start_cbfunc
                0x08001ae0       0x20 ./app/app.o
                0x08001ae0                app_led_start_cbfunc
 .text.app_led_start_init
                0x08001b00       0x20 ./app/app.o
                0x08001b00                app_led_start_init
 .text.app_led_espresso_cbfunc
                0x08001b20       0x40 ./app/app.o
                0x08001b20                app_led_espresso_cbfunc
 .text.app_led_espresso_init
                0x08001b60       0x40 ./app/app.o
                0x08001b60                app_led_espresso_init
 .text.app_led_americano_cbfunc
                0x08001ba0       0x40 ./app/app.o
                0x08001ba0                app_led_americano_cbfunc
 .text.app_led_americano_init
                0x08001be0       0x40 ./app/app.o
                0x08001be0                app_led_americano_init
 .text.app_led_hotwater_cbfunc
                0x08001c20       0x20 ./app/app.o
                0x08001c20                app_led_hotwater_cbfunc
 .text.app_led_hotwater_init
                0x08001c40       0x20 ./app/app.o
                0x08001c40                app_led_hotwater_init
 .text.app_led_steam_cbfunc
                0x08001c60       0x20 ./app/app.o
                0x08001c60                app_led_steam_cbfunc
 .text.app_led_steam_init
                0x08001c80       0x20 ./app/app.o
                0x08001c80                app_led_steam_init
 .text.app_led_aqua_cbfunc
                0x08001ca0       0x20 ./app/app.o
                0x08001ca0                app_led_aqua_cbfunc
 .text.app_led_aqua_init
                0x08001cc0       0x20 ./app/app.o
                0x08001cc0                app_led_aqua_init
 .text.app_led_calc_cbfunc
                0x08001ce0       0x20 ./app/app.o
                0x08001ce0                app_led_calc_cbfunc
 .text.app_led_calc_init
                0x08001d00       0x20 ./app/app.o
                0x08001d00                app_led_calc_init
 .text.app_leds_all_fun
                0x08001d20       0x72 ./app/app.o
                0x08001d20                app_leds_all_fun
 .text.app_leds_all_ind
                0x08001d92       0x58 ./app/app.o
                0x08001d92                app_leds_all_ind
 .text.app_led_oneloop
                0x08001dea       0x26 ./app/app.o
                0x08001dea                app_led_oneloop
 .text.app_led_finish_step
                0x08001e10       0x22 ./app/app.o
                0x08001e10                app_led_finish_step
 *fill*         0x08001e32        0x2 
 .text.app_onoff_key_deal
                0x08001e34       0x44 ./app/app.o
                0x08001e34                app_onoff_key_deal
 .text.app_start_key_deal
                0x08001e78       0xcc ./app/app.o
                0x08001e78                app_start_key_deal
 .text.app_hotwater_key_deal
                0x08001f44       0x40 ./app/app.o
                0x08001f44                app_hotwater_key_deal
 .text.app_espresso_key_deal
                0x08001f84       0x88 ./app/app.o
                0x08001f84                app_espresso_key_deal
 .text.app_steam_key_deal
                0x0800200c       0x40 ./app/app.o
                0x0800200c                app_steam_key_deal
 .text.app_ame_key_deal
                0x0800204c       0x88 ./app/app.o
                0x0800204c                app_ame_key_deal
 .text.app_coffee_key_deal
                0x080020d4       0x90 ./app/app.o
                0x080020d4                app_coffee_key_deal
 .text.app_water_key_deal
                0x08002164       0xac ./app/app.o
                0x08002164                app_water_key_deal
 .text.app_calc_key_deal
                0x08002210       0x40 ./app/app.o
                0x08002210                app_calc_key_deal
 .text.app_aqua_key_deal
                0x08002250       0x40 ./app/app.o
                0x08002250                app_aqua_key_deal
 .text.app_pad_key_deal
                0x08002290       0x18 ./app/app.o
                0x08002290                app_pad_key_deal
 .text.app_key_handler
                0x080022a8      0x16e ./app/app.o
                0x080022a8                app_key_handler
 *fill*         0x08002416        0x2 
 .text.app_init_handler
                0x08002418       0x54 ./app/app.o
                0x08002418                app_init_handler
 .text.app_idle_handler
                0x0800246c       0x34 ./app/app.o
                0x0800246c                app_idle_handler
 .text.app_startup_handler
                0x080024a0      0x38c ./app/app.o
                0x080024a0                app_startup_handler
 .text.app_normal_handler
                0x0800282c      0x1b4 ./app/app.o
                0x0800282c                app_normal_handler
 .text.app_espresso_handler
                0x080029e0      0x450 ./app/app.o
                0x080029e0                app_espresso_handler
 .text.app_american_handler
                0x08002e30      0x6a8 ./app/app.o
                0x08002e30                app_american_handler
 .text.app_hotwater_handler
                0x080034d8       0x38 ./app/app.o
                0x080034d8                app_hotwater_handler
 .text.app_steam_handler
                0x08003510       0x38 ./app/app.o
                0x08003510                app_steam_handler
 .text.app_aqua_handler
                0x08003548       0x38 ./app/app.o
                0x08003548                app_aqua_handler
 .text.app_calc_handler
                0x08003580       0x38 ./app/app.o
                0x08003580                app_calc_handler
 .text.app_setup_handler
                0x080035b8      0x180 ./app/app.o
                0x080035b8                app_setup_handler
 .text.app_running_onoff_grind_handler
                0x08003738      0x1b4 ./app/app.o
                0x08003738                app_running_onoff_grind_handler
 .text.app_running_onoff_go_water_handler
                0x080038ec      0x1b4 ./app/app.o
                0x080038ec                app_running_onoff_go_water_handler
 .text.app_running_onoff_pre_brew_handler
                0x08003aa0      0x154 ./app/app.o
                0x08003aa0                app_running_onoff_pre_brew_handler
 .text.app_running_onoff_brew_handler
                0x08003bf4      0x124 ./app/app.o
                0x08003bf4                app_running_onoff_brew_handler
 .text.app_running_onoff_drop_beans_handler
                0x08003d18      0x150 ./app/app.o
                0x08003d18                app_running_onoff_drop_beans_handler
 .text.app_running_onoff_rst_handler
                0x08003e68       0xe8 ./app/app.o
                0x08003e68                app_running_onoff_rst_handler
 .text.app_running_onoff_flush_handler
                0x08003f50      0x240 ./app/app.o
                0x08003f50                app_running_onoff_flush_handler
 .text.app_running_onoff_handler
                0x08004190      0x198 ./app/app.o
                0x08004190                app_running_onoff_handler
 .text.init_app_task
                0x08004328       0x34 ./app/app.o
                0x08004328                init_app_task
 .text.app_task_handler
                0x0800435c       0x98 ./app/app.o
                0x0800435c                app_task_handler
 .text.app_event_handler
                0x080043f4       0x3c ./app/app.o
                0x080043f4                app_event_handler
 .text.gd_addbg_out
                0x08004430       0x5c ./app/bus.o
                0x08004430                gd_addbg_out
 .text.init_bus_task
                0x0800448c       0x28 ./app/bus.o
                0x0800448c                init_bus_task
 .text.bus_task_handler
                0x080044b4       0x50 ./app/bus.o
                0x080044b4                bus_task_handler
 .text.bus_event_handler
                0x08004504       0x2c ./app/bus.o
                0x08004504                bus_event_handler
 .text.dc_motor_SetPins
                0x08004530       0x68 ./app/dcmotor.o
 .text.dc_motor_Stop
                0x08004598       0x24 ./app/dcmotor.o
                0x08004598                dc_motor_Stop
 .text.dc_motor_Start
                0x080045bc       0x50 ./app/dcmotor.o
                0x080045bc                dc_motor_Start
 .text.dc_motor_GetState
                0x0800460c       0x14 ./app/dcmotor.o
                0x0800460c                dc_motor_GetState
 .text.dc_motor_ClearFault
                0x08004620       0x20 ./app/dcmotor.o
                0x08004620                dc_motor_ClearFault
 .text.dc_motor_reach_irqHandler
                0x08004640       0x20 ./app/dcmotor.o
                0x08004640                dc_motor_reach_irqHandler
 .text.gd_dcmotor_Init
                0x08004660       0x64 ./app/dcmotor.o
                0x08004660                gd_dcmotor_Init
 .text.display_init
                0x080046c4       0x18 ./app/display.o
                0x080046c4                display_init
 .text.display_led
                0x080046dc       0x64 ./app/display.o
                0x080046dc                display_led
 .text.display_get_led
                0x08004740       0x2c ./app/display.o
                0x08004740                display_get_led
 .text.gd_exti_Init
                0x0800476c       0x56 ./app/extint.o
                0x0800476c                gd_exti_Init
 *fill*         0x080047c2        0x2 
 .text.gd_remap_Init
                0x080047c4       0x28 ./app/gpio.o
                0x080047c4                gd_remap_Init
 .text.gd_gpio_Init
                0x080047ec      0x1d0 ./app/gpio.o
                0x080047ec                gd_gpio_Init
 .text.heat_task_nextstep
                0x080049bc       0x2c ./app/heat.o
                0x080049bc                heat_task_nextstep
 .text.heat_temp_deal
                0x080049e8       0x42 ./app/heat.o
                0x080049e8                heat_temp_deal
 .text.heat_get_temp
                0x08004a2a       0x3e ./app/heat.o
                0x08004a2a                heat_get_temp
 .text.init_heat_task
                0x08004a68       0x28 ./app/heat.o
                0x08004a68                init_heat_task
 .text.heat_task_handler
                0x08004a90       0x4c ./app/heat.o
                0x08004a90                heat_task_handler
 .text.heat_event_handler
                0x08004adc       0x5c ./app/heat.o
                0x08004adc                heat_event_handler
 .text.ini_keys_value
                0x08004b38       0xdc ./app/keyboard.o
                0x08004b38                ini_keys_value
 .text.key_switch_debouncer
                0x08004c14      0x238 ./app/keyboard.o
                0x08004c14                key_switch_debouncer
 .text.key_scan_process
                0x08004e4c      0x18c ./app/keyboard.o
                0x08004e4c                key_scan_process
 .text.init_key_task
                0x08004fd8       0x28 ./app/keyboard.o
                0x08004fd8                init_key_task
 .text.key_task_handler
                0x08005000       0x48 ./app/keyboard.o
                0x08005000                key_task_handler
 .text.key_event_handler
                0x08005048       0x2c ./app/keyboard.o
                0x08005048                key_event_handler
 .text.key_prohibit_mask
                0x08005074       0x40 ./app/keyboard.o
                0x08005074                key_prohibit_mask
 .text.key_prohibit_setup
                0x080050b4       0x40 ./app/keyboard.o
                0x080050b4                key_prohibit_setup
 .text.gpio_buz_config
                0x080050f4       0x24 ./app/timer.o
                0x080050f4                gpio_buz_config
 .text.timer0_pwm_config
                0x08005118       0x9c ./app/timer.o
                0x08005118                timer0_pwm_config
 .text.timer0_init
                0x080051b4       0x10 ./app/timer.o
                0x080051b4                timer0_init
 .text.gd_timer_Init
                0x080051c4        0xc ./app/timer.o
                0x080051c4                gd_timer_Init
 .text.gd_timer_buz
                0x080051d0       0x2c ./app/timer.o
                0x080051d0                gd_timer_buz
 .text.gd_uart_counter_init
                0x080051fc       0x34 ./app/usart.o
                0x080051fc                gd_uart_counter_init
 .text.gd_uart_com_init
                0x08005230      0x118 ./app/usart.o
                0x08005230                gd_uart_com_init
 .text.gd_usart0_dma_config
                0x08005348       0xc4 ./app/usart.o
                0x08005348                gd_usart0_dma_config
 .text.gd_usart_Init
                0x0800540c       0x38 ./app/usart.o
                0x0800540c                gd_usart_Init
 .text.gd_usart1_upload
                0x08005444       0x5c ./app/usart.o
                0x08005444                gd_usart1_upload
 .text.gd_usart1_rx_decode
                0x080054a0       0x4c ./app/usart.o
                0x080054a0                gd_usart1_rx_decode
 .text.gd_usart1_download
                0x080054ec       0x5c ./app/usart.o
                0x080054ec                gd_usart1_download
 .text.gd_usart0_rx_decode
                0x08005548       0xf4 ./app/usart.o
                0x08005548                gd_usart0_rx_decode
 .text.gd_usart0_upload
                0x0800563c      0x10c ./app/usart.o
                0x0800563c                gd_usart0_upload
 .text.gd_usart0_download
                0x08005748       0xa4 ./app/usart.o
                0x08005748                gd_usart0_download
 .text.gd_combus_cbfunc
                0x080057ec       0x14 ./app/usart.o
                0x080057ec                gd_combus_cbfunc
 .text.adc_enable
                0x08005800       0x30 ./Firmware/GD32F30x_standard_peripheral/Source/gd32f30x_adc.o
                0x08005800                adc_enable
 .text.adc_calibration_enable
                0x08005830       0x54 ./Firmware/GD32F30x_standard_peripheral/Source/gd32f30x_adc.o
                0x08005830                adc_calibration_enable
 .text.adc_dma_mode_enable
                0x08005884       0x22 ./Firmware/GD32F30x_standard_peripheral/Source/gd32f30x_adc.o
                0x08005884                adc_dma_mode_enable
 *fill*         0x080058a6        0x2 
 .text.adc_mode_config
                0x080058a8       0x30 ./Firmware/GD32F30x_standard_peripheral/Source/gd32f30x_adc.o
                0x080058a8                adc_mode_config
 .text.adc_special_function_config
                0x080058d8       0xbc ./Firmware/GD32F30x_standard_peripheral/Source/gd32f30x_adc.o
                0x080058d8                adc_special_function_config
 .text.adc_data_alignment_config
                0x08005994       0x3c ./Firmware/GD32F30x_standard_peripheral/Source/gd32f30x_adc.o
                0x08005994                adc_data_alignment_config
 .text.adc_channel_length_config
                0x080059d0       0x78 ./Firmware/GD32F30x_standard_peripheral/Source/gd32f30x_adc.o
                0x080059d0                adc_channel_length_config
 .text.adc_regular_channel_config
                0x08005a48      0x178 ./Firmware/GD32F30x_standard_peripheral/Source/gd32f30x_adc.o
                0x08005a48                adc_regular_channel_config
 .text.adc_external_trigger_config
                0x08005bc0       0x8a ./Firmware/GD32F30x_standard_peripheral/Source/gd32f30x_adc.o
                0x08005bc0                adc_external_trigger_config
 .text.adc_external_trigger_source_config
                0x08005c4a       0x6c ./Firmware/GD32F30x_standard_peripheral/Source/gd32f30x_adc.o
                0x08005c4a                adc_external_trigger_source_config
 .text.adc_software_trigger_enable
                0x08005cb6       0x4a ./Firmware/GD32F30x_standard_peripheral/Source/gd32f30x_adc.o
                0x08005cb6                adc_software_trigger_enable
 .text.dma_deinit
                0x08005d00       0xcc ./Firmware/GD32F30x_standard_peripheral/Source/gd32f30x_dma.o
                0x08005d00                dma_deinit
 .text.dma_init
                0x08005dcc      0x1f6 ./Firmware/GD32F30x_standard_peripheral/Source/gd32f30x_dma.o
                0x08005dcc                dma_init
 .text.dma_circulation_enable
                0x08005fc2       0x54 ./Firmware/GD32F30x_standard_peripheral/Source/gd32f30x_dma.o
                0x08005fc2                dma_circulation_enable
 .text.dma_circulation_disable
                0x08006016       0x54 ./Firmware/GD32F30x_standard_peripheral/Source/gd32f30x_dma.o
                0x08006016                dma_circulation_disable
 .text.dma_memory_to_memory_disable
                0x0800606a       0x54 ./Firmware/GD32F30x_standard_peripheral/Source/gd32f30x_dma.o
                0x0800606a                dma_memory_to_memory_disable
 .text.dma_channel_enable
                0x080060be       0x54 ./Firmware/GD32F30x_standard_peripheral/Source/gd32f30x_dma.o
                0x080060be                dma_channel_enable
 .text.dma_channel_disable
                0x08006112       0x54 ./Firmware/GD32F30x_standard_peripheral/Source/gd32f30x_dma.o
                0x08006112                dma_channel_disable
 .text.dma_transfer_number_config
                0x08006166       0x42 ./Firmware/GD32F30x_standard_peripheral/Source/gd32f30x_dma.o
                0x08006166                dma_transfer_number_config
 .text.dma_transfer_number_get
                0x080061a8       0x3a ./Firmware/GD32F30x_standard_peripheral/Source/gd32f30x_dma.o
                0x080061a8                dma_transfer_number_get
 .text.dma_flag_get
                0x080061e2       0x38 ./Firmware/GD32F30x_standard_peripheral/Source/gd32f30x_dma.o
                0x080061e2                dma_flag_get
 .text.dma_flag_clear
                0x0800621a       0x30 ./Firmware/GD32F30x_standard_peripheral/Source/gd32f30x_dma.o
                0x0800621a                dma_flag_clear
 *fill*         0x0800624a        0x2 
 .text.dma_periph_and_channel_check
                0x0800624c       0x34 ./Firmware/GD32F30x_standard_peripheral/Source/gd32f30x_dma.o
 .text.exti_init
                0x08006280       0xf4 ./Firmware/GD32F30x_standard_peripheral/Source/gd32f30x_exti.o
                0x08006280                exti_init
 .text.exti_interrupt_flag_get
                0x08006374       0x28 ./Firmware/GD32F30x_standard_peripheral/Source/gd32f30x_exti.o
                0x08006374                exti_interrupt_flag_get
 .text.exti_interrupt_flag_clear
                0x0800639c       0x1c ./Firmware/GD32F30x_standard_peripheral/Source/gd32f30x_exti.o
                0x0800639c                exti_interrupt_flag_clear
 .text.fwdgt_write_enable
                0x080063b8       0x18 ./Firmware/GD32F30x_standard_peripheral/Source/gd32f30x_fwdgt.o
                0x080063b8                fwdgt_write_enable
 .text.fwdgt_write_disable
                0x080063d0       0x18 ./Firmware/GD32F30x_standard_peripheral/Source/gd32f30x_fwdgt.o
                0x080063d0                fwdgt_write_disable
 .text.fwdgt_enable
                0x080063e8       0x18 ./Firmware/GD32F30x_standard_peripheral/Source/gd32f30x_fwdgt.o
                0x080063e8                fwdgt_enable
 .text.fwdgt_counter_reload
                0x08006400       0x18 ./Firmware/GD32F30x_standard_peripheral/Source/gd32f30x_fwdgt.o
                0x08006400                fwdgt_counter_reload
 .text.fwdgt_config
                0x08006418       0xa8 ./Firmware/GD32F30x_standard_peripheral/Source/gd32f30x_fwdgt.o
                0x08006418                fwdgt_config
 .text.gpio_init
                0x080064c0      0x168 ./Firmware/GD32F30x_standard_peripheral/Source/gd32f30x_gpio.o
                0x080064c0                gpio_init
 .text.gpio_bit_set
                0x08006628       0x1e ./Firmware/GD32F30x_standard_peripheral/Source/gd32f30x_gpio.o
                0x08006628                gpio_bit_set
 .text.gpio_bit_reset
                0x08006646       0x1e ./Firmware/GD32F30x_standard_peripheral/Source/gd32f30x_gpio.o
                0x08006646                gpio_bit_reset
 .text.gpio_bit_write
                0x08006664       0x34 ./Firmware/GD32F30x_standard_peripheral/Source/gd32f30x_gpio.o
                0x08006664                gpio_bit_write
 .text.gpio_input_bit_get
                0x08006698       0x28 ./Firmware/GD32F30x_standard_peripheral/Source/gd32f30x_gpio.o
                0x08006698                gpio_input_bit_get
 .text.gpio_output_bit_get
                0x080066c0       0x28 ./Firmware/GD32F30x_standard_peripheral/Source/gd32f30x_gpio.o
                0x080066c0                gpio_output_bit_get
 .text.gpio_pin_remap_config
                0x080066e8       0xe4 ./Firmware/GD32F30x_standard_peripheral/Source/gd32f30x_gpio.o
                0x080066e8                gpio_pin_remap_config
 .text.gpio_exti_source_select
                0x080067cc       0xf0 ./Firmware/GD32F30x_standard_peripheral/Source/gd32f30x_gpio.o
                0x080067cc                gpio_exti_source_select
 .text.nvic_priority_group_set
                0x080068bc       0x24 ./Firmware/GD32F30x_standard_peripheral/Source/gd32f30x_misc.o
                0x080068bc                nvic_priority_group_set
 .text.nvic_irq_enable
                0x080068e0      0x110 ./Firmware/GD32F30x_standard_peripheral/Source/gd32f30x_misc.o
                0x080068e0                nvic_irq_enable
 .text.rcu_periph_clock_enable
                0x080069f0       0x44 ./Firmware/GD32F30x_standard_peripheral/Source/gd32f30x_rcu.o
                0x080069f0                rcu_periph_clock_enable
 .text.rcu_periph_reset_enable
                0x08006a34       0x44 ./Firmware/GD32F30x_standard_peripheral/Source/gd32f30x_rcu.o
                0x08006a34                rcu_periph_reset_enable
 .text.rcu_periph_reset_disable
                0x08006a78       0x48 ./Firmware/GD32F30x_standard_peripheral/Source/gd32f30x_rcu.o
                0x08006a78                rcu_periph_reset_disable
 .text.rcu_adc_clock_config
                0x08006ac0       0xc4 ./Firmware/GD32F30x_standard_peripheral/Source/gd32f30x_rcu.o
                0x08006ac0                rcu_adc_clock_config
 .text.rcu_clock_freq_get
                0x08006b84      0x1e4 ./Firmware/GD32F30x_standard_peripheral/Source/gd32f30x_rcu.o
                0x08006b84                rcu_clock_freq_get
 .text.timer_deinit
                0x08006d68      0x130 ./Firmware/GD32F30x_standard_peripheral/Source/gd32f30x_timer.o
                0x08006d68                timer_deinit
 .text.timer_struct_para_init
                0x08006e98       0x38 ./Firmware/GD32F30x_standard_peripheral/Source/gd32f30x_timer.o
                0x08006e98                timer_struct_para_init
 .text.timer_init
                0x08006ed0       0xf8 ./Firmware/GD32F30x_standard_peripheral/Source/gd32f30x_timer.o
                0x08006ed0                timer_init
 .text.timer_enable
                0x08006fc8       0x1e ./Firmware/GD32F30x_standard_peripheral/Source/gd32f30x_timer.o
                0x08006fc8                timer_enable
 .text.timer_disable
                0x08006fe6       0x1e ./Firmware/GD32F30x_standard_peripheral/Source/gd32f30x_timer.o
                0x08006fe6                timer_disable
 .text.timer_auto_reload_shadow_enable
                0x08007004       0x1e ./Firmware/GD32F30x_standard_peripheral/Source/gd32f30x_timer.o
                0x08007004                timer_auto_reload_shadow_enable
 .text.timer_update_event_enable
                0x08007022       0x1e ./Firmware/GD32F30x_standard_peripheral/Source/gd32f30x_timer.o
                0x08007022                timer_update_event_enable
 .text.timer_autoreload_value_config
                0x08007040       0x20 ./Firmware/GD32F30x_standard_peripheral/Source/gd32f30x_timer.o
                0x08007040                timer_autoreload_value_config
 .text.timer_counter_value_config
                0x08007060       0x20 ./Firmware/GD32F30x_standard_peripheral/Source/gd32f30x_timer.o
                0x08007060                timer_counter_value_config
 .text.timer_single_pulse_mode_config
                0x08007080       0x3a ./Firmware/GD32F30x_standard_peripheral/Source/gd32f30x_timer.o
                0x08007080                timer_single_pulse_mode_config
 .text.timer_interrupt_enable
                0x080070ba       0x26 ./Firmware/GD32F30x_standard_peripheral/Source/gd32f30x_timer.o
                0x080070ba                timer_interrupt_enable
 .text.timer_interrupt_flag_get
                0x080070e0       0x3a ./Firmware/GD32F30x_standard_peripheral/Source/gd32f30x_timer.o
                0x080070e0                timer_interrupt_flag_get
 .text.timer_interrupt_flag_clear
                0x0800711a       0x20 ./Firmware/GD32F30x_standard_peripheral/Source/gd32f30x_timer.o
                0x0800711a                timer_interrupt_flag_clear
 .text.timer_primary_output_config
                0x0800713a       0x3e ./Firmware/GD32F30x_standard_peripheral/Source/gd32f30x_timer.o
                0x0800713a                timer_primary_output_config
 .text.timer_channel_output_config
                0x08007178      0x3dc ./Firmware/GD32F30x_standard_peripheral/Source/gd32f30x_timer.o
                0x08007178                timer_channel_output_config
 .text.timer_channel_output_mode_config
                0x08007554       0xc4 ./Firmware/GD32F30x_standard_peripheral/Source/gd32f30x_timer.o
                0x08007554                timer_channel_output_mode_config
 .text.timer_channel_output_pulse_value_config
                0x08007618       0x68 ./Firmware/GD32F30x_standard_peripheral/Source/gd32f30x_timer.o
                0x08007618                timer_channel_output_pulse_value_config
 .text.timer_channel_output_shadow_config
                0x08007680       0xc4 ./Firmware/GD32F30x_standard_peripheral/Source/gd32f30x_timer.o
                0x08007680                timer_channel_output_shadow_config
 .text.timer_channel_input_struct_para_init
                0x08007744       0x2a ./Firmware/GD32F30x_standard_peripheral/Source/gd32f30x_timer.o
                0x08007744                timer_channel_input_struct_para_init
 *fill*         0x0800776e        0x2 
 .text.timer_input_capture_config
                0x08007770      0x27c ./Firmware/GD32F30x_standard_peripheral/Source/gd32f30x_timer.o
                0x08007770                timer_input_capture_config
 .text.timer_channel_input_capture_prescaler_config
                0x080079ec       0xc4 ./Firmware/GD32F30x_standard_peripheral/Source/gd32f30x_timer.o
                0x080079ec                timer_channel_input_capture_prescaler_config
 .text.timer_channel_capture_value_register_read
                0x08007ab0       0x64 ./Firmware/GD32F30x_standard_peripheral/Source/gd32f30x_timer.o
                0x08007ab0                timer_channel_capture_value_register_read
 .text.usart_deinit
                0x08007b14       0xc4 ./Firmware/GD32F30x_standard_peripheral/Source/gd32f30x_usart.o
                0x08007b14                usart_deinit
 .text.usart_baudrate_set
                0x08007bd8       0xe0 ./Firmware/GD32F30x_standard_peripheral/Source/gd32f30x_usart.o
                0x08007bd8                usart_baudrate_set
 .text.usart_enable
                0x08007cb8       0x22 ./Firmware/GD32F30x_standard_peripheral/Source/gd32f30x_usart.o
                0x08007cb8                usart_enable
 .text.usart_transmit_config
                0x08007cda       0x38 ./Firmware/GD32F30x_standard_peripheral/Source/gd32f30x_usart.o
                0x08007cda                usart_transmit_config
 .text.usart_receive_config
                0x08007d12       0x38 ./Firmware/GD32F30x_standard_peripheral/Source/gd32f30x_usart.o
                0x08007d12                usart_receive_config
 .text.usart_data_transmit
                0x08007d4a       0x22 ./Firmware/GD32F30x_standard_peripheral/Source/gd32f30x_usart.o
                0x08007d4a                usart_data_transmit
 .text.usart_data_receive
                0x08007d6c       0x20 ./Firmware/GD32F30x_standard_peripheral/Source/gd32f30x_usart.o
                0x08007d6c                usart_data_receive
 .text.usart_dma_receive_config
                0x08007d8c       0x3a ./Firmware/GD32F30x_standard_peripheral/Source/gd32f30x_usart.o
                0x08007d8c                usart_dma_receive_config
 .text.usart_dma_transmit_config
                0x08007dc6       0x3a ./Firmware/GD32F30x_standard_peripheral/Source/gd32f30x_usart.o
                0x08007dc6                usart_dma_transmit_config
 .text.usart_flag_get
                0x08007e00       0x3c ./Firmware/GD32F30x_standard_peripheral/Source/gd32f30x_usart.o
                0x08007e00                usart_flag_get
 .text.usart_interrupt_enable
                0x08007e3c       0x40 ./Firmware/GD32F30x_standard_peripheral/Source/gd32f30x_usart.o
                0x08007e3c                usart_interrupt_enable
 .text.usart_interrupt_flag_get
                0x08007e7c       0x68 ./Firmware/GD32F30x_standard_peripheral/Source/gd32f30x_usart.o
                0x08007e7c                usart_interrupt_flag_get
 .text._sbrk    0x08007ee4       0x58 ./Firmware/CMSIS/GD/GD32F30x/Source/syscalls.o
                0x08007ee4                _sbrk
 .text._write   0x08007f3c       0x3a ./Firmware/CMSIS/GD/GD32F30x/Source/syscalls.o
                0x08007f3c                _write
 .text._close   0x08007f76       0x16 ./Firmware/CMSIS/GD/GD32F30x/Source/syscalls.o
                0x08007f76                _close
 .text._fstat   0x08007f8c       0x1e ./Firmware/CMSIS/GD/GD32F30x/Source/syscalls.o
                0x08007f8c                _fstat
 .text._isatty  0x08007faa       0x14 ./Firmware/CMSIS/GD/GD32F30x/Source/syscalls.o
                0x08007faa                _isatty
 .text._lseek   0x08007fbe       0x18 ./Firmware/CMSIS/GD/GD32F30x/Source/syscalls.o
                0x08007fbe                _lseek
 .text._read    0x08007fd6       0x3a ./Firmware/CMSIS/GD/GD32F30x/Source/syscalls.o
                0x08007fd6                _read
 .text._soft_delay_
                0x08008010       0x32 ./Firmware/CMSIS/GD/GD32F30x/Source/system_gd32f30x.o
 *fill*         0x08008042        0x2 
 .text.SystemInit
                0x08008044      0x154 ./Firmware/CMSIS/GD/GD32F30x/Source/system_gd32f30x.o
                0x08008044                SystemInit
 .text.system_clock_config
                0x08008198        0xc ./Firmware/CMSIS/GD/GD32F30x/Source/system_gd32f30x.o
 .text.system_clock_120m_hxtal
                0x080081a4      0x14c ./Firmware/CMSIS/GD/GD32F30x/Source/system_gd32f30x.o
 .text.gd32f30x_firmware_version_get
                0x080082f0       0x10 ./Firmware/CMSIS/GD/GD32F30x/Source/system_gd32f30x.o
                0x080082f0                gd32f30x_firmware_version_get
 .text.__libc_init_array
                0x08008300       0x48 d:/project/coffee/ide/tools/gnu tools arm embedded/xpack-arm-none-eabi-gcc/9.2.1-1.1/bin/../lib/gcc/arm-none-eabi/9.2.1/../../../../arm-none-eabi/lib/thumb/v7e-m/nofp\libg_nano.a(lib_a-init.o)
                0x08008300                __libc_init_array
 .text.memset   0x08008348       0x10 d:/project/coffee/ide/tools/gnu tools arm embedded/xpack-arm-none-eabi-gcc/9.2.1-1.1/bin/../lib/gcc/arm-none-eabi/9.2.1/../../../../arm-none-eabi/lib/thumb/v7e-m/nofp\libg_nano.a(lib_a-memset.o)
                0x08008348                memset
 .text.printf   0x08008358       0x30 d:/project/coffee/ide/tools/gnu tools arm embedded/xpack-arm-none-eabi-gcc/9.2.1-1.1/bin/../lib/gcc/arm-none-eabi/9.2.1/../../../../arm-none-eabi/lib/thumb/v7e-m/nofp\libg_nano.a(lib_a-printf.o)
                0x08008358                iprintf
                0x08008358                printf
 .text.std      0x08008388       0x48 d:/project/coffee/ide/tools/gnu tools arm embedded/xpack-arm-none-eabi-gcc/9.2.1-1.1/bin/../lib/gcc/arm-none-eabi/9.2.1/../../../../arm-none-eabi/lib/thumb/v7e-m/nofp\libg_nano.a(lib_a-findfp.o)
 .text._cleanup_r
                0x080083d0        0xc d:/project/coffee/ide/tools/gnu tools arm embedded/xpack-arm-none-eabi-gcc/9.2.1-1.1/bin/../lib/gcc/arm-none-eabi/9.2.1/../../../../arm-none-eabi/lib/thumb/v7e-m/nofp\libg_nano.a(lib_a-findfp.o)
                0x080083d0                _cleanup_r
 .text.__sfmoreglue
                0x080083dc       0x2c d:/project/coffee/ide/tools/gnu tools arm embedded/xpack-arm-none-eabi-gcc/9.2.1-1.1/bin/../lib/gcc/arm-none-eabi/9.2.1/../../../../arm-none-eabi/lib/thumb/v7e-m/nofp\libg_nano.a(lib_a-findfp.o)
                0x080083dc                __sfmoreglue
 .text.__sfp_lock_acquire
                0x08008408        0xc d:/project/coffee/ide/tools/gnu tools arm embedded/xpack-arm-none-eabi-gcc/9.2.1-1.1/bin/../lib/gcc/arm-none-eabi/9.2.1/../../../../arm-none-eabi/lib/thumb/v7e-m/nofp\libg_nano.a(lib_a-findfp.o)
                0x08008408                __sfp_lock_acquire
 .text.__sfp_lock_release
                0x08008414        0xc d:/project/coffee/ide/tools/gnu tools arm embedded/xpack-arm-none-eabi-gcc/9.2.1-1.1/bin/../lib/gcc/arm-none-eabi/9.2.1/../../../../arm-none-eabi/lib/thumb/v7e-m/nofp\libg_nano.a(lib_a-findfp.o)
                0x08008414                __sfp_lock_release
 .text.__sinit_lock_acquire
                0x08008420        0xc d:/project/coffee/ide/tools/gnu tools arm embedded/xpack-arm-none-eabi-gcc/9.2.1-1.1/bin/../lib/gcc/arm-none-eabi/9.2.1/../../../../arm-none-eabi/lib/thumb/v7e-m/nofp\libg_nano.a(lib_a-findfp.o)
                0x08008420                __sinit_lock_acquire
 .text.__sinit_lock_release
                0x0800842c        0xc d:/project/coffee/ide/tools/gnu tools arm embedded/xpack-arm-none-eabi-gcc/9.2.1-1.1/bin/../lib/gcc/arm-none-eabi/9.2.1/../../../../arm-none-eabi/lib/thumb/v7e-m/nofp\libg_nano.a(lib_a-findfp.o)
                0x0800842c                __sinit_lock_release
 .text.__sinit  0x08008438       0x70 d:/project/coffee/ide/tools/gnu tools arm embedded/xpack-arm-none-eabi-gcc/9.2.1-1.1/bin/../lib/gcc/arm-none-eabi/9.2.1/../../../../arm-none-eabi/lib/thumb/v7e-m/nofp\libg_nano.a(lib_a-findfp.o)
                0x08008438                __sinit
 .text.__sfp    0x080084a8       0x8c d:/project/coffee/ide/tools/gnu tools arm embedded/xpack-arm-none-eabi-gcc/9.2.1-1.1/bin/../lib/gcc/arm-none-eabi/9.2.1/../../../../arm-none-eabi/lib/thumb/v7e-m/nofp\libg_nano.a(lib_a-findfp.o)
                0x080084a8                __sfp
 .text._fwalk_reent
                0x08008534       0x3e d:/project/coffee/ide/tools/gnu tools arm embedded/xpack-arm-none-eabi-gcc/9.2.1-1.1/bin/../lib/gcc/arm-none-eabi/9.2.1/../../../../arm-none-eabi/lib/thumb/v7e-m/nofp\libg_nano.a(lib_a-fwalk.o)
                0x08008534                _fwalk_reent
 .text.__retarget_lock_init_recursive
                0x08008572        0x2 d:/project/coffee/ide/tools/gnu tools arm embedded/xpack-arm-none-eabi-gcc/9.2.1-1.1/bin/../lib/gcc/arm-none-eabi/9.2.1/../../../../arm-none-eabi/lib/thumb/v7e-m/nofp\libg_nano.a(lib_a-lock.o)
                0x08008572                __retarget_lock_init_recursive
 .text.__retarget_lock_acquire_recursive
                0x08008574        0x2 d:/project/coffee/ide/tools/gnu tools arm embedded/xpack-arm-none-eabi-gcc/9.2.1-1.1/bin/../lib/gcc/arm-none-eabi/9.2.1/../../../../arm-none-eabi/lib/thumb/v7e-m/nofp\libg_nano.a(lib_a-lock.o)
                0x08008574                __retarget_lock_acquire_recursive
 .text.__retarget_lock_release_recursive
                0x08008576        0x2 d:/project/coffee/ide/tools/gnu tools arm embedded/xpack-arm-none-eabi-gcc/9.2.1-1.1/bin/../lib/gcc/arm-none-eabi/9.2.1/../../../../arm-none-eabi/lib/thumb/v7e-m/nofp\libg_nano.a(lib_a-lock.o)
                0x08008576                __retarget_lock_release_recursive
 .text._free_r  0x08008578       0x9c d:/project/coffee/ide/tools/gnu tools arm embedded/xpack-arm-none-eabi-gcc/9.2.1-1.1/bin/../lib/gcc/arm-none-eabi/9.2.1/../../../../arm-none-eabi/lib/thumb/v7e-m/nofp\libg_nano.a(lib_a-nano-freer.o)
                0x08008578                _free_r
 .text._malloc_r
                0x08008614       0xb4 d:/project/coffee/ide/tools/gnu tools arm embedded/xpack-arm-none-eabi-gcc/9.2.1-1.1/bin/../lib/gcc/arm-none-eabi/9.2.1/../../../../arm-none-eabi/lib/thumb/v7e-m/nofp\libg_nano.a(lib_a-nano-mallocr.o)
                0x08008614                _malloc_r
 .text.__sfputc_r
                0x080086c8       0x2a d:/project/coffee/ide/tools/gnu tools arm embedded/xpack-arm-none-eabi-gcc/9.2.1-1.1/bin/../lib/gcc/arm-none-eabi/9.2.1/../../../../arm-none-eabi/lib/thumb/v7e-m/nofp\libg_nano.a(lib_a-nano-vfprintf.o)
 .text.__sfputs_r
                0x080086f2       0x24 d:/project/coffee/ide/tools/gnu tools arm embedded/xpack-arm-none-eabi-gcc/9.2.1-1.1/bin/../lib/gcc/arm-none-eabi/9.2.1/../../../../arm-none-eabi/lib/thumb/v7e-m/nofp\libg_nano.a(lib_a-nano-vfprintf.o)
                0x080086f2                __sfputs_r
 *fill*         0x08008716        0x2 
 .text._vfprintf_r
                0x08008718      0x260 d:/project/coffee/ide/tools/gnu tools arm embedded/xpack-arm-none-eabi-gcc/9.2.1-1.1/bin/../lib/gcc/arm-none-eabi/9.2.1/../../../../arm-none-eabi/lib/thumb/v7e-m/nofp\libg_nano.a(lib_a-nano-vfprintf.o)
                0x08008718                _vfprintf_r
                0x08008718                _vfiprintf_r
 .text._printf_common
                0x08008978       0xda d:/project/coffee/ide/tools/gnu tools arm embedded/xpack-arm-none-eabi-gcc/9.2.1-1.1/bin/../lib/gcc/arm-none-eabi/9.2.1/../../../../arm-none-eabi/lib/thumb/v7e-m/nofp\libg_nano.a(lib_a-nano-vfprintf_i.o)
                0x08008978                _printf_common
 *fill*         0x08008a52        0x2 
 .text._printf_i
                0x08008a54      0x24c d:/project/coffee/ide/tools/gnu tools arm embedded/xpack-arm-none-eabi-gcc/9.2.1-1.1/bin/../lib/gcc/arm-none-eabi/9.2.1/../../../../arm-none-eabi/lib/thumb/v7e-m/nofp\libg_nano.a(lib_a-nano-vfprintf_i.o)
                0x08008a54                _printf_i
 .text._sbrk_r  0x08008ca0       0x20 d:/project/coffee/ide/tools/gnu tools arm embedded/xpack-arm-none-eabi-gcc/9.2.1-1.1/bin/../lib/gcc/arm-none-eabi/9.2.1/../../../../arm-none-eabi/lib/thumb/v7e-m/nofp\libg_nano.a(lib_a-sbrkr.o)
                0x08008ca0                _sbrk_r
 .text.__sread  0x08008cc0       0x22 d:/project/coffee/ide/tools/gnu tools arm embedded/xpack-arm-none-eabi-gcc/9.2.1-1.1/bin/../lib/gcc/arm-none-eabi/9.2.1/../../../../arm-none-eabi/lib/thumb/v7e-m/nofp\libg_nano.a(lib_a-stdio.o)
                0x08008cc0                __sread
 .text.__swrite
                0x08008ce2       0x38 d:/project/coffee/ide/tools/gnu tools arm embedded/xpack-arm-none-eabi-gcc/9.2.1-1.1/bin/../lib/gcc/arm-none-eabi/9.2.1/../../../../arm-none-eabi/lib/thumb/v7e-m/nofp\libg_nano.a(lib_a-stdio.o)
                0x08008ce2                __swrite
 .text.__sseek  0x08008d1a       0x24 d:/project/coffee/ide/tools/gnu tools arm embedded/xpack-arm-none-eabi-gcc/9.2.1-1.1/bin/../lib/gcc/arm-none-eabi/9.2.1/../../../../arm-none-eabi/lib/thumb/v7e-m/nofp\libg_nano.a(lib_a-stdio.o)
                0x08008d1a                __sseek
 .text.__sclose
                0x08008d3e        0x8 d:/project/coffee/ide/tools/gnu tools arm embedded/xpack-arm-none-eabi-gcc/9.2.1-1.1/bin/../lib/gcc/arm-none-eabi/9.2.1/../../../../arm-none-eabi/lib/thumb/v7e-m/nofp\libg_nano.a(lib_a-stdio.o)
                0x08008d3e                __sclose
 *fill*         0x08008d46        0x2 
 .text.__swbuf_r
                0x08008d48       0xa4 d:/project/coffee/ide/tools/gnu tools arm embedded/xpack-arm-none-eabi-gcc/9.2.1-1.1/bin/../lib/gcc/arm-none-eabi/9.2.1/../../../../arm-none-eabi/lib/thumb/v7e-m/nofp\libg_nano.a(lib_a-wbuf.o)
                0x08008d48                __swbuf_r
 .text._write_r
                0x08008dec       0x24 d:/project/coffee/ide/tools/gnu tools arm embedded/xpack-arm-none-eabi-gcc/9.2.1-1.1/bin/../lib/gcc/arm-none-eabi/9.2.1/../../../../arm-none-eabi/lib/thumb/v7e-m/nofp\libg_nano.a(lib_a-writer.o)
                0x08008dec                _write_r
 .text.__swsetup_r
                0x08008e10       0xdc d:/project/coffee/ide/tools/gnu tools arm embedded/xpack-arm-none-eabi-gcc/9.2.1-1.1/bin/../lib/gcc/arm-none-eabi/9.2.1/../../../../arm-none-eabi/lib/thumb/v7e-m/nofp\libg_nano.a(lib_a-wsetup.o)
                0x08008e10                __swsetup_r
 .text._close_r
                0x08008eec       0x20 d:/project/coffee/ide/tools/gnu tools arm embedded/xpack-arm-none-eabi-gcc/9.2.1-1.1/bin/../lib/gcc/arm-none-eabi/9.2.1/../../../../arm-none-eabi/lib/thumb/v7e-m/nofp\libg_nano.a(lib_a-closer.o)
                0x08008eec                _close_r
 .text.__sflush_r
                0x08008f0c      0x10c d:/project/coffee/ide/tools/gnu tools arm embedded/xpack-arm-none-eabi-gcc/9.2.1-1.1/bin/../lib/gcc/arm-none-eabi/9.2.1/../../../../arm-none-eabi/lib/thumb/v7e-m/nofp\libg_nano.a(lib_a-fflush.o)
                0x08008f0c                __sflush_r
 .text._fflush_r
                0x08009018       0x78 d:/project/coffee/ide/tools/gnu tools arm embedded/xpack-arm-none-eabi-gcc/9.2.1-1.1/bin/../lib/gcc/arm-none-eabi/9.2.1/../../../../arm-none-eabi/lib/thumb/v7e-m/nofp\libg_nano.a(lib_a-fflush.o)
                0x08009018                _fflush_r
 .text._lseek_r
                0x08009090       0x24 d:/project/coffee/ide/tools/gnu tools arm embedded/xpack-arm-none-eabi-gcc/9.2.1-1.1/bin/../lib/gcc/arm-none-eabi/9.2.1/../../../../arm-none-eabi/lib/thumb/v7e-m/nofp\libg_nano.a(lib_a-lseekr.o)
                0x08009090                _lseek_r
 .text.__swhatbuf_r
                0x080090b4       0x48 d:/project/coffee/ide/tools/gnu tools arm embedded/xpack-arm-none-eabi-gcc/9.2.1-1.1/bin/../lib/gcc/arm-none-eabi/9.2.1/../../../../arm-none-eabi/lib/thumb/v7e-m/nofp\libg_nano.a(lib_a-makebuf.o)
                0x080090b4                __swhatbuf_r
 .text.__smakebuf_r
                0x080090fc       0x80 d:/project/coffee/ide/tools/gnu tools arm embedded/xpack-arm-none-eabi-gcc/9.2.1-1.1/bin/../lib/gcc/arm-none-eabi/9.2.1/../../../../arm-none-eabi/lib/thumb/v7e-m/nofp\libg_nano.a(lib_a-makebuf.o)
                0x080090fc                __smakebuf_r
 .text.__malloc_lock
                0x0800917c        0xc d:/project/coffee/ide/tools/gnu tools arm embedded/xpack-arm-none-eabi-gcc/9.2.1-1.1/bin/../lib/gcc/arm-none-eabi/9.2.1/../../../../arm-none-eabi/lib/thumb/v7e-m/nofp\libg_nano.a(lib_a-mlock.o)
                0x0800917c                __malloc_lock
 .text.__malloc_unlock
                0x08009188        0xc d:/project/coffee/ide/tools/gnu tools arm embedded/xpack-arm-none-eabi-gcc/9.2.1-1.1/bin/../lib/gcc/arm-none-eabi/9.2.1/../../../../arm-none-eabi/lib/thumb/v7e-m/nofp\libg_nano.a(lib_a-mlock.o)
                0x08009188                __malloc_unlock
 .text._read_r  0x08009194       0x24 d:/project/coffee/ide/tools/gnu tools arm embedded/xpack-arm-none-eabi-gcc/9.2.1-1.1/bin/../lib/gcc/arm-none-eabi/9.2.1/../../../../arm-none-eabi/lib/thumb/v7e-m/nofp\libg_nano.a(lib_a-readr.o)
                0x08009194                _read_r
 .text._fstat_r
                0x080091b8       0x24 d:/project/coffee/ide/tools/gnu tools arm embedded/xpack-arm-none-eabi-gcc/9.2.1-1.1/bin/../lib/gcc/arm-none-eabi/9.2.1/../../../../arm-none-eabi/lib/thumb/v7e-m/nofp\libg_nano.a(lib_a-fstatr.o)
                0x080091b8                _fstat_r
 .text._isatty_r
                0x080091dc       0x20 d:/project/coffee/ide/tools/gnu tools arm embedded/xpack-arm-none-eabi-gcc/9.2.1-1.1/bin/../lib/gcc/arm-none-eabi/9.2.1/../../../../arm-none-eabi/lib/thumb/v7e-m/nofp\libg_nano.a(lib_a-isattyr.o)
                0x080091dc                _isatty_r
 *(.glue_7)
 .glue_7        0x080091fc        0x0 linker stubs
 *(.glue_7t)
 .glue_7t       0x080091fc        0x0 linker stubs
 *(.eh_frame)
 .eh_frame      0x080091fc        0x0 d:/project/coffee/ide/tools/gnu tools arm embedded/xpack-arm-none-eabi-gcc/9.2.1-1.1/bin/../lib/gcc/arm-none-eabi/9.2.1/thumb/v7e-m/nofp/crtbegin.o
 *(.init)
 .init          0x080091fc        0x4 d:/project/coffee/ide/tools/gnu tools arm embedded/xpack-arm-none-eabi-gcc/9.2.1-1.1/bin/../lib/gcc/arm-none-eabi/9.2.1/thumb/v7e-m/nofp/crti.o
                0x080091fc                _init
 .init          0x08009200        0x8 d:/project/coffee/ide/tools/gnu tools arm embedded/xpack-arm-none-eabi-gcc/9.2.1-1.1/bin/../lib/gcc/arm-none-eabi/9.2.1/thumb/v7e-m/nofp/crtn.o
 *(.fini)
 .fini          0x08009208        0x4 d:/project/coffee/ide/tools/gnu tools arm embedded/xpack-arm-none-eabi-gcc/9.2.1-1.1/bin/../lib/gcc/arm-none-eabi/9.2.1/thumb/v7e-m/nofp/crti.o
                0x08009208                _fini
 .fini          0x0800920c        0x8 d:/project/coffee/ide/tools/gnu tools arm embedded/xpack-arm-none-eabi-gcc/9.2.1-1.1/bin/../lib/gcc/arm-none-eabi/9.2.1/thumb/v7e-m/nofp/crtn.o
                0x08009214                . = ALIGN (0x4)
                0x08009214                _etext = .

.vfp11_veneer   0x08009214        0x0
 .vfp11_veneer  0x08009214        0x0 linker stubs

.v4_bx          0x08009214        0x0
 .v4_bx         0x08009214        0x0 linker stubs

.iplt           0x08009214        0x0
 .iplt          0x08009214        0x0 d:/project/coffee/ide/tools/gnu tools arm embedded/xpack-arm-none-eabi-gcc/9.2.1-1.1/bin/../lib/gcc/arm-none-eabi/9.2.1/thumb/v7e-m/nofp/crtbegin.o

.rodata         0x08009214      0x154
                0x08009214                . = ALIGN (0x4)
 *(.rodata)
 .rodata        0x08009214       0x70 ./src/main.o
 .rodata        0x08009284       0x13 ./app/bus.o
 *fill*         0x08009297        0x1 
 .rodata        0x08009298       0x20 ./app/usart.o
 .rodata        0x080092b8       0x18 ./Firmware/GD32F30x_standard_peripheral/Source/gd32f30x_rcu.o
 *(.rodata*)
 .rodata._global_impure_ptr
                0x080092d0        0x4 d:/project/coffee/ide/tools/gnu tools arm embedded/xpack-arm-none-eabi-gcc/9.2.1-1.1/bin/../lib/gcc/arm-none-eabi/9.2.1/../../../../arm-none-eabi/lib/thumb/v7e-m/nofp\libg_nano.a(lib_a-impure.o)
                0x080092d0                _global_impure_ptr
 .rodata.__sf_fake_stderr
                0x080092d4       0x20 d:/project/coffee/ide/tools/gnu tools arm embedded/xpack-arm-none-eabi-gcc/9.2.1-1.1/bin/../lib/gcc/arm-none-eabi/9.2.1/../../../../arm-none-eabi/lib/thumb/v7e-m/nofp\libg_nano.a(lib_a-findfp.o)
                0x080092d4                __sf_fake_stderr
 .rodata.__sf_fake_stdin
                0x080092f4       0x20 d:/project/coffee/ide/tools/gnu tools arm embedded/xpack-arm-none-eabi-gcc/9.2.1-1.1/bin/../lib/gcc/arm-none-eabi/9.2.1/../../../../arm-none-eabi/lib/thumb/v7e-m/nofp\libg_nano.a(lib_a-findfp.o)
                0x080092f4                __sf_fake_stdin
 .rodata.__sf_fake_stdout
                0x08009314       0x20 d:/project/coffee/ide/tools/gnu tools arm embedded/xpack-arm-none-eabi-gcc/9.2.1-1.1/bin/../lib/gcc/arm-none-eabi/9.2.1/../../../../arm-none-eabi/lib/thumb/v7e-m/nofp\libg_nano.a(lib_a-findfp.o)
                0x08009314                __sf_fake_stdout
 .rodata._vfprintf_r.str1.1
                0x08009334       0x11 d:/project/coffee/ide/tools/gnu tools arm embedded/xpack-arm-none-eabi-gcc/9.2.1-1.1/bin/../lib/gcc/arm-none-eabi/9.2.1/../../../../arm-none-eabi/lib/thumb/v7e-m/nofp\libg_nano.a(lib_a-nano-vfprintf.o)
 .rodata._printf_i.str1.1
                0x08009345       0x22 d:/project/coffee/ide/tools/gnu tools arm embedded/xpack-arm-none-eabi-gcc/9.2.1-1.1/bin/../lib/gcc/arm-none-eabi/9.2.1/../../../../arm-none-eabi/lib/thumb/v7e-m/nofp\libg_nano.a(lib_a-nano-vfprintf_i.o)
                0x08009368                . = ALIGN (0x4)
 *fill*         0x08009367        0x1 

.rel.dyn        0x08009368        0x0
 .rel.iplt      0x08009368        0x0 d:/project/coffee/ide/tools/gnu tools arm embedded/xpack-arm-none-eabi-gcc/9.2.1-1.1/bin/../lib/gcc/arm-none-eabi/9.2.1/thumb/v7e-m/nofp/crtbegin.o

.ARM.extab
 *(.ARM.extab* .gnu.linkonce.armextab.*)

.ARM            0x08009368        0x0
                0x08009368                __exidx_start = .
 *(.ARM.exidx*)
                0x08009368                __exidx_end = .

.ARM.attributes
                0x08009368       0x2a
 *(.ARM.attributes)
 .ARM.attributes
                0x08009368       0x1e d:/project/coffee/ide/tools/gnu tools arm embedded/xpack-arm-none-eabi-gcc/9.2.1-1.1/bin/../lib/gcc/arm-none-eabi/9.2.1/thumb/v7e-m/nofp/crti.o
 .ARM.attributes
                0x08009386       0x2e d:/project/coffee/ide/tools/gnu tools arm embedded/xpack-arm-none-eabi-gcc/9.2.1-1.1/bin/../lib/gcc/arm-none-eabi/9.2.1/thumb/v7e-m/nofp/crtbegin.o
 .ARM.attributes
                0x080093b4       0x2e ./src/gd32f30x_it.o
 .ARM.attributes
                0x080093e2       0x2e ./src/main.o
 .ARM.attributes
                0x08009410       0x2e ./src/systick.o
 .ARM.attributes
                0x0800943e       0x2e ./osal/os_lyh_core.o
 .ARM.attributes
                0x0800946c       0x21 ./gcc_startup/startup_gd32f30x_hd.o
 .ARM.attributes
                0x0800948d       0x2e ./app/acmotor.o
 .ARM.attributes
                0x080094bb       0x2e ./app/adc.o
 .ARM.attributes
                0x080094e9       0x2e ./app/app.o
 .ARM.attributes
                0x08009517       0x2e ./app/bus.o
 .ARM.attributes
                0x08009545       0x2e ./app/dcmotor.o
 .ARM.attributes
                0x08009573       0x2e ./app/display.o
 .ARM.attributes
                0x080095a1       0x2e ./app/extint.o
 .ARM.attributes
                0x080095cf       0x2e ./app/gpio.o
 .ARM.attributes
                0x080095fd       0x2e ./app/heat.o
 .ARM.attributes
                0x0800962b       0x2e ./app/keyboard.o
 .ARM.attributes
                0x08009659       0x2e ./app/timer.o
 .ARM.attributes
                0x08009687       0x2e ./app/usart.o
 .ARM.attributes
                0x080096b5       0x2e ./Firmware/GD32F30x_standard_peripheral/Source/gd32f30x_adc.o
 .ARM.attributes
                0x080096e3       0x2e ./Firmware/GD32F30x_standard_peripheral/Source/gd32f30x_dma.o
 .ARM.attributes
                0x08009711       0x2e ./Firmware/GD32F30x_standard_peripheral/Source/gd32f30x_exti.o
 .ARM.attributes
                0x0800973f       0x2e ./Firmware/GD32F30x_standard_peripheral/Source/gd32f30x_fwdgt.o
 .ARM.attributes
                0x0800976d       0x2e ./Firmware/GD32F30x_standard_peripheral/Source/gd32f30x_gpio.o
 .ARM.attributes
                0x0800979b       0x2e ./Firmware/GD32F30x_standard_peripheral/Source/gd32f30x_misc.o
 .ARM.attributes
                0x080097c9       0x2e ./Firmware/GD32F30x_standard_peripheral/Source/gd32f30x_rcu.o
 .ARM.attributes
                0x080097f7       0x2e ./Firmware/GD32F30x_standard_peripheral/Source/gd32f30x_timer.o
 .ARM.attributes
                0x08009825       0x2e ./Firmware/GD32F30x_standard_peripheral/Source/gd32f30x_usart.o
 .ARM.attributes
                0x08009853       0x2e ./Firmware/CMSIS/GD/GD32F30x/Source/syscalls.o
 .ARM.attributes
                0x08009881       0x2e ./Firmware/CMSIS/GD/GD32F30x/Source/system_gd32f30x.o
 .ARM.attributes
                0x080098af       0x2e d:/project/coffee/ide/tools/gnu tools arm embedded/xpack-arm-none-eabi-gcc/9.2.1-1.1/bin/../lib/gcc/arm-none-eabi/9.2.1/../../../../arm-none-eabi/lib/thumb/v7e-m/nofp\libg_nano.a(lib_a-impure.o)
 .ARM.attributes
                0x080098dd       0x2e d:/project/coffee/ide/tools/gnu tools arm embedded/xpack-arm-none-eabi-gcc/9.2.1-1.1/bin/../lib/gcc/arm-none-eabi/9.2.1/../../../../arm-none-eabi/lib/thumb/v7e-m/nofp\libg_nano.a(lib_a-init.o)
 .ARM.attributes
                0x0800990b       0x2e d:/project/coffee/ide/tools/gnu tools arm embedded/xpack-arm-none-eabi-gcc/9.2.1-1.1/bin/../lib/gcc/arm-none-eabi/9.2.1/../../../../arm-none-eabi/lib/thumb/v7e-m/nofp\libg_nano.a(lib_a-memset.o)
 .ARM.attributes
                0x08009939       0x2e d:/project/coffee/ide/tools/gnu tools arm embedded/xpack-arm-none-eabi-gcc/9.2.1-1.1/bin/../lib/gcc/arm-none-eabi/9.2.1/../../../../arm-none-eabi/lib/thumb/v7e-m/nofp\libg_nano.a(lib_a-printf.o)
 .ARM.attributes
                0x08009967       0x2e d:/project/coffee/ide/tools/gnu tools arm embedded/xpack-arm-none-eabi-gcc/9.2.1-1.1/bin/../lib/gcc/arm-none-eabi/9.2.1/../../../../arm-none-eabi/lib/thumb/v7e-m/nofp\libg_nano.a(lib_a-reent.o)
 .ARM.attributes
                0x08009995       0x2e d:/project/coffee/ide/tools/gnu tools arm embedded/xpack-arm-none-eabi-gcc/9.2.1-1.1/bin/../lib/gcc/arm-none-eabi/9.2.1/../../../../arm-none-eabi/lib/thumb/v7e-m/nofp\libg_nano.a(lib_a-findfp.o)
 .ARM.attributes
                0x080099c3       0x2e d:/project/coffee/ide/tools/gnu tools arm embedded/xpack-arm-none-eabi-gcc/9.2.1-1.1/bin/../lib/gcc/arm-none-eabi/9.2.1/../../../../arm-none-eabi/lib/thumb/v7e-m/nofp\libg_nano.a(lib_a-fwalk.o)
 .ARM.attributes
                0x080099f1       0x2e d:/project/coffee/ide/tools/gnu tools arm embedded/xpack-arm-none-eabi-gcc/9.2.1-1.1/bin/../lib/gcc/arm-none-eabi/9.2.1/../../../../arm-none-eabi/lib/thumb/v7e-m/nofp\libg_nano.a(lib_a-lock.o)
 .ARM.attributes
                0x08009a1f       0x2e d:/project/coffee/ide/tools/gnu tools arm embedded/xpack-arm-none-eabi-gcc/9.2.1-1.1/bin/../lib/gcc/arm-none-eabi/9.2.1/../../../../arm-none-eabi/lib/thumb/v7e-m/nofp\libg_nano.a(lib_a-nano-freer.o)
 .ARM.attributes
                0x08009a4d       0x2e d:/project/coffee/ide/tools/gnu tools arm embedded/xpack-arm-none-eabi-gcc/9.2.1-1.1/bin/../lib/gcc/arm-none-eabi/9.2.1/../../../../arm-none-eabi/lib/thumb/v7e-m/nofp\libg_nano.a(lib_a-nano-mallocr.o)
 .ARM.attributes
                0x08009a7b       0x2e d:/project/coffee/ide/tools/gnu tools arm embedded/xpack-arm-none-eabi-gcc/9.2.1-1.1/bin/../lib/gcc/arm-none-eabi/9.2.1/../../../../arm-none-eabi/lib/thumb/v7e-m/nofp\libg_nano.a(lib_a-nano-vfprintf.o)
 .ARM.attributes
                0x08009aa9       0x2e d:/project/coffee/ide/tools/gnu tools arm embedded/xpack-arm-none-eabi-gcc/9.2.1-1.1/bin/../lib/gcc/arm-none-eabi/9.2.1/../../../../arm-none-eabi/lib/thumb/v7e-m/nofp\libg_nano.a(lib_a-nano-vfprintf_i.o)
 .ARM.attributes
                0x08009ad7       0x2e d:/project/coffee/ide/tools/gnu tools arm embedded/xpack-arm-none-eabi-gcc/9.2.1-1.1/bin/../lib/gcc/arm-none-eabi/9.2.1/../../../../arm-none-eabi/lib/thumb/v7e-m/nofp\libg_nano.a(lib_a-sbrkr.o)
 .ARM.attributes
                0x08009b05       0x2e d:/project/coffee/ide/tools/gnu tools arm embedded/xpack-arm-none-eabi-gcc/9.2.1-1.1/bin/../lib/gcc/arm-none-eabi/9.2.1/../../../../arm-none-eabi/lib/thumb/v7e-m/nofp\libg_nano.a(lib_a-stdio.o)
 .ARM.attributes
                0x08009b33       0x2e d:/project/coffee/ide/tools/gnu tools arm embedded/xpack-arm-none-eabi-gcc/9.2.1-1.1/bin/../lib/gcc/arm-none-eabi/9.2.1/../../../../arm-none-eabi/lib/thumb/v7e-m/nofp\libg_nano.a(lib_a-wbuf.o)
 .ARM.attributes
                0x08009b61       0x2e d:/project/coffee/ide/tools/gnu tools arm embedded/xpack-arm-none-eabi-gcc/9.2.1-1.1/bin/../lib/gcc/arm-none-eabi/9.2.1/../../../../arm-none-eabi/lib/thumb/v7e-m/nofp\libg_nano.a(lib_a-writer.o)
 .ARM.attributes
                0x08009b8f       0x2e d:/project/coffee/ide/tools/gnu tools arm embedded/xpack-arm-none-eabi-gcc/9.2.1-1.1/bin/../lib/gcc/arm-none-eabi/9.2.1/../../../../arm-none-eabi/lib/thumb/v7e-m/nofp\libg_nano.a(lib_a-wsetup.o)
 .ARM.attributes
                0x08009bbd       0x2e d:/project/coffee/ide/tools/gnu tools arm embedded/xpack-arm-none-eabi-gcc/9.2.1-1.1/bin/../lib/gcc/arm-none-eabi/9.2.1/../../../../arm-none-eabi/lib/thumb/v7e-m/nofp\libg_nano.a(lib_a-closer.o)
 .ARM.attributes
                0x08009beb       0x2e d:/project/coffee/ide/tools/gnu tools arm embedded/xpack-arm-none-eabi-gcc/9.2.1-1.1/bin/../lib/gcc/arm-none-eabi/9.2.1/../../../../arm-none-eabi/lib/thumb/v7e-m/nofp\libg_nano.a(lib_a-fflush.o)
 .ARM.attributes
                0x08009c19       0x2e d:/project/coffee/ide/tools/gnu tools arm embedded/xpack-arm-none-eabi-gcc/9.2.1-1.1/bin/../lib/gcc/arm-none-eabi/9.2.1/../../../../arm-none-eabi/lib/thumb/v7e-m/nofp\libg_nano.a(lib_a-lseekr.o)
 .ARM.attributes
                0x08009c47       0x2e d:/project/coffee/ide/tools/gnu tools arm embedded/xpack-arm-none-eabi-gcc/9.2.1-1.1/bin/../lib/gcc/arm-none-eabi/9.2.1/../../../../arm-none-eabi/lib/thumb/v7e-m/nofp\libg_nano.a(lib_a-makebuf.o)
 .ARM.attributes
                0x08009c75       0x1c d:/project/coffee/ide/tools/gnu tools arm embedded/xpack-arm-none-eabi-gcc/9.2.1-1.1/bin/../lib/gcc/arm-none-eabi/9.2.1/../../../../arm-none-eabi/lib/thumb/v7e-m/nofp\libg_nano.a(lib_a-memchr.o)
 .ARM.attributes
                0x08009c91       0x2e d:/project/coffee/ide/tools/gnu tools arm embedded/xpack-arm-none-eabi-gcc/9.2.1-1.1/bin/../lib/gcc/arm-none-eabi/9.2.1/../../../../arm-none-eabi/lib/thumb/v7e-m/nofp\libg_nano.a(lib_a-mlock.o)
 .ARM.attributes
                0x08009cbf       0x2e d:/project/coffee/ide/tools/gnu tools arm embedded/xpack-arm-none-eabi-gcc/9.2.1-1.1/bin/../lib/gcc/arm-none-eabi/9.2.1/../../../../arm-none-eabi/lib/thumb/v7e-m/nofp\libg_nano.a(lib_a-readr.o)
 .ARM.attributes
                0x08009ced       0x2e d:/project/coffee/ide/tools/gnu tools arm embedded/xpack-arm-none-eabi-gcc/9.2.1-1.1/bin/../lib/gcc/arm-none-eabi/9.2.1/../../../../arm-none-eabi/lib/thumb/v7e-m/nofp\libg_nano.a(lib_a-fstatr.o)
 .ARM.attributes
                0x08009d1b       0x2e d:/project/coffee/ide/tools/gnu tools arm embedded/xpack-arm-none-eabi-gcc/9.2.1-1.1/bin/../lib/gcc/arm-none-eabi/9.2.1/../../../../arm-none-eabi/lib/thumb/v7e-m/nofp\libg_nano.a(lib_a-isattyr.o)
 .ARM.attributes
                0x08009d49       0x1e d:/project/coffee/ide/tools/gnu tools arm embedded/xpack-arm-none-eabi-gcc/9.2.1-1.1/bin/../lib/gcc/arm-none-eabi/9.2.1/thumb/v7e-m/nofp/crtn.o

.preinit_array  0x08009368        0x0
                0x08009368                PROVIDE (__preinit_array_start = .)
 *(.preinit_array*)
                0x08009368                PROVIDE (__preinit_array_end = .)

.init_array     0x08009368        0x4
                0x08009368                PROVIDE (__init_array_start = .)
 *(SORT_BY_NAME(.init_array.*))
 *(.init_array*)
 .init_array    0x08009368        0x4 d:/project/coffee/ide/tools/gnu tools arm embedded/xpack-arm-none-eabi-gcc/9.2.1-1.1/bin/../lib/gcc/arm-none-eabi/9.2.1/thumb/v7e-m/nofp/crtbegin.o
                0x0800936c                PROVIDE (__init_array_end = .)

.fini_array     0x0800936c        0x4
                [!provide]                PROVIDE (__fini_array_start = .)
 *(.fini_array*)
 .fini_array    0x0800936c        0x4 d:/project/coffee/ide/tools/gnu tools arm embedded/xpack-arm-none-eabi-gcc/9.2.1-1.1/bin/../lib/gcc/arm-none-eabi/9.2.1/thumb/v7e-m/nofp/crtbegin.o
 *(SORT_BY_NAME(.fini_array.*))
                [!provide]                PROVIDE (__fini_array_end = .)
                0x08009370                _sidata = LOADADDR (.data)

.data           0x20000000       0x6c load address 0x08009370
                0x20000000                . = ALIGN (0x4)
                0x20000000                _sdata = .
 *(.data)
 *(.data*)
 .data.curbrk.6120
                0x20000000        0x4 ./Firmware/CMSIS/GD/GD32F30x/Source/syscalls.o
 .data.SystemCoreClock
                0x20000004        0x4 ./Firmware/CMSIS/GD/GD32F30x/Source/system_gd32f30x.o
                0x20000004                SystemCoreClock
 .data._impure_ptr
                0x20000008        0x4 d:/project/coffee/ide/tools/gnu tools arm embedded/xpack-arm-none-eabi-gcc/9.2.1-1.1/bin/../lib/gcc/arm-none-eabi/9.2.1/../../../../arm-none-eabi/lib/thumb/v7e-m/nofp\libg_nano.a(lib_a-impure.o)
                0x20000008                _impure_ptr
 .data.impure_data
                0x2000000c       0x60 d:/project/coffee/ide/tools/gnu tools arm embedded/xpack-arm-none-eabi-gcc/9.2.1-1.1/bin/../lib/gcc/arm-none-eabi/9.2.1/../../../../arm-none-eabi/lib/thumb/v7e-m/nofp\libg_nano.a(lib_a-impure.o)
                0x2000006c                . = ALIGN (0x4)
                0x2000006c                _edata = .

.igot.plt       0x2000006c        0x0 load address 0x080093dc
 .igot.plt      0x2000006c        0x0 d:/project/coffee/ide/tools/gnu tools arm embedded/xpack-arm-none-eabi-gcc/9.2.1-1.1/bin/../lib/gcc/arm-none-eabi/9.2.1/thumb/v7e-m/nofp/crtbegin.o
                0x2000006c                . = ALIGN (0x4)

.bss            0x2000006c      0x318 load address 0x080093dc
                0x2000006c                . = ALIGN (0x4)
                0x2000006c                _sbss = .
                0x2000006c                __bss_start__ = _sbss
 *(.bss)
 *(.bss*)
 .bss.completed.8911
                0x2000006c        0x1 d:/project/coffee/ide/tools/gnu tools arm embedded/xpack-arm-none-eabi-gcc/9.2.1-1.1/bin/../lib/gcc/arm-none-eabi/9.2.1/thumb/v7e-m/nofp/crtbegin.o
 *fill*         0x2000006d        0x3 
 .bss.object.8916
                0x20000070       0x18 d:/project/coffee/ide/tools/gnu tools arm embedded/xpack-arm-none-eabi-gcc/9.2.1-1.1/bin/../lib/gcc/arm-none-eabi/9.2.1/thumb/v7e-m/nofp/crtbegin.o
 .bss.delay     0x20000088        0x4 ./src/systick.o
 .bss.target_phase_delay_us
                0x2000008c        0x2 ./app/acmotor.o
                0x2000008c                target_phase_delay_us
 .bss.current_phase_delay_us
                0x2000008e        0x2 ./app/acmotor.o
                0x2000008e                current_phase_delay_us
 .bss.target_speed_rpm
                0x20000090        0x2 ./app/acmotor.o
                0x20000090                target_speed_rpm
 .bss.current_speed_rpm
                0x20000092        0x2 ./app/acmotor.o
                0x20000092                current_speed_rpm
 .bss.last_zero_cross_tick_ms
                0x20000094        0x4 ./app/acmotor.o
                0x20000094                last_zero_cross_tick_ms
 .bss.last_feedback_tick_ms
                0x20000098        0x4 ./app/acmotor.o
                0x20000098                last_feedback_tick_ms
 .bss.last_capture_value
                0x2000009c        0x4 ./app/acmotor.o
                0x2000009c                last_capture_value
 .bss.current_period_us
                0x200000a0        0x4 ./app/acmotor.o
                0x200000a0                current_period_us
 .bss.sta.8820  0x200000a4        0x1 ./app/app.o
 .bss.sta.8837  0x200000a5        0x1 ./app/app.o
 .bss.sta.8854  0x200000a6        0x1 ./app/app.o
 .bss.sta.8869  0x200000a7        0x1 ./app/app.o
 .bss.sta.8882  0x200000a8        0x1 ./app/app.o
 .bss.sta.8896  0x200000a9        0x1 ./app/app.o
 .bss.sta.8907  0x200000aa        0x1 ./app/app.o
 .bss.motor_state
                0x200000ab        0x1 ./app/dcmotor.o
 .bss.chksum.7746
                0x200000ac        0x1 ./app/usart.o
 .bss.stateFlow.7749
                0x200000ad        0x1 ./app/usart.o
 .bss.len.7747  0x200000ae        0x1 ./app/usart.o
 .bss.size.7748
                0x200000af        0x1 ./app/usart.o
 .bss.__malloc_free_list
                0x200000b0        0x4 d:/project/coffee/ide/tools/gnu tools arm embedded/xpack-arm-none-eabi-gcc/9.2.1-1.1/bin/../lib/gcc/arm-none-eabi/9.2.1/../../../../arm-none-eabi/lib/thumb/v7e-m/nofp\libg_nano.a(lib_a-nano-mallocr.o)
                0x200000b0                __malloc_free_list
 .bss.__malloc_sbrk_start
                0x200000b4        0x4 d:/project/coffee/ide/tools/gnu tools arm embedded/xpack-arm-none-eabi-gcc/9.2.1-1.1/bin/../lib/gcc/arm-none-eabi/9.2.1/../../../../arm-none-eabi/lib/thumb/v7e-m/nofp\libg_nano.a(lib_a-nano-mallocr.o)
                0x200000b4                __malloc_sbrk_start
 *(COMMON)
 COMMON         0x200000b8        0x4 ./src/systick.o
                0x200000b8                uwTick
 COMMON         0x200000bc      0x150 ./osal/os_lyh_core.o
                0x200000bc                overTimeStruct
                0x200001bc                tasksPendMask
                0x200001c0                tasksArr
                0x200001d0                thisPt
                0x200001d4                eventMap
                0x200001e4                taskDelayCounter
                0x200001f4                PreTicks
                0x200001f8                thisTask
                0x200001fc                taskseventArr
 COMMON         0x2000020c        0x6 ./app/acmotor.o
                0x2000020c                pumb_motor_duty
                0x2000020d                pumb_motor_state
                0x2000020e                grind_motor_state
                0x2000020f                motor_error
                0x20000210                pumb_motor_mode
                0x20000211                heat_motor_state
 *fill*         0x20000212        0x2 
 COMMON         0x20000214        0xe ./app/adc.o
                0x20000214                adc_value
                0x20000220                ac_max_value
 *fill*         0x20000222        0x2 
 COMMON         0x20000224       0x12 ./app/app.o
                0x20000224                app_task_step
                0x20000225                Buzzer_times
                0x20000226                app_id
                0x20000228                run_max_time
                0x2000022a                Leds_loop_run
                0x2000022c                drop_beans_time
                0x2000022e                turn_off_flag
                0x2000022f                CERRNT_STATE
                0x20000230                manual_setup
                0x20000233                flush_flag
                0x20000234                cup_loop
                0x20000235                app_task_substep
 COMMON         0x20000236        0x3 ./app/bus.o
                0x20000236                bus_dbg_period
                0x20000237                bus_id
                0x20000238                bus_task_step
 *fill*         0x20000239        0x3 
 COMMON         0x2000023c        0x4 ./app/display.o
                0x2000023c                virtul_led
 COMMON         0x20000240        0x5 ./app/heat.o
                0x20000240                heat_task_step
                0x20000242                target_temp
                0x20000244                heat_id
 *fill*         0x20000245        0x3 
 COMMON         0x20000248       0x6a ./app/keyboard.o
                0x20000248                keyboard_task_step
                0x20000249                keyboard_id
                0x2000024c                keyinfo
                0x200002b0                keyTouch_in
 *fill*         0x200002b2        0x2 
 COMMON         0x200002b4       0xbe ./app/usart.o
                0x200002b4                com2rx_counter
                0x200002b8                com2rx_buffer
                0x200002f8                com2rx_r_counter
                0x200002fc                com2rx_frame
                0x2000033c                com1rx_frame
                0x2000034c                com1tx_buffer
                0x2000035c                com1rx_counter
                0x20000360                com1rx_buffer
                0x20000370                com2rx_w_counter
 *fill*         0x20000372        0x2 
 COMMON         0x20000374        0x4 d:/project/coffee/ide/tools/gnu tools arm embedded/xpack-arm-none-eabi-gcc/9.2.1-1.1/bin/../lib/gcc/arm-none-eabi/9.2.1/../../../../arm-none-eabi/lib/thumb/v7e-m/nofp\libg_nano.a(lib_a-reent.o)
                0x20000374                errno
 COMMON         0x20000378        0x9 d:/project/coffee/ide/tools/gnu tools arm embedded/xpack-arm-none-eabi-gcc/9.2.1-1.1/bin/../lib/gcc/arm-none-eabi/9.2.1/../../../../arm-none-eabi/lib/thumb/v7e-m/nofp\libg_nano.a(lib_a-lock.o)
                0x20000378                __lock___atexit_recursive_mutex
                0x20000379                __lock___arc4random_mutex
                0x2000037a                __lock___env_recursive_mutex
                0x2000037b                __lock___sinit_recursive_mutex
                0x2000037c                __lock___malloc_recursive_mutex
                0x2000037d                __lock___at_quick_exit_mutex
                0x2000037e                __lock___dd_hash_mutex
                0x2000037f                __lock___tz_mutex
                0x20000380                __lock___sfp_recursive_mutex
                0x20000384                . = ALIGN (0x4)
 *fill*         0x20000381        0x3 
                0x20000384                _ebss = .
                0x20000384                __bss_end__ = _ebss

.heap_stack     0x20000384      0xc04 load address 0x080093dc
                0x20000388                . = ALIGN (0x8)
 *fill*         0x20000384        0x4 
                [!provide]                PROVIDE (end = _ebss)
                0x20000384                PROVIDE (_end = _ebss)
                0x20000788                . = (. + __heap_size)
 *fill*         0x20000388      0x400 
                0x20000788                PROVIDE (_heap_end = .)
                0x20000f88                . = (. + __stack_size)
 *fill*         0x20000788      0x800 
                0x20000f88                PROVIDE (_sp = .)
                0x20000f88                . = ALIGN (0x8)
START GROUP
LOAD d:/project/coffee/ide/tools/gnu tools arm embedded/xpack-arm-none-eabi-gcc/9.2.1-1.1/bin/../lib/gcc/arm-none-eabi/9.2.1/thumb/v7e-m/nofp\libgcc.a
LOAD d:/project/coffee/ide/tools/gnu tools arm embedded/xpack-arm-none-eabi-gcc/9.2.1-1.1/bin/../lib/gcc/arm-none-eabi/9.2.1/../../../../arm-none-eabi/lib/thumb/v7e-m/nofp\libc.a
LOAD d:/project/coffee/ide/tools/gnu tools arm embedded/xpack-arm-none-eabi-gcc/9.2.1-1.1/bin/../lib/gcc/arm-none-eabi/9.2.1/../../../../arm-none-eabi/lib/thumb/v7e-m/nofp\libm.a
LOAD d:/project/coffee/ide/tools/gnu tools arm embedded/xpack-arm-none-eabi-gcc/9.2.1-1.1/bin/../lib/gcc/arm-none-eabi/9.2.1/../../../../arm-none-eabi/lib/thumb/v7e-m/nofp\libnosys.a
END GROUP
OUTPUT(source.elf elf32-littlearm)

.debug_info     0x00000000    0x120eb
 .debug_info    0x00000000      0x6ae ./src/gd32f30x_it.o
 .debug_info    0x000006ae      0xd69 ./src/main.o
 .debug_info    0x00001417      0x6bb ./src/systick.o
 .debug_info    0x00001ad2      0xde8 ./osal/os_lyh_core.o
 .debug_info    0x000028ba       0x22 ./gcc_startup/startup_gd32f30x_hd.o
 .debug_info    0x000028dc     0x153a ./app/acmotor.o
 .debug_info    0x00003e16      0x42f ./app/adc.o
 .debug_info    0x00004245     0x1a88 ./app/app.o
 .debug_info    0x00005ccd      0xc00 ./app/bus.o
 .debug_info    0x000068cd      0xd42 ./app/dcmotor.o
 .debug_info    0x0000760f      0x30c ./app/display.o
 .debug_info    0x0000791b      0x4a6 ./app/extint.o
 .debug_info    0x00007dc1      0x24c ./app/gpio.o
 .debug_info    0x0000800d      0xe21 ./app/heat.o
 .debug_info    0x00008e2e      0xd55 ./app/keyboard.o
 .debug_info    0x00009b83      0x67d ./app/timer.o
 .debug_info    0x0000a200      0xaf2 ./app/usart.o
 .debug_info    0x0000acf2      0xa82 ./Firmware/GD32F30x_standard_peripheral/Source/gd32f30x_adc.o
 .debug_info    0x0000b774     0x1216 ./Firmware/GD32F30x_standard_peripheral/Source/gd32f30x_dma.o
 .debug_info    0x0000c98a      0x3c2 ./Firmware/GD32F30x_standard_peripheral/Source/gd32f30x_exti.o
 .debug_info    0x0000cd4c      0x299 ./Firmware/GD32F30x_standard_peripheral/Source/gd32f30x_fwdgt.o
 .debug_info    0x0000cfe5      0x686 ./Firmware/GD32F30x_standard_peripheral/Source/gd32f30x_gpio.o
 .debug_info    0x0000d66b      0x74e ./Firmware/GD32F30x_standard_peripheral/Source/gd32f30x_misc.o
 .debug_info    0x0000ddb9      0xd93 ./Firmware/GD32F30x_standard_peripheral/Source/gd32f30x_rcu.o
 .debug_info    0x0000eb4c     0x142b ./Firmware/GD32F30x_standard_peripheral/Source/gd32f30x_timer.o
 .debug_info    0x0000ff77      0xded ./Firmware/GD32F30x_standard_peripheral/Source/gd32f30x_usart.o
 .debug_info    0x00010d64     0x10ce ./Firmware/CMSIS/GD/GD32F30x/Source/syscalls.o
 .debug_info    0x00011e32      0x2b9 ./Firmware/CMSIS/GD/GD32F30x/Source/system_gd32f30x.o

.debug_abbrev   0x00000000     0x382e
 .debug_abbrev  0x00000000      0x17c ./src/gd32f30x_it.o
 .debug_abbrev  0x0000017c      0x268 ./src/main.o
 .debug_abbrev  0x000003e4      0x1ef ./src/systick.o
 .debug_abbrev  0x000005d3      0x2e6 ./osal/os_lyh_core.o
 .debug_abbrev  0x000008b9       0x12 ./gcc_startup/startup_gd32f30x_hd.o
 .debug_abbrev  0x000008cb      0x3d4 ./app/acmotor.o
 .debug_abbrev  0x00000c9f      0x171 ./app/adc.o
 .debug_abbrev  0x00000e10      0x406 ./app/app.o
 .debug_abbrev  0x00001216      0x2b1 ./app/bus.o
 .debug_abbrev  0x000014c7      0x2b8 ./app/dcmotor.o
 .debug_abbrev  0x0000177f      0x1a5 ./app/display.o
 .debug_abbrev  0x00001924       0xe2 ./app/extint.o
 .debug_abbrev  0x00001a06       0xa8 ./app/gpio.o
 .debug_abbrev  0x00001aae      0x2c4 ./app/heat.o
 .debug_abbrev  0x00001d72      0x315 ./app/keyboard.o
 .debug_abbrev  0x00002087      0x18e ./app/timer.o
 .debug_abbrev  0x00002215      0x267 ./app/usart.o
 .debug_abbrev  0x0000247c      0x190 ./Firmware/GD32F30x_standard_peripheral/Source/gd32f30x_adc.o
 .debug_abbrev  0x0000260c      0x32e ./Firmware/GD32F30x_standard_peripheral/Source/gd32f30x_dma.o
 .debug_abbrev  0x0000293a      0x127 ./Firmware/GD32F30x_standard_peripheral/Source/gd32f30x_exti.o
 .debug_abbrev  0x00002a61       0xf7 ./Firmware/GD32F30x_standard_peripheral/Source/gd32f30x_fwdgt.o
 .debug_abbrev  0x00002b58      0x1ee ./Firmware/GD32F30x_standard_peripheral/Source/gd32f30x_gpio.o
 .debug_abbrev  0x00002d46      0x19f ./Firmware/GD32F30x_standard_peripheral/Source/gd32f30x_misc.o
 .debug_abbrev  0x00002ee5      0x1c0 ./Firmware/GD32F30x_standard_peripheral/Source/gd32f30x_rcu.o
 .debug_abbrev  0x000030a5      0x1b0 ./Firmware/GD32F30x_standard_peripheral/Source/gd32f30x_timer.o
 .debug_abbrev  0x00003255      0x1a3 ./Firmware/GD32F30x_standard_peripheral/Source/gd32f30x_usart.o
 .debug_abbrev  0x000033f8      0x29c ./Firmware/CMSIS/GD/GD32F30x/Source/syscalls.o
 .debug_abbrev  0x00003694      0x19a ./Firmware/CMSIS/GD/GD32F30x/Source/system_gd32f30x.o

.debug_aranges  0x00000000     0x11f0
 .debug_aranges
                0x00000000       0xa8 ./src/gd32f30x_it.o
 .debug_aranges
                0x000000a8       0x30 ./src/main.o
 .debug_aranges
                0x000000d8       0x40 ./src/systick.o
 .debug_aranges
                0x00000118       0x70 ./osal/os_lyh_core.o
 .debug_aranges
                0x00000188       0x28 ./gcc_startup/startup_gd32f30x_hd.o
 .debug_aranges
                0x000001b0      0x100 ./app/acmotor.o
 .debug_aranges
                0x000002b0       0x50 ./app/adc.o
 .debug_aranges
                0x00000300      0x248 ./app/app.o
 .debug_aranges
                0x00000548       0x38 ./app/bus.o
 .debug_aranges
                0x00000580       0x50 ./app/dcmotor.o
 .debug_aranges